/COM,ANSYS RELEASE 2026 R1           BUILD 26.1      UP20260202       15:56:53
/COM,ANSYS RELEASE 2026 R1           BUILD 26.1      UP20260202       15:58:25

 *** ERROR ***                           ELAPSED TIME =      13.893   TIME= 15:58:39
 Real constant set 50000 undefined but referenced by element 400004.     

 *** ERROR ***                           ELAPSED TIME =      13.893   TIME= 15:58:39
 Real constant set 50000 undefined but referenced by element 400005.     

 *** ERROR ***                           ELAPSED TIME =      13.893   TIME= 15:58:39
 Real constant set 50000 undefined but referenced by element 400006.     

 *** ERROR ***                           ELAPSED TIME =      13.893   TIME= 15:58:39
 Real constant set 50000 undefined but referenced by element 400007.     

 *** ERROR ***                           ELAPSED TIME =      13.893   TIME= 15:58:39
 Real constant set 50000 undefined but referenced by element 400008.     

 *** ERROR ***                           ELAPSED TIME =      13.893   TIME= 15:58:39
 Real constant set 50000 undefined but referenced by element 400009.     

 *** ERROR ***                           ELAPSED TIME =      13.893   TIME= 15:58:39
 Real constant set 50000 undefined but referenced by element 400010.     

 *** ERROR ***                           ELAPSED TIME =      13.893   TIME= 15:58:39
 Real constant set 50000 undefined but referenced by element 400011.     

 *** ERROR ***                           ELAPSED TIME =      13.893   TIME= 15:58:39
 Real constant set 50000 undefined but referenced by element 400012.     

 *** ERROR ***                           ELAPSED TIME =      13.893   TIME= 15:58:39
 Real constant set 50000 undefined but referenced by element 400013.     

 *** ERROR ***                           ELAPSED TIME =      13.894   TIME= 15:58:39
 Real constant set 50000 undefined but referenced by element 400014.     

 *** ERROR ***                           ELAPSED TIME =      13.894   TIME= 15:58:39
 Real constant set 50000 undefined but referenced by element 400015.     

 *** ERROR ***                           ELAPSED TIME =      13.894   TIME= 15:58:39
 Real constant set 50001 undefined but referenced by element 400016.     

 *** ERROR ***                           ELAPSED TIME =      13.894   TIME= 15:58:39
 Real constant set 50001 undefined but referenced by element 400017.     

 *** ERROR ***                           ELAPSED TIME =      13.894   TIME= 15:58:39
 Real constant set 50001 undefined but referenced by element 400018.     

 *** ERROR ***                           ELAPSED TIME =      13.894   TIME= 15:58:39
 Real constant set 50001 undefined but referenced by element 400019.     

 *** ERROR ***                           ELAPSED TIME =      13.894   TIME= 15:58:39
 Real constant set 50001 undefined but referenced by element 400020.     

 *** ERROR ***                           ELAPSED TIME =      13.894   TIME= 15:58:39
 Real constant set 50001 undefined but referenced by element 400021.     

 *** ERROR ***                           ELAPSED TIME =      13.894   TIME= 15:58:39
 Real constant set 50001 undefined but referenced by element 400022.     

 *** ERROR ***                           ELAPSED TIME =      13.894   TIME= 15:58:39
 Real constant set 50001 undefined but referenced by element 400023.     

 *** ERROR ***                           ELAPSED TIME =      13.894   TIME= 15:58:39
 Real constant set 50001 undefined but referenced by element 400024.     

 *** ERROR ***                           ELAPSED TIME =      13.894   TIME= 15:58:39
 Real constant set 50001 undefined but referenced by element 400025.     

 *** ERROR ***                           ELAPSED TIME =      13.894   TIME= 15:58:39
 Real constant set 50001 undefined but referenced by element 400026.     

 *** ERROR ***                           ELAPSED TIME =      13.894   TIME= 15:58:39
 Real constant set 50001 undefined but referenced by element 400027.     

 *** ERROR ***                           ELAPSED TIME =      13.894   TIME= 15:58:39
 Real constant set 50001 undefined but referenced by element 400028.     

 *** ERROR ***                           ELAPSED TIME =      13.894   TIME= 15:58:39
 Real constant set 50001 undefined but referenced by element 400029.     

 *** ERROR ***                           ELAPSED TIME =      13.894   TIME= 15:58:39
 Real constant set 50001 undefined but referenced by element 400030.     

 *** ERROR ***                           ELAPSED TIME =      13.894   TIME= 15:58:39
 Real constant set 50001 undefined but referenced by element 400031.     

 *** WARNING ***                         ELAPSED TIME =      13.927   TIME= 15:58:39
 Constraint equations may not be valid for elements that undergo large   
 deflections.                                                            

 *** ERROR ***                           ELAPSED TIME =      13.958   TIME= 15:58:39
 The model data was checked and there were errors found.                 
  Please check output or errors file (                                   
 D:\张靖皋大桥\03_猫道动力分析\附件2-3全模态精确对齐_V2.0\ultra_runs\D10 
 _DOWNPULL_20260827T075458947752Z\solver\cw_D10x_0827t075458.err ) for   
 messages.                                                               
/COM,ANSYS RELEASE 2026 R1           BUILD 26.1      UP20260202       16:00:40

 *** WARNING ***                         ELAPSED TIME =      14.443   TIME= 16:00:54
 Constraint equations may not be valid for elements that undergo large   
 deflections.                                                            

 *** WARNING ***                         ELAPSED TIME =      50.590   TIME= 16:01:31
 An error has occurred writing to file unit = 3 which may imply a full   
 disk.                                                                   
 The system I/O error = 28.  Please refer to your system documentation   
 on I/O errors.                                                          
                                                                         
                                                                         
/COM,ANSYS RELEASE 2026 R1           BUILD 26.1      UP20260202       16:02:27

 *** WARNING ***                         ELAPSED TIME =      13.887   TIME= 16:02:41
 Constraint equations may not be valid for elements that undergo large   
 deflections.                                                            

 *** WARNING ***                         ELAPSED TIME =      28.503   TIME= 16:02:55
 Coefficient ratio exceeds 1.0e8 - Check results.                        

 *** WARNING ***                         ELAPSED TIME =      75.600   TIME= 16:03:43
 A reference moment value times the tolerance is used by the             
 Newton-Raphson method for checking convergence.  The calculated         
 reference MOMENT CONVERGENCE VALUE = 0.110392334 is less than a         
 threshold.  This threshold is internally calculated.  You can           
 overwrite it by specifying MINREF on the CNVTOL command.  Check         
 results carefully.                                                      

 *** WARNING ***                         ELAPSED TIME =    2601.715   TIME= 16:45:49
 A reference moment value times the tolerance is used by the             
 Newton-Raphson method for checking convergence.  The calculated         
 reference MOMENT CONVERGENCE VALUE = 203.612366 is less than a          
 threshold.  This threshold is internally calculated.  You can           
 overwrite it by specifying MINREF on the CNVTOL command.  Check         
 results carefully.                                                      
/COM,ANSYS RELEASE 2026 R1           BUILD 26.1      UP20260202       20:53:01
/COM,ANSYS RELEASE 2026 R1           BUILD 26.1      UP20260202       21:31:21
