
************************************************************

CalculiX Version 2.21, Copyright(C) 1998-2023 Guido Dhondt
CalculiX comes with ABSOLUTELY NO WARRANTY. This is free
software, and you are welcome to redistribute it under
certain conditions, see gpl.htm

************************************************************

You are using an executable made on Sat Jul 29 10:52:01 CEST 2023
 Decascading the MPC's

 *INFO in cascade: linear MPCs and
       nonlinear MPCs depend on each other
       common node: 1399 in direction 2

 increment 1 attempt 1 
 increment size= 1.000000e+00
 sum of previous increments=0.000000e+00
 actual step time=1.000000e+00
 actual total time=1.000000e+00

 iteration 1

 Decascading the MPC's

 *INFO in cascade: linear MPCs and
       nonlinear MPCs depend on each other
       common node: 1399 in direction 2

 Determining the structure of the matrix:

 Using up to 1 cpu(s) for setting up the structure of the matrix.
 number of equations
 32035
 number of nonzero lower triangular matrix elements
 523275

 Using up to 1 cpu(s) for the stress calculation.

 Using up to 1 cpu(s) for the symmetric stiffness/mass contributions.

 Factoring the system of equations using the symmetric spooles solver
 Using 1 cpu for spooles.

 Using up to 1 cpu(s) for the stress calculation.

 average force= 6690682.460928
 time avg. forc= 6690682.460928
 largest residual force= 836433028.297877 in node 605 and dof 3
 largest increment of disp= 1.619537e+04
 largest correction to disp= 1.619537e+04 in node 302 and dof 3

 no convergence

 iteration 2

 Decascading the MPC's

 *INFO in cascade: linear MPCs and
       nonlinear MPCs depend on each other
       common node: 1399 in direction 2

 Determining the structure of the matrix:

 Using up to 1 cpu(s) for setting up the structure of the matrix.
 number of equations
 32035
 number of nonzero lower triangular matrix elements
 523275

 Using up to 1 cpu(s) for the stress calculation.

 Using up to 1 cpu(s) for the symmetric stiffness/mass contributions.

 Factoring the system of equations using the symmetric spooles solver
 Using 1 cpu for spooles.

 Using up to 1 cpu(s) for the stress calculation.

 average force= 1899240.670122
 time avg. forc= 1899240.670122
 largest residual force= 1780727889.602096 in node 1223 and dof 3
 largest increment of disp= 1.619537e+04
 largest correction to disp= 4.609732e+03 in node 1315 and dof 3

 no convergence

 iteration 3

 Decascading the MPC's

 *INFO in cascade: linear MPCs and
       nonlinear MPCs depend on each other
       common node: 1399 in direction 2

 Determining the structure of the matrix:

 Using up to 1 cpu(s) for setting up the structure of the matrix.
 number of equations
 32035
 number of nonzero lower triangular matrix elements
 523275

 Using up to 1 cpu(s) for the stress calculation.

 Using up to 1 cpu(s) for the symmetric stiffness/mass contributions.

 Factoring the system of equations using the symmetric spooles solver
 Using 1 cpu for spooles.

 Using up to 1 cpu(s) for the stress calculation.

 average force= 60003528.774323
 time avg. forc= 60003528.774323
 largest residual force= 245594342976.305054 in node 1072 and dof 3
 largest increment of disp= 1.619537e+04
 largest correction to disp= 1.220559e+04 in node 1068 and dof 3

 no convergence

 iteration 4

 Decascading the MPC's

 *INFO in cascade: linear MPCs and
       nonlinear MPCs depend on each other
       common node: 1399 in direction 2

 Determining the structure of the matrix:

 Using up to 1 cpu(s) for setting up the structure of the matrix.
 number of equations
 32035
 number of nonzero lower triangular matrix elements
 523275

 Using up to 1 cpu(s) for the stress calculation.

 Using up to 1 cpu(s) for the symmetric stiffness/mass contributions.

 Factoring the system of equations using the symmetric spooles solver
 Using 1 cpu for spooles.

 Using up to 1 cpu(s) for the stress calculation.

 average force= 31428845.801755
 time avg. forc= 31428845.801755
 largest residual force= 61361401523.894897 in node 1231 and dof 3
 largest increment of disp= 1.619537e+04
 largest correction to disp= 1.125039e+04 in node 1081 and dof 3

 divergence; the increment size is decreased to 2.500000e-01
 the increment is reattempted

 increment 1 attempt 2 
 increment size= 2.500000e-01
 sum of previous increments=0.000000e+00
 actual step time=2.500000e-01
 actual total time=2.500000e-01

 iteration 1

 Decascading the MPC's

 *INFO in cascade: linear MPCs and
       nonlinear MPCs depend on each other
       common node: 1399 in direction 2

 Determining the structure of the matrix:

 Using up to 1 cpu(s) for setting up the structure of the matrix.
 number of equations
 32035
 number of nonzero lower triangular matrix elements
 523275

 Using up to 1 cpu(s) for the stress calculation.

 Using up to 1 cpu(s) for the symmetric stiffness/mass contributions.

 Factoring the system of equations using the symmetric spooles solver
 Using 1 cpu for spooles.

 Using up to 1 cpu(s) for the stress calculation.

 average force= 6690682.460928
 time avg. forc= 6690682.460928
 largest residual force= 836433028.297877 in node 605 and dof 3
 largest increment of disp= 1.619537e+04
 largest correction to disp= 1.619537e+04 in node 302 and dof 3

 no convergence

 iteration 2

 Decascading the MPC's

 *INFO in cascade: linear MPCs and
       nonlinear MPCs depend on each other
       common node: 1399 in direction 2

 Determining the structure of the matrix:

 Using up to 1 cpu(s) for setting up the structure of the matrix.
 number of equations
 32035
 number of nonzero lower triangular matrix elements
 523275

 Using up to 1 cpu(s) for the stress calculation.

 Using up to 1 cpu(s) for the symmetric stiffness/mass contributions.

 Factoring the system of equations using the symmetric spooles solver
 Using 1 cpu for spooles.

 Using up to 1 cpu(s) for the stress calculation.

 average force= 1899240.670122
 time avg. forc= 1899240.670122
 largest residual force= 1780727889.602096 in node 1223 and dof 3
 largest increment of disp= 1.619537e+04
 largest correction to disp= 4.609732e+03 in node 1315 and dof 3

 no convergence

 iteration 3

 Decascading the MPC's

 *INFO in cascade: linear MPCs and
       nonlinear MPCs depend on each other
       common node: 1399 in direction 2

 Determining the structure of the matrix:

 Using up to 1 cpu(s) for setting up the structure of the matrix.
 number of equations
 32035
 number of nonzero lower triangular matrix elements
 523275

 Using up to 1 cpu(s) for the stress calculation.

 Using up to 1 cpu(s) for the symmetric stiffness/mass contributions.

 Factoring the system of equations using the symmetric spooles solver
 Using 1 cpu for spooles.

 Using up to 1 cpu(s) for the stress calculation.

 average force= 60003528.774323
 time avg. forc= 60003528.774323
 largest residual force= 245594342976.305054 in node 1072 and dof 3
 largest increment of disp= 1.619537e+04
 largest correction to disp= 1.220559e+04 in node 1068 and dof 3

 no convergence

 iteration 4

 Decascading the MPC's

 *INFO in cascade: linear MPCs and
       nonlinear MPCs depend on each other
       common node: 1399 in direction 2

 Determining the structure of the matrix:

 Using up to 1 cpu(s) for setting up the structure of the matrix.
 number of equations
 32035
 number of nonzero lower triangular matrix elements
 523275

 Using up to 1 cpu(s) for the stress calculation.

 Using up to 1 cpu(s) for the symmetric stiffness/mass contributions.

 Factoring the system of equations using the symmetric spooles solver
 Using 1 cpu for spooles.

 Using up to 1 cpu(s) for the stress calculation.

 average force= 31428845.801755
 time avg. forc= 31428845.801755
 largest residual force= 61361401523.894897 in node 1231 and dof 3
 largest increment of disp= 1.619537e+04
 largest correction to disp= 1.125039e+04 in node 1081 and dof 3

 divergence; the increment size is decreased to 6.250000e-02
 the increment is reattempted

 increment 1 attempt 3 
 increment size= 6.250000e-02
 sum of previous increments=0.000000e+00
 actual step time=6.250000e-02
 actual total time=6.250000e-02

 iteration 1

 Decascading the MPC's

 *INFO in cascade: linear MPCs and
       nonlinear MPCs depend on each other
       common node: 1399 in direction 2

 Determining the structure of the matrix:

 Using up to 1 cpu(s) for setting up the structure of the matrix.
 number of equations
 32035
 number of nonzero lower triangular matrix elements
 523275

 Using up to 1 cpu(s) for the stress calculation.

 Using up to 1 cpu(s) for the symmetric stiffness/mass contributions.

 Factoring the system of equations using the symmetric spooles solver
 Using 1 cpu for spooles.

 Using up to 1 cpu(s) for the stress calculation.

 average force= 6690682.460928
 time avg. forc= 6690682.460928
 largest residual force= 836433028.297877 in node 605 and dof 3
 largest increment of disp= 1.619537e+04
 largest correction to disp= 1.619537e+04 in node 302 and dof 3

 no convergence

 iteration 2

 Decascading the MPC's

 *INFO in cascade: linear MPCs and
       nonlinear MPCs depend on each other
       common node: 1399 in direction 2

 Determining the structure of the matrix:

 Using up to 1 cpu(s) for setting up the structure of the matrix.
 number of equations
 32035
 number of nonzero lower triangular matrix elements
 523275

 Using up to 1 cpu(s) for the stress calculation.

 Using up to 1 cpu(s) for the symmetric stiffness/mass contributions.

 Factoring the system of equations using the symmetric spooles solver
 Using 1 cpu for spooles.

 Using up to 1 cpu(s) for the stress calculation.

 average force= 1899240.670122
 time avg. forc= 1899240.670122
 largest residual force= 1780727889.602096 in node 1223 and dof 3
 largest increment of disp= 1.619537e+04
 largest correction to disp= 4.609732e+03 in node 1315 and dof 3

 no convergence

 iteration 3

 Decascading the MPC's

 *INFO in cascade: linear MPCs and
       nonlinear MPCs depend on each other
       common node: 1399 in direction 2

 Determining the structure of the matrix:

 Using up to 1 cpu(s) for setting up the structure of the matrix.
 number of equations
 32035
 number of nonzero lower triangular matrix elements
 523275

 Using up to 1 cpu(s) for the stress calculation.

 Using up to 1 cpu(s) for the symmetric stiffness/mass contributions.

 Factoring the system of equations using the symmetric spooles solver
 Using 1 cpu for spooles.

 Using up to 1 cpu(s) for the stress calculation.

 average force= 60003528.774323
 time avg. forc= 60003528.774323
 largest residual force= 245594342976.305054 in node 1072 and dof 3
 largest increment of disp= 1.619537e+04
 largest correction to disp= 1.220559e+04 in node 1068 and dof 3

 no convergence

 iteration 4

 Decascading the MPC's

 *INFO in cascade: linear MPCs and
       nonlinear MPCs depend on each other
       common node: 1399 in direction 2

 Determining the structure of the matrix:

 Using up to 1 cpu(s) for setting up the structure of the matrix.
 number of equations
 32035
 number of nonzero lower triangular matrix elements
 523275

 Using up to 1 cpu(s) for the stress calculation.

 Using up to 1 cpu(s) for the symmetric stiffness/mass contributions.

 Factoring the system of equations using the symmetric spooles solver
 Using 1 cpu for spooles.

 Using up to 1 cpu(s) for the stress calculation.

 average force= 31428845.801755
 time avg. forc= 31428845.801755
 largest residual force= 61361401523.894897 in node 1231 and dof 3
 largest increment of disp= 1.619537e+04
 largest correction to disp= 1.125039e+04 in node 1081 and dof 3

 divergence; the increment size is decreased to 1.562500e-02
 the increment is reattempted

 increment 1 attempt 4 
 increment size= 1.562500e-02
 sum of previous increments=0.000000e+00
 actual step time=1.562500e-02
 actual total time=1.562500e-02

 iteration 1

 Decascading the MPC's

 *INFO in cascade: linear MPCs and
       nonlinear MPCs depend on each other
       common node: 1399 in direction 2

 Determining the structure of the matrix:

 Using up to 1 cpu(s) for setting up the structure of the matrix.
 number of equations
 32035
 number of nonzero lower triangular matrix elements
 523275

 Using up to 1 cpu(s) for the stress calculation.

 Using up to 1 cpu(s) for the symmetric stiffness/mass contributions.

 Factoring the system of equations using the symmetric spooles solver
 Using 1 cpu for spooles.

 Using up to 1 cpu(s) for the stress calculation.

 average force= 6690682.460928
 time avg. forc= 6690682.460928
 largest residual force= 836433028.297877 in node 605 and dof 3
 largest increment of disp= 1.619537e+04
 largest correction to disp= 1.619537e+04 in node 302 and dof 3

 no convergence

 iteration 2

 Decascading the MPC's

 *INFO in cascade: linear MPCs and
       nonlinear MPCs depend on each other
       common node: 1399 in direction 2

 Determining the structure of the matrix:

 Using up to 1 cpu(s) for setting up the structure of the matrix.
 number of equations
 32035
 number of nonzero lower triangular matrix elements
 523275

 Using up to 1 cpu(s) for the stress calculation.

 Using up to 1 cpu(s) for the symmetric stiffness/mass contributions.

 Factoring the system of equations using the symmetric spooles solver
 Using 1 cpu for spooles.

 Using up to 1 cpu(s) for the stress calculation.

 average force= 1899240.670122
 time avg. forc= 1899240.670122
 largest residual force= 1780727889.602096 in node 1223 and dof 3
 largest increment of disp= 1.619537e+04
 largest correction to disp= 4.609732e+03 in node 1315 and dof 3

 no convergence

 iteration 3

 Decascading the MPC's

 *INFO in cascade: linear MPCs and
       nonlinear MPCs depend on each other
       common node: 1399 in direction 2

 Determining the structure of the matrix:

 Using up to 1 cpu(s) for setting up the structure of the matrix.
 number of equations
 32035
 number of nonzero lower triangular matrix elements
 523275

 Using up to 1 cpu(s) for the stress calculation.

 Using up to 1 cpu(s) for the symmetric stiffness/mass contributions.

 Factoring the system of equations using the symmetric spooles solver
 Using 1 cpu for spooles.

 Using up to 1 cpu(s) for the stress calculation.

 average force= 60003528.774323
 time avg. forc= 60003528.774323
 largest residual force= 245594342976.305054 in node 1072 and dof 3
 largest increment of disp= 1.619537e+04
 largest correction to disp= 1.220559e+04 in node 1068 and dof 3

 no convergence

 iteration 4

 Decascading the MPC's

 *INFO in cascade: linear MPCs and
       nonlinear MPCs depend on each other
       common node: 1399 in direction 2

 Determining the structure of the matrix:

 Using up to 1 cpu(s) for setting up the structure of the matrix.
 number of equations
 32035
 number of nonzero lower triangular matrix elements
 523275

 Using up to 1 cpu(s) for the stress calculation.

 Using up to 1 cpu(s) for the symmetric stiffness/mass contributions.

 Factoring the system of equations using the symmetric spooles solver
 Using 1 cpu for spooles.

 Using up to 1 cpu(s) for the stress calculation.

 average force= 31428845.801755
 time avg. forc= 31428845.801755
 largest residual force= 61361401523.894897 in node 1231 and dof 3
 largest increment of disp= 1.619537e+04
 largest correction to disp= 1.125039e+04 in node 1081 and dof 3

 divergence; the increment size is decreased to 3.906250e-03
 the increment is reattempted

 increment 1 attempt 5 
 increment size= 3.906250e-03
 sum of previous increments=0.000000e+00
 actual step time=3.906250e-03
 actual total time=3.906250e-03

 iteration 1

 Decascading the MPC's

 *INFO in cascade: linear MPCs and
       nonlinear MPCs depend on each other
       common node: 1399 in direction 2

 Determining the structure of the matrix:

 Using up to 1 cpu(s) for setting up the structure of the matrix.
 number of equations
 32035
 number of nonzero lower triangular matrix elements
 523275

 Using up to 1 cpu(s) for the stress calculation.

 Using up to 1 cpu(s) for the symmetric stiffness/mass contributions.

 Factoring the system of equations using the symmetric spooles solver
 Using 1 cpu for spooles.

 Using up to 1 cpu(s) for the stress calculation.

 average force= 6690682.460928
 time avg. forc= 6690682.460928
 largest residual force= 836433028.297877 in node 605 and dof 3
 largest increment of disp= 1.619537e+04
 largest correction to disp= 1.619537e+04 in node 302 and dof 3

 no convergence

 iteration 2

 Decascading the MPC's

 *INFO in cascade: linear MPCs and
       nonlinear MPCs depend on each other
       common node: 1399 in direction 2

 Determining the structure of the matrix:

 Using up to 1 cpu(s) for setting up the structure of the matrix.
 number of equations
 32035
 number of nonzero lower triangular matrix elements
 523275

 Using up to 1 cpu(s) for the stress calculation.

 Using up to 1 cpu(s) for the symmetric stiffness/mass contributions.

 Factoring the system of equations using the symmetric spooles solver
 Using 1 cpu for spooles.

 Using up to 1 cpu(s) for the stress calculation.

 average force= 1899240.670122
 time avg. forc= 1899240.670122
 largest residual force= 1780727889.602096 in node 1223 and dof 3
 largest increment of disp= 1.619537e+04
 largest correction to disp= 4.609732e+03 in node 1315 and dof 3

 no convergence

 iteration 3

 Decascading the MPC's

 *INFO in cascade: linear MPCs and
       nonlinear MPCs depend on each other
       common node: 1399 in direction 2

 Determining the structure of the matrix:

 Using up to 1 cpu(s) for setting up the structure of the matrix.
 number of equations
 32035
 number of nonzero lower triangular matrix elements
 523275

 Using up to 1 cpu(s) for the stress calculation.

 Using up to 1 cpu(s) for the symmetric stiffness/mass contributions.

 Factoring the system of equations using the symmetric spooles solver
 Using 1 cpu for spooles.

 Using up to 1 cpu(s) for the stress calculation.

 average force= 60003528.774323
 time avg. forc= 60003528.774323
 largest residual force= 245594342976.305054 in node 1072 and dof 3
 largest increment of disp= 1.619537e+04
 largest correction to disp= 1.220559e+04 in node 1068 and dof 3

 no convergence

 iteration 4

 Decascading the MPC's

 *INFO in cascade: linear MPCs and
       nonlinear MPCs depend on each other
       common node: 1399 in direction 2

 Determining the structure of the matrix:

 Using up to 1 cpu(s) for setting up the structure of the matrix.
 number of equations
 32035
 number of nonzero lower triangular matrix elements
 523275

 Using up to 1 cpu(s) for the stress calculation.

 Using up to 1 cpu(s) for the symmetric stiffness/mass contributions.

 Factoring the system of equations using the symmetric spooles solver
 Using 1 cpu for spooles.

 Using up to 1 cpu(s) for the stress calculation.

 average force= 31428845.801755
 time avg. forc= 31428845.801755
 largest residual force= 61361401523.894897 in node 1231 and dof 3
 largest increment of disp= 1.619537e+04
 largest correction to disp= 1.125039e+04 in node 1081 and dof 3

 divergence; the increment size is decreased to 9.765625e-04
 the increment is reattempted

 increment 1 attempt 6 
 increment size= 9.765625e-04
 sum of previous increments=0.000000e+00
 actual step time=9.765625e-04
 actual total time=9.765625e-04

 iteration 1

 Decascading the MPC's

 *INFO in cascade: linear MPCs and
       nonlinear MPCs depend on each other
       common node: 1399 in direction 2

 Determining the structure of the matrix:

 Using up to 1 cpu(s) for setting up the structure of the matrix.
 number of equations
 32035
 number of nonzero lower triangular matrix elements
 523275

 Using up to 1 cpu(s) for the stress calculation.

 Using up to 1 cpu(s) for the symmetric stiffness/mass contributions.

 Factoring the system of equations using the symmetric spooles solver
 Using 1 cpu for spooles.

 Using up to 1 cpu(s) for the stress calculation.

 average force= 6690682.460928
 time avg. forc= 6690682.460928
 largest residual force= 836433028.297877 in node 605 and dof 3
 largest increment of disp= 1.619537e+04
 largest correction to disp= 1.619537e+04 in node 302 and dof 3

 no convergence

 iteration 2

 Decascading the MPC's

 *INFO in cascade: linear MPCs and
       nonlinear MPCs depend on each other
       common node: 1399 in direction 2

 Determining the structure of the matrix:

 Using up to 1 cpu(s) for setting up the structure of the matrix.
 number of equations
 32035
 number of nonzero lower triangular matrix elements
 523275

 Using up to 1 cpu(s) for the stress calculation.

 Using up to 1 cpu(s) for the symmetric stiffness/mass contributions.

 Factoring the system of equations using the symmetric spooles solver
 Using 1 cpu for spooles.

 Using up to 1 cpu(s) for the stress calculation.

 average force= 1899240.670122
 time avg. forc= 1899240.670122
 largest residual force= 1780727889.602096 in node 1223 and dof 3
 largest increment of disp= 1.619537e+04
 largest correction to disp= 4.609732e+03 in node 1315 and dof 3

 no convergence

 iteration 3

 Decascading the MPC's

 *INFO in cascade: linear MPCs and
       nonlinear MPCs depend on each other
       common node: 1399 in direction 2

 Determining the structure of the matrix:

 Using up to 1 cpu(s) for setting up the structure of the matrix.
 number of equations
 32035
 number of nonzero lower triangular matrix elements
 523275

 Using up to 1 cpu(s) for the stress calculation.

 Using up to 1 cpu(s) for the symmetric stiffness/mass contributions.

 Factoring the system of equations using the symmetric spooles solver
 Using 1 cpu for spooles.

 Using up to 1 cpu(s) for the stress calculation.

 average force= 60003528.774323
 time avg. forc= 60003528.774323
 largest residual force= 245594342976.305054 in node 1072 and dof 3
 largest increment of disp= 1.619537e+04
 largest correction to disp= 1.220559e+04 in node 1068 and dof 3

 no convergence

 iteration 4

 Decascading the MPC's

 *INFO in cascade: linear MPCs and
       nonlinear MPCs depend on each other
       common node: 1399 in direction 2

 Determining the structure of the matrix:

 Using up to 1 cpu(s) for setting up the structure of the matrix.
 number of equations
 32035
 number of nonzero lower triangular matrix elements
 523275

 Using up to 1 cpu(s) for the stress calculation.

 Using up to 1 cpu(s) for the symmetric stiffness/mass contributions.

 Factoring the system of equations using the symmetric spooles solver
 Using 1 cpu for spooles.

 Using up to 1 cpu(s) for the stress calculation.

 average force= 31428845.801755
 time avg. forc= 31428845.801755
 largest residual force= 61361401523.894897 in node 1231 and dof 3
 largest increment of disp= 1.619537e+04
 largest correction to disp= 1.125039e+04 in node 1081 and dof 3


  The numbers below are estimated upper bounds

  number of:

   nodes:        65871
   elements:         1465
   one-dimensional elements:         1194
   two-dimensional elements:            0
   integration points per element:            8
   degrees of freedom per node:            3
   layers per element:            2

   distributed facial loads:            0
   distributed volumetric loads:            0
   concentrated loads:            0
   single point constraints:        86454
   multiple point constraints:       143281
   terms in all multiple point constraints:       916993
   tie constraints:            0
   dependent nodes tied by cyclic constraints:            0
   dependent nodes in pre-tension constraints:            0

   sets:            6
   terms in all sets:         4638

   materials:            3
   constants per material and temperature:            2
   temperature points per material:            1
   plastic data points per material:            0

   orientations:            0
   amplitudes:            1
   data points in all amplitudes:            1
   print requests:            1
   transformations:            0
   property cards:            0


 STEP            1

 *INFO reading *STEP: nonlinear geometric
       effects are turned on

 *WARNING reading *STATIC: a nonlinear analysis is requested
          but no time increment nor step is specified
          the defaults (1,1) are used

 Static analysis was selected

 Newton-Raphson iterative procedure is active

 Nonlinear geometric effects are taken into account

 divergence; the increment size is decreased to 2.441406e-04
 the increment is reattempted


 *ERROR: too many cutbacks
 best solution and residuals are in the frd file

