SUMMARY OF C0NVERGENCE INFORMATION
  STEP   INC  ATT   ITER     CONT.   RESID.        CORR.      RESID.      CORR.
                              EL.    FORCE         DISP       FLUX        TEMP.
                              (#)     (%)           (%)        (%)         (%)
     1     1     1     1        0  0.1250E+05  0.1000E+03  0.0000E+00  0.0000E+00
     1     1     1     2        0  0.9376E+05  0.2846E+02  0.0000E+00  0.0000E+00
     1     1     1     3        0  0.4093E+06  0.7536E+02  0.0000E+00  0.0000E+00
     1     1     1     4        0  0.1952E+06  0.6947E+02  0.0000E+00  0.0000E+00
     1     1     2     1        0  0.1250E+05  0.1000E+03  0.0000E+00  0.0000E+00
     1     1     2     2        0  0.9376E+05  0.2846E+02  0.0000E+00  0.0000E+00
     1     1     2     3        0  0.4093E+06  0.7536E+02  0.0000E+00  0.0000E+00
     1     1     2     4        0  0.1952E+06  0.6947E+02  0.0000E+00  0.0000E+00
     1     1     3     1        0  0.1250E+05  0.1000E+03  0.0000E+00  0.0000E+00
     1     1     3     2        0  0.9376E+05  0.2846E+02  0.0000E+00  0.0000E+00
     1     1     3     3        0  0.4093E+06  0.7536E+02  0.0000E+00  0.0000E+00
     1     1     3     4        0  0.1952E+06  0.6947E+02  0.0000E+00  0.0000E+00
     1     1     4     1        0  0.1250E+05  0.1000E+03  0.0000E+00  0.0000E+00
     1     1     4     2        0  0.9376E+05  0.2846E+02  0.0000E+00  0.0000E+00
     1     1     4     3        0  0.4093E+06  0.7536E+02  0.0000E+00  0.0000E+00
     1     1     4     4        0  0.1952E+06  0.6947E+02  0.0000E+00  0.0000E+00
     1     1     5     1        0  0.1250E+05  0.1000E+03  0.0000E+00  0.0000E+00
     1     1     5     2        0  0.9376E+05  0.2846E+02  0.0000E+00  0.0000E+00
     1     1     5     3        0  0.4093E+06  0.7536E+02  0.0000E+00  0.0000E+00
     1     1     5     4        0  0.1952E+06  0.6947E+02  0.0000E+00  0.0000E+00
     1     1     6     1        0  0.1250E+05  0.1000E+03  0.0000E+00  0.0000E+00
     1     1     6     2        0  0.9376E+05  0.2846E+02  0.0000E+00  0.0000E+00
     1     1     6     3        0  0.4093E+06  0.7536E+02  0.0000E+00  0.0000E+00
     1     1     6     4        0  0.1952E+06  0.6947E+02  0.0000E+00  0.0000E+00
