
************************************************************

CalculiX Version 2.21, Copyright(C) 1998-2023 Guido Dhondt
CalculiX comes with ABSOLUTELY NO WARRANTY. This is free
software, and you are welcome to redistribute it under
certain conditions, see gpl.htm

************************************************************

You are using an executable made on Sat Jul 29 10:52:01 CEST 2023
 Decascading the MPC's

 *INFO in cascade: linear MPCs and
       nonlinear MPCs depend on each other
       common node: 1399 in direction 2

 increment 1 attempt 1 
 increment size= 1.000000e+00
 sum of previous increments=0.000000e+00
 actual step time=1.000000e+00
 actual total time=1.000000e+00

 iteration 1

 Decascading the MPC's

 *INFO in cascade: linear MPCs and
       nonlinear MPCs depend on each other
       common node: 1399 in direction 2

 Determining the structure of the matrix:

 Using up to 1 cpu(s) for setting up the structure of the matrix.
 number of equations
 30236
 number of nonzero lower triangular matrix elements
 424337

 Using up to 1 cpu(s) for the stress calculation.

 Using up to 1 cpu(s) for the symmetric stiffness/mass contributions.

 Factoring the system of equations using the symmetric spooles solver
 Using 1 cpu for spooles.

 Using up to 1 cpu(s) for the stress calculation.

 average force= 551041.806663
 time avg. forc= 551041.806663
 largest residual force= 3828.737220 in node 302 and dof 3
 largest increment of disp= 4.197699e+01
 largest correction to disp= 4.197699e+01 in node 304 and dof 3

 no convergence

 iteration 2

 Decascading the MPC's

 *INFO in cascade: linear MPCs and
       nonlinear MPCs depend on each other
       common node: 1399 in direction 2

 Determining the structure of the matrix:

 Using up to 1 cpu(s) for setting up the structure of the matrix.
 number of equations
 30236
 number of nonzero lower triangular matrix elements
 424337

 Using up to 1 cpu(s) for the stress calculation.

 Using up to 1 cpu(s) for the symmetric stiffness/mass contributions.

 Factoring the system of equations using the symmetric spooles solver
 Using 1 cpu for spooles.

 Using up to 1 cpu(s) for the stress calculation.

 average force= 551037.430148
 time avg. forc= 551037.430148
 largest residual force= 0.024128 in node 302 and dof 3
 largest increment of disp= 4.197699e+01
 largest correction to disp= 1.396058e-02 in node 212 and dof 3

 convergence

 the increment size exceeds the remainder of the step and is decreased to 0.000000e+00

 Using up to 1 cpu(s) for the stress calculation.

 Determining the structure of the matrix:
 Using up to 1 cpu(s) for setting up the structure of the matrix.
 number of equations
 30236
 number of nonzero lower triangular matrix elements
 424337

 Using up to 1 cpu(s) for setting up the structure of the matrix.
 Using up to 1 cpu(s) for the stress calculation.

 Using up to 1 cpu(s) for the symmetric stiffness/mass contributions.

 Factoring the system of equations using the symmetric spooles solver
 Using 1 cpu for spooles.

 Calculating the eigenvalues and the eigenmodes

U^T*M*U=1.000000 for eigenmode 1
U^T*M*U=1.000000 for eigenmode 2
U^T*M*U=1.000000 for eigenmode 3
U^T*M*U=1.000000 for eigenmode 4
U^T*M*U=1.000000 for eigenmode 5
U^T*M*U=1.000000 for eigenmode 6
U^T*M*U=1.000000 for eigenmode 7
U^T*M*U=1.000000 for eigenmode 8
U^T*M*U=1.000000 for eigenmode 9
U^T*M*U=1.000000 for eigenmode 10
U^T*M*U=1.000000 for eigenmode 11
U^T*M*U=1.000000 for eigenmode 12
U^T*M*U=1.000000 for eigenmode 13
U^T*M*U=1.000000 for eigenmode 14
U^T*M*U=1.000000 for eigenmode 15
U^T*M*U=1.000000 for eigenmode 16
U^T*M*U=1.000000 for eigenmode 17
U^T*M*U=1.000000 for eigenmode 18
U^T*M*U=1.000000 for eigenmode 19
U^T*M*U=1.000000 for eigenmode 20
U^T*M*U=1.000000 for eigenmode 21
U^T*M*U=1.000000 for eigenmode 22
U^T*M*U=1.000000 for eigenmode 23
U^T*M*U=1.000000 for eigenmode 24
U^T*M*U=1.000000 for eigenmode 25
U^T*M*U=1.000000 for eigenmode 26
U^T*M*U=1.000000 for eigenmode 27
U^T*M*U=1.000000 for eigenmode 28
U^T*M*U=1.000000 for eigenmode 29
U^T*M*U=1.000000 for eigenmode 30
U^T*M*U=1.000000 for eigenmode 31
U^T*M*U=1.000000 for eigenmode 32
U^T*M*U=1.000000 for eigenmode 33
U^T*M*U=1.000000 for eigenmode 34
U^T*M*U=1.000000 for eigenmode 35
U^T*M*U=1.000000 for eigenmode 36
U^T*M*U=1.000000 for eigenmode 37
U^T*M*U=1.000000 for eigenmode 38
U^T*M*U=1.000000 for eigenmode 39
U^T*M*U=1.000000 for eigenmode 40
 Using up to 1 cpu(s) for the stress calculation.

 Using up to 1 cpu(s) for the stress calculation.

 Using up to 1 cpu(s) for the stress calculation.

 Using up to 1 cpu(s) for the stress calculation.

 Using up to 1 cpu(s) for the stress calculation.

 Using up to 1 cpu(s) for the stress calculation.

 Using up to 1 cpu(s) for the stress calculation.

 Using up to 1 cpu(s) for the stress calculation.

 Using up to 1 cpu(s) for the stress calculation.

 Using up to 1 cpu(s) for the stress calculation.

 Using up to 1 cpu(s) for the stress calculation.

 Using up to 1 cpu(s) for the stress calculation.

 Using up to 1 cpu(s) for the stress calculation.

 Using up to 1 cpu(s) for the stress calculation.

 Using up to 1 cpu(s) for the stress calculation.

 Using up to 1 cpu(s) for the stress calculation.

 Using up to 1 cpu(s) for the stress calculation.

 Using up to 1 cpu(s) for the stress calculation.

 Using up to 1 cpu(s) for the stress calculation.

 Using up to 1 cpu(s) for the stress calculation.

 Using up to 1 cpu(s) for the stress calculation.

 Using up to 1 cpu(s) for the stress calculation.

 Using up to 1 cpu(s) for the stress calculation.

 Using up to 1 cpu(s) for the stress calculation.

 Using up to 1 cpu(s) for the stress calculation.

 Using up to 1 cpu(s) for the stress calculation.

 Using up to 1 cpu(s) for the stress calculation.

 Using up to 1 cpu(s) for the stress calculation.

 Using up to 1 cpu(s) for the stress calculation.

 Using up to 1 cpu(s) for the stress calculation.

 Using up to 1 cpu(s) for the stress calculation.

 Using up to 1 cpu(s) for the stress calculation.

 Using up to 1 cpu(s) for the stress calculation.

 Using up to 1 cpu(s) for the stress calculation.

 Using up to 1 cpu(s) for the stress calculation.

 Using up to 1 cpu(s) for the stress calculation.

 Using up to 1 cpu(s) for the stress calculation.

 Using up to 1 cpu(s) for the stress calculation.

 Using up to 1 cpu(s) for the stress calculation.

 Using up to 1 cpu(s) for the stress calculation.


  The numbers below are estimated upper bounds

  number of:

   nodes:        65871
   elements:         1465
   one-dimensional elements:         1194
   two-dimensional elements:            0
   integration points per element:            8
   degrees of freedom per node:            3
   layers per element:            2

   distributed facial loads:            0
   distributed volumetric loads:            2
   concentrated loads:        10107
   single point constraints:       102951
   multiple point constraints:       143281
   terms in all multiple point constraints:       916993
   tie constraints:            0
   dependent nodes tied by cyclic constraints:            0
   dependent nodes in pre-tension constraints:            0

   sets:            6
   terms in all sets:         4638

   materials:            3
   constants per material and temperature:            2
   temperature points per material:            1
   plastic data points per material:            0

   orientations:            0
   amplitudes:            4
   data points in all amplitudes:            4
   print requests:            1
   transformations:            0
   property cards:            0


 STEP            1

 *INFO reading *STEP: nonlinear geometric
       effects are turned on

 *WARNING reading *STATIC: a nonlinear analysis is requested
          but no time increment nor step is specified
          the defaults (1,1) are used

 Static analysis was selected

 Newton-Raphson iterative procedure is active

 Nonlinear geometric effects are taken into account


 STEP            2

 *INFO reading *STEP: nonlinear geometric
       effects are turned on

 Frequency analysis was selected

 Perturbation parameter is active

 Nonlinear geometric effects are taken into account


 Job finished

________________________________________

Total CalculiX Time: 5.868381
________________________________________
