
************************************************************

CalculiX Version 2.17, Copyright(C) 1998-2020 Guido Dhondt
CalculiX comes with ABSOLUTELY NO WARRANTY. This is free
software, and you are welcome to redistribute it under
certain conditions, see gpl.htm

************************************************************

You are using an executable made on Thu Jul 23 21:43:50 CEST 2020

  The numbers below are estimated upper bounds

  number of:

   nodes:        63923
   elements:         1659
   one-dimensional elements:          586
   two-dimensional elements:          492
   integration points per element:            8
   degrees of freedom per node:            3
   layers per element:            2

   distributed facial loads:            0
   distributed volumetric loads:            1
   concentrated loads:         5229
   single point constraints:        78138
   multiple point constraints:       129361
   terms in all multiple point constraints:       827905
   tie constraints:            0
   dependent nodes tied by cyclic constraints:            0
   dependent nodes in pre-tension constraints:            0

   sets:          857
   terms in all sets:         8832

   materials:          833
   constants per material and temperature:            2
   temperature points per material:            1
   plastic data points per material:            0

   orientations:          984
   amplitudes:            4
   data points in all amplitudes:            4
   print requests:            8
   transformations:            0
   property cards:            0

 *INFO reading *STEP: nonlinear geometric
       effects are turned on

 *INFO: field control parameters set to:
        ran =    5.3000000000000000E-003
        can =    1.0000000000000000E-002
        qa0 =    0.0000000000000000     
        qau =    0.0000000000000000     
        rap =    2.0000000000000000E-002
         ea =    1.0000000000000001E-005
        cae =    1.0000000000000000E-003
        ral =    1.0000000000000000E-008
 *WARNING in calinput: no elastic constants 
  were assigned to material MASS
          in a (thermo)mechanical calculation

 *WARNING in calinput: no elastic constants 
  were assigned to material MASS
          in a (thermo)mechanical calculation

 *WARNING in calinput: no elastic constants 
  were assigned to material MASS
          in a (thermo)mechanical calculation

 *WARNING in calinput: no elastic constants 
  were assigned to material MASS
          in a (thermo)mechanical calculation

 *WARNING in calinput: no elastic constants 
  were assigned to material MASS
          in a (thermo)mechanical calculation

 *WARNING in calinput: no elastic constants 
  were assigned to material MASS
          in a (thermo)mechanical calculation

 *WARNING in calinput: no elastic constants 
  were assigned to material MASS
          in a (thermo)mechanical calculation

 *WARNING in calinput: no elastic constants 
  were assigned to material MASS
          in a (thermo)mechanical calculation

 *WARNING in calinput: no elastic constants 
  were assigned to material MASS
          in a (thermo)mechanical calculation

 *WARNING in calinput: no elastic constants 
  were assigned to material MASS
          in a (thermo)mechanical calculation

 *WARNING in calinput: no elastic constants 
  were assigned to material MASS
          in a (thermo)mechanical calculation

 *WARNING in calinput: no elastic constants 
  were assigned to material MASS
          in a (thermo)mechanical calculation

 *WARNING in calinput: no elastic constants 
  were assigned to material MASS
          in a (thermo)mechanical calculation

 *WARNING in calinput: no elastic constants 
  were assigned to material MASS
          in a (thermo)mechanical calculation

 *WARNING in calinput: no elastic constants 
  were assigned to material MASS
          in a (thermo)mechanical calculation

 *WARNING in calinput: no elastic constants 
  were assigned to material MASS
          in a (thermo)mechanical calculation

 *WARNING in calinput: no elastic constants 
  were assigned to material MASS
          in a (thermo)mechanical calculation

 *WARNING in calinput: no elastic constants 
  were assigned to material MASS
          in a (thermo)mechanical calculation

 *WARNING in calinput: no elastic constants 
  were assigned to material MASS
          in a (thermo)mechanical calculation

 *WARNING in calinput: no elastic constants 
  were assigned to material MASS
          in a (thermo)mechanical calculation

 *WARNING in calinput: no elastic constants 
  were assigned to material MASS
          in a (thermo)mechanical calculation

 *WARNING in calinput: no elastic constants 
  were assigned to material MASS
          in a (thermo)mechanical calculation

 *WARNING in calinput: no elastic constants 
  were assigned to material MASS
          in a (thermo)mechanical calculation

 *WARNING in calinput: no elastic constants 
  were assigned to material MASS
          in a (thermo)mechanical calculation

 *WARNING in calinput: no elastic constants 
  were assigned to material MASS
          in a (thermo)mechanical calculation

 *WARNING in calinput: no elastic constants 
  were assigned to material MASS
          in a (thermo)mechanical calculation

 *WARNING in calinput: no elastic constants 
  were assigned to material MASS
          in a (thermo)mechanical calculation

 *WARNING in calinput: no elastic constants 
  were assigned to material MASS
          in a (thermo)mechanical calculation

 *WARNING in calinput: no elastic constants 
  were assigned to material MASS
          in a (thermo)mechanical calculation

 *WARNING in calinput: no elastic constants 
  were assigned to material MASS
          in a (thermo)mechanical calculation

 *WARNING in calinput: no elastic constants 
  were assigned to material MASS
          in a (thermo)mechanical calculation

 *WARNING in calinput: no elastic constants 
  were assigned to material MASS
          in a (thermo)mechanical calculation

 *WARNING in calinput: no elastic constants 
  were assigned to material MASS
          in a (thermo)mechanical calculation

 *WARNING in calinput: no elastic constants 
  were assigned to material MASS
          in a (thermo)mechanical calculation

 *WARNING in calinput: no elastic constants 
  were assigned to material MASS
          in a (thermo)mechanical calculation

 *WARNING in calinput: no elastic constants 
  were assigned to material MASS
          in a (thermo)mechanical calculation

 *WARNING in calinput: no elastic constants 
  were assigned to material MASS
          in a (thermo)mechanical calculation

 *WARNING in calinput: no elastic constants 
  were assigned to material MASS
          in a (thermo)mechanical calculation

 *WARNING in calinput: no elastic constants 
  were assigned to material MASS
          in a (thermo)mechanical calculation

 *WARNING in calinput: no elastic constants 
  were assigned to material MASS
          in a (thermo)mechanical calculation

 *WARNING in calinput: no elastic constants 
  were assigned to material MASS
          in a (thermo)mechanical calculation

 *WARNING in calinput: no elastic constants 
  were assigned to material MASS
          in a (thermo)mechanical calculation

 *WARNING in calinput: no elastic constants 
  were assigned to material MASS
          in a (thermo)mechanical calculation

 *WARNING in calinput: no elastic constants 
  were assigned to material MASS
          in a (thermo)mechanical calculation

 *WARNING in calinput: no elastic constants 
  were assigned to material MASS
          in a (thermo)mechanical calculation

 *WARNING in calinput: no elastic constants 
  were assigned to material MASS
          in a (thermo)mechanical calculation

 *WARNING in calinput: no elastic constants 
  were assigned to material MASS
          in a (thermo)mechanical calculation

 *WARNING in calinput: no elastic constants 
  were assigned to material MASS
          in a (thermo)mechanical calculation

 *WARNING in calinput: no elastic constants 
  were assigned to material MASS
          in a (thermo)mechanical calculation

 *WARNING in calinput: no elastic constants 
  were assigned to material MASS
          in a (thermo)mechanical calculation

 *WARNING in calinput: no elastic constants 
  were assigned to material MASS
          in a (thermo)mechanical calculation

 *WARNING in calinput: no elastic constants 
  were assigned to material MASS
          in a (thermo)mechanical calculation

 *WARNING in calinput: no elastic constants 
  were assigned to material MASS
          in a (thermo)mechanical calculation

 *WARNING in calinput: no elastic constants 
  were assigned to material MASS
          in a (thermo)mechanical calculation

 *WARNING in calinput: no elastic constants 
  were assigned to material MASS
          in a (thermo)mechanical calculation

 *WARNING in calinput: no elastic constants 
  were assigned to material MASS
          in a (thermo)mechanical calculation

 *WARNING in calinput: no elastic constants 
  were assigned to material MASS
          in a (thermo)mechanical calculation

 *WARNING in calinput: no elastic constants 
  were assigned to material MASS
          in a (thermo)mechanical calculation

 *WARNING in calinput: no elastic constants 
  were assigned to material MASS
          in a (thermo)mechanical calculation

 *WARNING in calinput: no elastic constants 
  were assigned to material MASS
          in a (thermo)mechanical calculation

 *WARNING in calinput: no elastic constants 
  were assigned to material MASS
          in a (thermo)mechanical calculation

 *WARNING in calinput: no elastic constants 
  were assigned to material MASS
          in a (thermo)mechanical calculation

 *WARNING in calinput: no elastic constants 
  were assigned to material MASS
          in a (thermo)mechanical calculation

 *WARNING in calinput: no elastic constants 
  were assigned to material MASS
          in a (thermo)mechanical calculation

 *WARNING in calinput: no elastic constants 
  were assigned to material MASS
          in a (thermo)mechanical calculation

 *WARNING in calinput: no elastic constants 
  were assigned to material MASS
          in a (thermo)mechanical calculation

 *WARNING in calinput: no elastic constants 
  were assigned to material MASS
          in a (thermo)mechanical calculation

 *WARNING in calinput: no elastic constants 
  were assigned to material MASS
          in a (thermo)mechanical calculation

 *WARNING in calinput: no elastic constants 
  were assigned to material MASS
          in a (thermo)mechanical calculation

 *WARNING in calinput: no elastic constants 
  were assigned to material MASS
          in a (thermo)mechanical calculation

 *WARNING in calinput: no elastic constants 
  were assigned to material MASS
          in a (thermo)mechanical calculation

 *WARNING in calinput: no elastic constants 
  were assigned to material MASS
          in a (thermo)mechanical calculation

 *WARNING in calinput: no elastic constants 
  were assigned to material MASS
          in a (thermo)mechanical calculation

 *WARNING in calinput: no elastic constants 
  were assigned to material MASS
          in a (thermo)mechanical calculation

 *WARNING in calinput: no elastic constants 
  were assigned to material MASS
          in a (thermo)mechanical calculation

 *WARNING in calinput: no elastic constants 
  were assigned to material MASS
          in a (thermo)mechanical calculation

 *WARNING in calinput: no elastic constants 
  were assigned to material MASS
          in a (thermo)mechanical calculation

 *WARNING in calinput: no elastic constants 
  were assigned to material MASS
          in a (thermo)mechanical calculation

 *WARNING in calinput: no elastic constants 
  were assigned to material MASS
          in a (thermo)mechanical calculation

 *WARNING in calinput: no elastic constants 
  were assigned to material MASS
          in a (thermo)mechanical calculation

 *WARNING in calinput: no elastic constants 
  were assigned to material MASS
          in a (thermo)mechanical calculation

 *WARNING in calinput: no elastic constants 
  were assigned to material MASS
          in a (thermo)mechanical calculation

 *WARNING in calinput: no elastic constants 
  were assigned to material MASS
          in a (thermo)mechanical calculation

 *WARNING in calinput: no elastic constants 
  were assigned to material MASS
          in a (thermo)mechanical calculation

 *WARNING in calinput: no elastic constants 
  were assigned to material MASS
          in a (thermo)mechanical calculation

 *WARNING in calinput: no elastic constants 
  were assigned to material MASS
          in a (thermo)mechanical calculation

 *WARNING in calinput: no elastic constants 
  were assigned to material MASS
          in a (thermo)mechanical calculation

 *WARNING in calinput: no elastic constants 
  were assigned to material MASS
          in a (thermo)mechanical calculation

 *WARNING in calinput: no elastic constants 
  were assigned to material MASS
          in a (thermo)mechanical calculation

 *WARNING in calinput: no elastic constants 
  were assigned to material MASS
          in a (thermo)mechanical calculation

 *WARNING in calinput: no elastic constants 
  were assigned to material MASS
          in a (thermo)mechanical calculation

 *WARNING in calinput: no elastic constants 
  were assigned to material MASS
          in a (thermo)mechanical calculation

 *WARNING in calinput: no elastic constants 
  were assigned to material MASS
          in a (thermo)mechanical calculation

 *WARNING in calinput: no elastic constants 
  were assigned to material MASS
          in a (thermo)mechanical calculation

 *WARNING in calinput: no elastic constants 
  were assigned to material MASS
          in a (thermo)mechanical calculation

 *WARNING in calinput: no elastic constants 
  were assigned to material MASS
          in a (thermo)mechanical calculation

 *WARNING in calinput: no elastic constants 
  were assigned to material MASS
          in a (thermo)mechanical calculation

 *WARNING in calinput: no elastic constants 
  were assigned to material MASS
          in a (thermo)mechanical calculation

 *WARNING in calinput: no elastic constants 
  were assigned to material MASS
          in a (thermo)mechanical calculation

 *WARNING in calinput: no elastic constants 
  were assigned to material MASS
          in a (thermo)mechanical calculation

 *WARNING in calinput: no elastic constants 
  were assigned to material MASS
          in a (thermo)mechanical calculation

 *WARNING in calinput: no elastic constants 
  were assigned to material MASS
          in a (thermo)mechanical calculation

 *WARNING in calinput: no elastic constants 
  were assigned to material MASS
          in a (thermo)mechanical calculation

 *WARNING in calinput: no elastic constants 
  were assigned to material MASS
          in a (thermo)mechanical calculation

 *WARNING in calinput: no elastic constants 
  were assigned to material MASS
          in a (thermo)mechanical calculation

 *WARNING in calinput: no elastic constants 
  were assigned to material MASS
          in a (thermo)mechanical calculation

 *WARNING in calinput: no elastic constants 
  were assigned to material MASS
          in a (thermo)mechanical calculation

 *WARNING in calinput: no elastic constants 
  were assigned to material MASS
          in a (thermo)mechanical calculation

 *WARNING in calinput: no elastic constants 
  were assigned to material MASS
          in a (thermo)mechanical calculation

 *WARNING in calinput: no elastic constants 
  were assigned to material MASS
          in a (thermo)mechanical calculation

 *WARNING in calinput: no elastic constants 
  were assigned to material MASS
          in a (thermo)mechanical calculation

 *WARNING in calinput: no elastic constants 
  were assigned to material MASS
          in a (thermo)mechanical calculation

 *WARNING in calinput: no elastic constants 
  were assigned to material MASS
          in a (thermo)mechanical calculation

 *WARNING in calinput: no elastic constants 
  were assigned to material MASS
          in a (thermo)mechanical calculation

 *WARNING in calinput: no elastic constants 
  were assigned to material MASS
          in a (thermo)mechanical calculation

 *WARNING in calinput: no elastic constants 
  were assigned to material MASS
          in a (thermo)mechanical calculation

 *WARNING in calinput: no elastic constants 
  were assigned to material MASS
          in a (thermo)mechanical calculation

 *WARNING in calinput: no elastic constants 
  were assigned to material MASS
          in a (thermo)mechanical calculation

 *WARNING in calinput: no elastic constants 
  were assigned to material MASS
          in a (thermo)mechanical calculation

 *WARNING in calinput: no elastic constants 
  were assigned to material MASS
          in a (thermo)mechanical calculation

 *WARNING in calinput: no elastic constants 
  were assigned to material MASS
          in a (thermo)mechanical calculation

 *WARNING in calinput: no elastic constants 
  were assigned to material MASS
          in a (thermo)mechanical calculation

 *WARNING in calinput: no elastic constants 
  were assigned to material MASS
          in a (thermo)mechanical calculation

 *WARNING in calinput: no elastic constants 
  were assigned to material MASS
          in a (thermo)mechanical calculation

 *WARNING in calinput: no elastic constants 
  were assigned to material MASS
          in a (thermo)mechanical calculation

 *WARNING in calinput: no elastic constants 
  were assigned to material MASS
          in a (thermo)mechanical calculation

 *WARNING in calinput: no elastic constants 
  were assigned to material MASS
          in a (thermo)mechanical calculation

 *WARNING in calinput: no elastic constants 
  were assigned to material MASS
          in a (thermo)mechanical calculation

 *WARNING in calinput: no elastic constants 
  were assigned to material MASS
          in a (thermo)mechanical calculation

 *WARNING in calinput: no elastic constants 
  were assigned to material MASS
          in a (thermo)mechanical calculation

 *WARNING in calinput: no elastic constants 
  were assigned to material MASS
          in a (thermo)mechanical calculation

 *WARNING in calinput: no elastic constants 
  were assigned to material MASS
          in a (thermo)mechanical calculation

 *WARNING in calinput: no elastic constants 
  were assigned to material MASS
          in a (thermo)mechanical calculation

 *WARNING in calinput: no elastic constants 
  were assigned to material MASS
          in a (thermo)mechanical calculation

 *WARNING in calinput: no elastic constants 
  were assigned to material MASS
          in a (thermo)mechanical calculation

 *WARNING in calinput: no elastic constants 
  were assigned to material MASS
          in a (thermo)mechanical calculation

 *WARNING in calinput: no elastic constants 
  were assigned to material MASS
          in a (thermo)mechanical calculation

 *WARNING in calinput: no elastic constants 
  were assigned to material MASS
          in a (thermo)mechanical calculation

 *WARNING in calinput: no elastic constants 
  were assigned to material MASS
          in a (thermo)mechanical calculation

 *WARNING in calinput: no elastic constants 
  were assigned to material MASS
          in a (thermo)mechanical calculation

 *WARNING in calinput: no elastic constants 
  were assigned to material MASS
          in a (thermo)mechanical calculation

 *WARNING in calinput: no elastic constants 
  were assigned to material MASS
          in a (thermo)mechanical calculation

 *WARNING in calinput: no elastic constants 
  were assigned to material MASS
          in a (thermo)mechanical calculation

 *WARNING in calinput: no elastic constants 
  were assigned to material MASS
          in a (thermo)mechanical calculation

 *WARNING in calinput: no elastic constants 
  were assigned to material MASS
          in a (thermo)mechanical calculation

 *WARNING in calinput: no elastic constants 
  were assigned to material MASS
          in a (thermo)mechanical calculation

 *WARNING in calinput: no elastic constants 
  were assigned to material MASS
          in a (thermo)mechanical calculation

 *WARNING in calinput: no elastic constants 
  were assigned to material MASS
          in a (thermo)mechanical calculation

 *WARNING in calinput: no elastic constants 
  were assigned to material MASS
          in a (thermo)mechanical calculation

 *WARNING in calinput: no elastic constants 
  were assigned to material MASS
          in a (thermo)mechanical calculation

 *WARNING in calinput: no elastic constants 
  were assigned to material MASS
          in a (thermo)mechanical calculation

 *WARNING in calinput: no elastic constants 
  were assigned to material MASS
          in a (thermo)mechanical calculation

 *WARNING in calinput: no elastic constants 
  were assigned to material MASS
          in a (thermo)mechanical calculation

 *WARNING in calinput: no elastic constants 
  were assigned to material MASS
          in a (thermo)mechanical calculation

 *WARNING in calinput: no elastic constants 
  were assigned to material MASS
          in a (thermo)mechanical calculation

 *WARNING in calinput: no elastic constants 
  were assigned to material MASS
          in a (thermo)mechanical calculation

 *WARNING in calinput: no elastic constants 
  were assigned to material MASS
          in a (thermo)mechanical calculation

 *WARNING in calinput: no elastic constants 
  were assigned to material MASS
          in a (thermo)mechanical calculation

 *WARNING in calinput: no elastic constants 
  were assigned to material MASS
          in a (thermo)mechanical calculation

 *WARNING in calinput: no elastic constants 
  were assigned to material MASS
          in a (thermo)mechanical calculation

 *WARNING in calinput: no elastic constants 
  were assigned to material MASS
          in a (thermo)mechanical calculation

 *WARNING in calinput: no elastic constants 
  were assigned to material MASS
          in a (thermo)mechanical calculation

 *WARNING in calinput: no elastic constants 
  were assigned to material MASS
          in a (thermo)mechanical calculation

 *WARNING in calinput: no elastic constants 
  were assigned to material MASS
          in a (thermo)mechanical calculation

 *WARNING in calinput: no elastic constants 
  were assigned to material MASS
          in a (thermo)mechanical calculation

 *WARNING in calinput: no elastic constants 
  were assigned to material MASS
          in a (thermo)mechanical calculation

 *WARNING in calinput: no elastic constants 
  were assigned to material MASS
          in a (thermo)mechanical calculation

 *WARNING in calinput: no elastic constants 
  were assigned to material MASS
          in a (thermo)mechanical calculation

 *WARNING in calinput: no elastic constants 
  were assigned to material MASS
          in a (thermo)mechanical calculation

 *WARNING in calinput: no elastic constants 
  were assigned to material MASS
          in a (thermo)mechanical calculation

 *WARNING in calinput: no elastic constants 
  were assigned to material MASS
          in a (thermo)mechanical calculation

 *WARNING in calinput: no elastic constants 
  were assigned to material MASS
          in a (thermo)mechanical calculation

 *WARNING in calinput: no elastic constants 
  were assigned to material MASS
          in a (thermo)mechanical calculation

 *WARNING in calinput: no elastic constants 
  were assigned to material MASS
          in a (thermo)mechanical calculation

 *WARNING in calinput: no elastic constants 
  were assigned to material MASS
          in a (thermo)mechanical calculation

 *WARNING in calinput: no elastic constants 
  were assigned to material MASS
          in a (thermo)mechanical calculation

 *WARNING in calinput: no elastic constants 
  were assigned to material MASS
          in a (thermo)mechanical calculation

 *WARNING in calinput: no elastic constants 
  were assigned to material MASS
          in a (thermo)mechanical calculation

 *WARNING in calinput: no elastic constants 
  were assigned to material MASS
          in a (thermo)mechanical calculation

 *WARNING in calinput: no elastic constants 
  were assigned to material MASS
          in a (thermo)mechanical calculation

 *WARNING in calinput: no elastic constants 
  were assigned to material MASS
          in a (thermo)mechanical calculation

 *WARNING in calinput: no elastic constants 
  were assigned to material MASS
          in a (thermo)mechanical calculation

 *WARNING in calinput: no elastic constants 
  were assigned to material MASS
          in a (thermo)mechanical calculation

 *WARNING in calinput: no elastic constants 
  were assigned to material MASS
          in a (thermo)mechanical calculation

 *WARNING in calinput: no elastic constants 
  were assigned to material MASS
          in a (thermo)mechanical calculation

 *WARNING in calinput: no elastic constants 
  were assigned to material MASS
          in a (thermo)mechanical calculation

 *WARNING in calinput: no elastic constants 
  were assigned to material MASS
          in a (thermo)mechanical calculation

 *WARNING in calinput: no elastic constants 
  were assigned to material MASS
          in a (thermo)mechanical calculation

 *WARNING in calinput: no elastic constants 
  were assigned to material MASS
          in a (thermo)mechanical calculation

 *WARNING in calinput: no elastic constants 
  were assigned to material MASS
          in a (thermo)mechanical calculation

 *WARNING in calinput: no elastic constants 
  were assigned to material MASS
          in a (thermo)mechanical calculation

 *WARNING in calinput: no elastic constants 
  were assigned to material MASS
          in a (thermo)mechanical calculation

 *WARNING in calinput: no elastic constants 
  were assigned to material MASS
          in a (thermo)mechanical calculation

 *WARNING in calinput: no elastic constants 
  were assigned to material MASS
          in a (thermo)mechanical calculation

 *WARNING in calinput: no elastic constants 
  were assigned to material MASS
          in a (thermo)mechanical calculation

 *WARNING in calinput: no elastic constants 
  were assigned to material MASS
          in a (thermo)mechanical calculation

 *WARNING in calinput: no elastic constants 
  were assigned to material MASS
          in a (thermo)mechanical calculation

 *WARNING in calinput: no elastic constants 
  were assigned to material MASS
          in a (thermo)mechanical calculation

 *WARNING in calinput: no elastic constants 
  were assigned to material MASS
          in a (thermo)mechanical calculation

 *WARNING in calinput: no elastic constants 
  were assigned to material MASS
          in a (thermo)mechanical calculation

 *WARNING in calinput: no elastic constants 
  were assigned to material MASS
          in a (thermo)mechanical calculation

 *WARNING in calinput: no elastic constants 
  were assigned to material MASS
          in a (thermo)mechanical calculation

 *WARNING in calinput: no elastic constants 
  were assigned to material MASS
          in a (thermo)mechanical calculation

 *WARNING in calinput: no elastic constants 
  were assigned to material MASS
          in a (thermo)mechanical calculation

 *WARNING in calinput: no elastic constants 
  were assigned to material MASS
          in a (thermo)mechanical calculation

 *WARNING in calinput: no elastic constants 
  were assigned to material MASS
          in a (thermo)mechanical calculation

 *WARNING in calinput: no elastic constants 
  were assigned to material MASS
          in a (thermo)mechanical calculation

 *WARNING in calinput: no elastic constants 
  were assigned to material MASS
          in a (thermo)mechanical calculation

 *WARNING in calinput: no elastic constants 
  were assigned to material MASS
          in a (thermo)mechanical calculation

 *WARNING in calinput: no elastic constants 
  were assigned to material MASS
          in a (thermo)mechanical calculation

 *WARNING in calinput: no elastic constants 
  were assigned to material MASS
          in a (thermo)mechanical calculation

 *WARNING in calinput: no elastic constants 
  were assigned to material MASS
          in a (thermo)mechanical calculation

 *WARNING in calinput: no elastic constants 
  were assigned to material MASS
          in a (thermo)mechanical calculation

 *WARNING in calinput: no elastic constants 
  were assigned to material MASS
          in a (thermo)mechanical calculation

 *WARNING in calinput: no elastic constants 
  were assigned to material MASS
          in a (thermo)mechanical calculation

 *WARNING in calinput: no elastic constants 
  were assigned to material MASS
          in a (thermo)mechanical calculation

 *WARNING in calinput: no elastic constants 
  were assigned to material MASS
          in a (thermo)mechanical calculation

 *WARNING in calinput: no elastic constants 
  were assigned to material MASS
          in a (thermo)mechanical calculation

 *WARNING in calinput: no elastic constants 
  were assigned to material MASS
          in a (thermo)mechanical calculation

 *WARNING in calinput: no elastic constants 
  were assigned to material MASS
          in a (thermo)mechanical calculation

 *WARNING in calinput: no elastic constants 
  were assigned to material MASS
          in a (thermo)mechanical calculation

 *WARNING in calinput: no elastic constants 
  were assigned to material MASS
          in a (thermo)mechanical calculation

 *WARNING in calinput: no elastic constants 
  were assigned to material MASS
          in a (thermo)mechanical calculation

 *WARNING in calinput: no elastic constants 
  were assigned to material MASS
          in a (thermo)mechanical calculation

 *WARNING in calinput: no elastic constants 
  were assigned to material MASS
          in a (thermo)mechanical calculation

 *WARNING in calinput: no elastic constants 
  were assigned to material MASS
          in a (thermo)mechanical calculation

 *WARNING in calinput: no elastic constants 
  were assigned to material MASS
          in a (thermo)mechanical calculation

 *WARNING in calinput: no elastic constants 
  were assigned to material MASS
          in a (thermo)mechanical calculation

 *WARNING in calinput: no elastic constants 
  were assigned to material MASS
          in a (thermo)mechanical calculation

 *WARNING in calinput: no elastic constants 
  were assigned to material MASS
          in a (thermo)mechanical calculation

 *WARNING in calinput: no elastic constants 
  were assigned to material MASS
          in a (thermo)mechanical calculation

 *WARNING in calinput: no elastic constants 
  were assigned to material MASS
          in a (thermo)mechanical calculation

 *WARNING in calinput: no elastic constants 
  were assigned to material MASS
          in a (thermo)mechanical calculation

 *WARNING in calinput: no elastic constants 
  were assigned to material MASS
          in a (thermo)mechanical calculation

 *WARNING in calinput: no elastic constants 
  were assigned to material MASS
          in a (thermo)mechanical calculation

 *WARNING in calinput: no elastic constants 
  were assigned to material MASS
          in a (thermo)mechanical calculation

 *WARNING in calinput: no elastic constants 
  were assigned to material MASS
          in a (thermo)mechanical calculation

 *WARNING in calinput: no elastic constants 
  were assigned to material MASS
          in a (thermo)mechanical calculation

 *WARNING in calinput: no elastic constants 
  were assigned to material MASS
          in a (thermo)mechanical calculation

 *WARNING in calinput: no elastic constants 
  were assigned to material MASS
          in a (thermo)mechanical calculation

 *WARNING in calinput: no elastic constants 
  were assigned to material MASS
          in a (thermo)mechanical calculation

 *WARNING in calinput: no elastic constants 
  were assigned to material MASS
          in a (thermo)mechanical calculation

 *WARNING in calinput: no elastic constants 
  were assigned to material MASS
          in a (thermo)mechanical calculation

 *WARNING in calinput: no elastic constants 
  were assigned to material MASS
          in a (thermo)mechanical calculation

 *WARNING in calinput: no elastic constants 
  were assigned to material MASS
          in a (thermo)mechanical calculation

 *WARNING in calinput: no elastic constants 
  were assigned to material MASS
          in a (thermo)mechanical calculation

 *WARNING in calinput: no elastic constants 
  were assigned to material MASS
          in a (thermo)mechanical calculation

 *WARNING in calinput: no elastic constants 
  were assigned to material MASS
          in a (thermo)mechanical calculation

 *WARNING in calinput: no elastic constants 
  were assigned to material MASS
          in a (thermo)mechanical calculation

 *WARNING in calinput: no elastic constants 
  were assigned to material MASS
          in a (thermo)mechanical calculation

 *WARNING in calinput: no elastic constants 
  were assigned to material MASS
          in a (thermo)mechanical calculation

 *WARNING in calinput: no elastic constants 
  were assigned to material MASS
          in a (thermo)mechanical calculation

 *WARNING in calinput: no elastic constants 
  were assigned to material MASS
          in a (thermo)mechanical calculation

 *WARNING in calinput: no elastic constants 
  were assigned to material MASS
          in a (thermo)mechanical calculation

 *WARNING in calinput: no elastic constants 
  were assigned to material MASS
          in a (thermo)mechanical calculation

 *WARNING in calinput: no elastic constants 
  were assigned to material MASS
          in a (thermo)mechanical calculation

 *WARNING in calinput: no elastic constants 
  were assigned to material MASS
          in a (thermo)mechanical calculation

 *WARNING in calinput: no elastic constants 
  were assigned to material MASS
          in a (thermo)mechanical calculation

 *WARNING in calinput: no elastic constants 
  were assigned to material MASS
          in a (thermo)mechanical calculation

 *WARNING in calinput: no elastic constants 
  were assigned to material MASS
          in a (thermo)mechanical calculation

 *WARNING in calinput: no elastic constants 
  were assigned to material MASS
          in a (thermo)mechanical calculation

 *WARNING in calinput: no elastic constants 
  were assigned to material MASS
          in a (thermo)mechanical calculation

 *WARNING in calinput: no elastic constants 
  were assigned to material MASS
          in a (thermo)mechanical calculation

 *WARNING in calinput: no elastic constants 
  were assigned to material MASS
          in a (thermo)mechanical calculation

 *WARNING in calinput: no elastic constants 
  were assigned to material MASS
          in a (thermo)mechanical calculation

 *WARNING in calinput: no elastic constants 
  were assigned to material MASS
          in a (thermo)mechanical calculation

 *WARNING in calinput: no elastic constants 
  were assigned to material MASS
          in a (thermo)mechanical calculation

 *WARNING in calinput: no elastic constants 
  were assigned to material MASS
          in a (thermo)mechanical calculation

 *WARNING in calinput: no elastic constants 
  were assigned to material MASS
          in a (thermo)mechanical calculation

 *WARNING in calinput: no elastic constants 
  were assigned to material MASS
          in a (thermo)mechanical calculation

 *WARNING in calinput: no elastic constants 
  were assigned to material MASS
          in a (thermo)mechanical calculation

 *WARNING in calinput: no elastic constants 
  were assigned to material MASS
          in a (thermo)mechanical calculation

 *WARNING in calinput: no elastic constants 
  were assigned to material MASS
          in a (thermo)mechanical calculation

 *WARNING in calinput: no elastic constants 
  were assigned to material MASS
          in a (thermo)mechanical calculation

 *WARNING in calinput: no elastic constants 
  were assigned to material MASS
          in a (thermo)mechanical calculation

 *WARNING in calinput: no elastic constants 
  were assigned to material MASS
          in a (thermo)mechanical calculation

 *WARNING in calinput: no elastic constants 
  were assigned to material MASS
          in a (thermo)mechanical calculation

 *WARNING in calinput: no elastic constants 
  were assigned to material MASS
          in a (thermo)mechanical calculation

 *WARNING in calinput: no elastic constants 
  were assigned to material MASS
          in a (thermo)mechanical calculation

 *WARNING in calinput: no elastic constants 
  were assigned to material MASS
          in a (thermo)mechanical calculation

 *WARNING in calinput: no elastic constants 
  were assigned to material MASS
          in a (thermo)mechanical calculation

 *WARNING in calinput: no elastic constants 
  were assigned to material MASS
          in a (thermo)mechanical calculation

 *WARNING in calinput: no elastic constants 
  were assigned to material MASS
          in a (thermo)mechanical calculation

 *WARNING in calinput: no elastic constants 
  were assigned to material MASS
          in a (thermo)mechanical calculation

 *WARNING in calinput: no elastic constants 
  were assigned to material MASS
          in a (thermo)mechanical calculation

 *WARNING in calinput: no elastic constants 
  were assigned to material MASS
          in a (thermo)mechanical calculation

 *WARNING in calinput: no elastic constants 
  were assigned to material MASS
          in a (thermo)mechanical calculation

 *WARNING in calinput: no elastic constants 
  were assigned to material MASS
          in a (thermo)mechanical calculation

 *WARNING in calinput: no elastic constants 
  were assigned to material MASS
          in a (thermo)mechanical calculation

 *WARNING in calinput: no elastic constants 
  were assigned to material MASS
          in a (thermo)mechanical calculation

 *WARNING in calinput: no elastic constants 
  were assigned to material MASS
          in a (thermo)mechanical calculation

 *WARNING in calinput: no elastic constants 
  were assigned to material MASS
          in a (thermo)mechanical calculation

 *WARNING in calinput: no elastic constants 
  were assigned to material MASS
          in a (thermo)mechanical calculation

 *WARNING in calinput: no elastic constants 
  were assigned to material MASS
          in a (thermo)mechanical calculation

 *WARNING in calinput: no elastic constants 
  were assigned to material MASS
          in a (thermo)mechanical calculation

 *WARNING in calinput: no elastic constants 
  were assigned to material MASS
          in a (thermo)mechanical calculation

 *WARNING in calinput: no elastic constants 
  were assigned to material MASS
          in a (thermo)mechanical calculation

 *WARNING in calinput: no elastic constants 
  were assigned to material MASS
          in a (thermo)mechanical calculation

 *WARNING in calinput: no elastic constants 
  were assigned to material MASS
          in a (thermo)mechanical calculation

 *WARNING in calinput: no elastic constants 
  were assigned to material MASS
          in a (thermo)mechanical calculation

 *WARNING in calinput: no elastic constants 
  were assigned to material MASS
          in a (thermo)mechanical calculation

 *WARNING in calinput: no elastic constants 
  were assigned to material MASS
          in a (thermo)mechanical calculation

 *WARNING in calinput: no elastic constants 
  were assigned to material MASS
          in a (thermo)mechanical calculation

 *WARNING in calinput: no elastic constants 
  were assigned to material MASS
          in a (thermo)mechanical calculation

 *WARNING in calinput: no elastic constants 
  were assigned to material MASS
          in a (thermo)mechanical calculation

 *WARNING in calinput: no elastic constants 
  were assigned to material MASS
          in a (thermo)mechanical calculation

 *WARNING in calinput: no elastic constants 
  were assigned to material MASS
          in a (thermo)mechanical calculation

 *WARNING in calinput: no elastic constants 
  were assigned to material MASS
          in a (thermo)mechanical calculation

 *WARNING in calinput: no elastic constants 
  were assigned to material MASS
          in a (thermo)mechanical calculation

 *WARNING in calinput: no elastic constants 
  were assigned to material MASS
          in a (thermo)mechanical calculation

 *WARNING in calinput: no elastic constants 
  were assigned to material MASS
          in a (thermo)mechanical calculation

 *WARNING in calinput: no elastic constants 
  were assigned to material MASS
          in a (thermo)mechanical calculation

 *WARNING in calinput: no elastic constants 
  were assigned to material MASS
          in a (thermo)mechanical calculation

 *WARNING in calinput: no elastic constants 
  were assigned to material MASS
          in a (thermo)mechanical calculation

 *WARNING in calinput: no elastic constants 
  were assigned to material MASS
          in a (thermo)mechanical calculation

 *WARNING in calinput: no elastic constants 
  were assigned to material MASS
          in a (thermo)mechanical calculation

 *WARNING in calinput: no elastic constants 
  were assigned to material MASS
          in a (thermo)mechanical calculation

 *WARNING in calinput: no elastic constants 
  were assigned to material MASS
          in a (thermo)mechanical calculation

 *WARNING in calinput: no elastic constants 
  were assigned to material MASS
          in a (thermo)mechanical calculation

 *WARNING in calinput: no elastic constants 
  were assigned to material MASS
          in a (thermo)mechanical calculation

 *WARNING in calinput: no elastic constants 
  were assigned to material MASS
          in a (thermo)mechanical calculation

 *WARNING in calinput: no elastic constants 
  were assigned to material MASS
          in a (thermo)mechanical calculation

 *WARNING in calinput: no elastic constants 
  were assigned to material MASS
          in a (thermo)mechanical calculation

 *WARNING in calinput: no elastic constants 
  were assigned to material MASS
          in a (thermo)mechanical calculation

 *WARNING in calinput: no elastic constants 
  were assigned to material MASS
          in a (thermo)mechanical calculation

 *WARNING in calinput: no elastic constants 
  were assigned to material MASS
          in a (thermo)mechanical calculation

 *WARNING in calinput: no elastic constants 
  were assigned to material MASS
          in a (thermo)mechanical calculation

 *WARNING in calinput: no elastic constants 
  were assigned to material MASS
          in a (thermo)mechanical calculation

 *WARNING in calinput: no elastic constants 
  were assigned to material MASS
          in a (thermo)mechanical calculation

 *WARNING in calinput: no elastic constants 
  were assigned to material MASS
          in a (thermo)mechanical calculation

 *WARNING in calinput: no elastic constants 
  were assigned to material MASS
          in a (thermo)mechanical calculation

 *WARNING in calinput: no elastic constants 
  were assigned to material MASS
          in a (thermo)mechanical calculation

 *WARNING in calinput: no elastic constants 
  were assigned to material MASS
          in a (thermo)mechanical calculation

 *WARNING in calinput: no elastic constants 
  were assigned to material MASS
          in a (thermo)mechanical calculation

 *WARNING in calinput: no elastic constants 
  were assigned to material MASS
          in a (thermo)mechanical calculation

 *WARNING in calinput: no elastic constants 
  were assigned to material MASS
          in a (thermo)mechanical calculation

 *WARNING in calinput: no elastic constants 
  were assigned to material MASS
          in a (thermo)mechanical calculation

 *WARNING in calinput: no elastic constants 
  were assigned to material MASS
          in a (thermo)mechanical calculation

 *WARNING in calinput: no elastic constants 
  were assigned to material MASS
          in a (thermo)mechanical calculation

 *WARNING in calinput: no elastic constants 
  were assigned to material MASS
          in a (thermo)mechanical calculation

 *WARNING in calinput: no elastic constants 
  were assigned to material MASS
          in a (thermo)mechanical calculation

 *WARNING in calinput: no elastic constants 
  were assigned to material MASS
          in a (thermo)mechanical calculation

 *WARNING in calinput: no elastic constants 
  were assigned to material MASS
          in a (thermo)mechanical calculation

 *WARNING in calinput: no elastic constants 
  were assigned to material MASS
          in a (thermo)mechanical calculation

 *WARNING in calinput: no elastic constants 
  were assigned to material MASS
          in a (thermo)mechanical calculation

 *WARNING in calinput: no elastic constants 
  were assigned to material MASS
          in a (thermo)mechanical calculation

 *WARNING in calinput: no elastic constants 
  were assigned to material MASS
          in a (thermo)mechanical calculation

 *WARNING in calinput: no elastic constants 
  were assigned to material MASS
          in a (thermo)mechanical calculation

 *WARNING in calinput: no elastic constants 
  were assigned to material MASS
          in a (thermo)mechanical calculation

 *WARNING in calinput: no elastic constants 
  were assigned to material MASS
          in a (thermo)mechanical calculation

 *WARNING in calinput: no elastic constants 
  were assigned to material MASS
          in a (thermo)mechanical calculation

 *WARNING in calinput: no elastic constants 
  were assigned to material MASS
          in a (thermo)mechanical calculation

 *WARNING in calinput: no elastic constants 
  were assigned to material MASS
          in a (thermo)mechanical calculation

 *WARNING in calinput: no elastic constants 
  were assigned to material MASS
          in a (thermo)mechanical calculation

 *WARNING in calinput: no elastic constants 
  were assigned to material MASS
          in a (thermo)mechanical calculation

 *WARNING in calinput: no elastic constants 
  were assigned to material MASS
          in a (thermo)mechanical calculation

 *WARNING in calinput: no elastic constants 
  were assigned to material MASS
          in a (thermo)mechanical calculation

 *WARNING in calinput: no elastic constants 
  were assigned to material MASS
          in a (thermo)mechanical calculation

 *WARNING in calinput: no elastic constants 
  were assigned to material MASS
          in a (thermo)mechanical calculation

 *WARNING in calinput: no elastic constants 
  were assigned to material MASS
          in a (thermo)mechanical calculation

 *WARNING in calinput: no elastic constants 
  were assigned to material MASS
          in a (thermo)mechanical calculation

 *WARNING in calinput: no elastic constants 
  were assigned to material MASS
          in a (thermo)mechanical calculation

 *WARNING in calinput: no elastic constants 
  were assigned to material MASS
          in a (thermo)mechanical calculation

 *WARNING in calinput: no elastic constants 
  were assigned to material MASS
          in a (thermo)mechanical calculation

 *WARNING in calinput: no elastic constants 
  were assigned to material MASS
          in a (thermo)mechanical calculation

 *WARNING in calinput: no elastic constants 
  were assigned to material MASS
          in a (thermo)mechanical calculation

 *WARNING in calinput: no elastic constants 
  were assigned to material MASS
          in a (thermo)mechanical calculation

 *WARNING in calinput: no elastic constants 
  were assigned to material MASS
          in a (thermo)mechanical calculation

 *WARNING in calinput: no elastic constants 
  were assigned to material MASS
          in a (thermo)mechanical calculation

 *WARNING in calinput: no elastic constants 
  were assigned to material MASS
          in a (thermo)mechanical calculation

 *WARNING in calinput: no elastic constants 
  were assigned to material MASS
          in a (thermo)mechanical calculation

 *WARNING in calinput: no elastic constants 
  were assigned to material MASS
          in a (thermo)mechanical calculation

 *WARNING in calinput: no elastic constants 
  were assigned to material MASS
          in a (thermo)mechanical calculation

 *WARNING in calinput: no elastic constants 
  were assigned to material MASS
          in a (thermo)mechanical calculation

 *WARNING in calinput: no elastic constants 
  were assigned to material MASS
          in a (thermo)mechanical calculation

 *WARNING in calinput: no elastic constants 
  were assigned to material MASS
          in a (thermo)mechanical calculation

 *WARNING in calinput: no elastic constants 
  were assigned to material MASS
          in a (thermo)mechanical calculation

 *WARNING in calinput: no elastic constants 
  were assigned to material MASS
          in a (thermo)mechanical calculation

 *WARNING in calinput: no elastic constants 
  were assigned to material MASS
          in a (thermo)mechanical calculation

 *WARNING in calinput: no elastic constants 
  were assigned to material MASS
          in a (thermo)mechanical calculation

 *WARNING in calinput: no elastic constants 
  were assigned to material MASS
          in a (thermo)mechanical calculation

 *WARNING in calinput: no elastic constants 
  were assigned to material MASS
          in a (thermo)mechanical calculation

 *WARNING in calinput: no elastic constants 
  were assigned to material MASS
          in a (thermo)mechanical calculation

 *WARNING in calinput: no elastic constants 
  were assigned to material MASS
          in a (thermo)mechanical calculation

 *WARNING in calinput: no elastic constants 
  were assigned to material MASS
          in a (thermo)mechanical calculation

 *WARNING in calinput: no elastic constants 
  were assigned to material MASS
          in a (thermo)mechanical calculation

 *WARNING in calinput: no elastic constants 
  were assigned to material MASS
          in a (thermo)mechanical calculation

 *WARNING in calinput: no elastic constants 
  were assigned to material MASS
          in a (thermo)mechanical calculation

 *WARNING in calinput: no elastic constants 
  were assigned to material MASS
          in a (thermo)mechanical calculation

 *WARNING in calinput: no elastic constants 
  were assigned to material MASS
          in a (thermo)mechanical calculation

 *WARNING in calinput: no elastic constants 
  were assigned to material MASS
          in a (thermo)mechanical calculation

 *WARNING in calinput: no elastic constants 
  were assigned to material MASS
          in a (thermo)mechanical calculation

 *WARNING in calinput: no elastic constants 
  were assigned to material MASS
          in a (thermo)mechanical calculation

 *WARNING in calinput: no elastic constants 
  were assigned to material MASS
          in a (thermo)mechanical calculation

 *WARNING in calinput: no elastic constants 
  were assigned to material MASS
          in a (thermo)mechanical calculation

 *WARNING in calinput: no elastic constants 
  were assigned to material MASS
          in a (thermo)mechanical calculation

 *WARNING in calinput: no elastic constants 
  were assigned to material MASS
          in a (thermo)mechanical calculation

 *WARNING in calinput: no elastic constants 
  were assigned to material MASS
          in a (thermo)mechanical calculation

 *WARNING in calinput: no elastic constants 
  were assigned to material MASS
          in a (thermo)mechanical calculation

 *WARNING in calinput: no elastic constants 
  were assigned to material MASS
          in a (thermo)mechanical calculation

 *WARNING in calinput: no elastic constants 
  were assigned to material MASS
          in a (thermo)mechanical calculation

 *WARNING in calinput: no elastic constants 
  were assigned to material MASS
          in a (thermo)mechanical calculation

 *WARNING in calinput: no elastic constants 
  were assigned to material MASS
          in a (thermo)mechanical calculation

 *WARNING in calinput: no elastic constants 
  were assigned to material MASS
          in a (thermo)mechanical calculation

 *WARNING in calinput: no elastic constants 
  were assigned to material MASS
          in a (thermo)mechanical calculation

 *WARNING in calinput: no elastic constants 
  were assigned to material MASS
          in a (thermo)mechanical calculation

 *WARNING in calinput: no elastic constants 
  were assigned to material MASS
          in a (thermo)mechanical calculation

 *WARNING in calinput: no elastic constants 
  were assigned to material MASS
          in a (thermo)mechanical calculation

 *WARNING in calinput: no elastic constants 
  were assigned to material MASS
          in a (thermo)mechanical calculation

 *WARNING in calinput: no elastic constants 
  were assigned to material MASS
          in a (thermo)mechanical calculation

 *WARNING in calinput: no elastic constants 
  were assigned to material MASS
          in a (thermo)mechanical calculation

 *WARNING in calinput: no elastic constants 
  were assigned to material MASS
          in a (thermo)mechanical calculation

 *WARNING in calinput: no elastic constants 
  were assigned to material MASS
          in a (thermo)mechanical calculation

 *WARNING in calinput: no elastic constants 
  were assigned to material MASS
          in a (thermo)mechanical calculation

 *WARNING in calinput: no elastic constants 
  were assigned to material MASS
          in a (thermo)mechanical calculation

 *WARNING in calinput: no elastic constants 
  were assigned to material MASS
          in a (thermo)mechanical calculation

 *WARNING in calinput: no elastic constants 
  were assigned to material MASS
          in a (thermo)mechanical calculation

 *WARNING in calinput: no elastic constants 
  were assigned to material MASS
          in a (thermo)mechanical calculation

 *WARNING in calinput: no elastic constants 
  were assigned to material MASS
          in a (thermo)mechanical calculation

 *WARNING in calinput: no elastic constants 
  were assigned to material MASS
          in a (thermo)mechanical calculation

 *WARNING in calinput: no elastic constants 
  were assigned to material MASS
          in a (thermo)mechanical calculation

 *WARNING in calinput: no elastic constants 
  were assigned to material MASS
          in a (thermo)mechanical calculation

 *WARNING in calinput: no elastic constants 
  were assigned to material MASS
          in a (thermo)mechanical calculation

 *WARNING in calinput: no elastic constants 
  were assigned to material MASS
          in a (thermo)mechanical calculation

 *WARNING in calinput: no elastic constants 
  were assigned to material MASS
          in a (thermo)mechanical calculation

 *WARNING in calinput: no elastic constants 
  were assigned to material MASS
          in a (thermo)mechanical calculation

 *WARNING in calinput: no elastic constants 
  were assigned to material MASS
          in a (thermo)mechanical calculation

 *WARNING in calinput: no elastic constants 
  were assigned to material MASS
          in a (thermo)mechanical calculation

 *WARNING in calinput: no elastic constants 
  were assigned to material MASS
          in a (thermo)mechanical calculation

 *WARNING in calinput: no elastic constants 
  were assigned to material MASS
          in a (thermo)mechanical calculation

 *WARNING in calinput: no elastic constants 
  were assigned to material MASS
          in a (thermo)mechanical calculation

 *WARNING in calinput: no elastic constants 
  were assigned to material MASS
          in a (thermo)mechanical calculation

 *WARNING in calinput: no elastic constants 
  were assigned to material MASS
          in a (thermo)mechanical calculation

 *WARNING in calinput: no elastic constants 
  were assigned to material MASS
          in a (thermo)mechanical calculation

 *WARNING in calinput: no elastic constants 
  were assigned to material MASS
          in a (thermo)mechanical calculation

 *WARNING in calinput: no elastic constants 
  were assigned to material MASS
          in a (thermo)mechanical calculation

 *WARNING in calinput: no elastic constants 
  were assigned to material MASS
          in a (thermo)mechanical calculation

 *WARNING in calinput: no elastic constants 
  were assigned to material MASS
          in a (thermo)mechanical calculation

 *WARNING in calinput: no elastic constants 
  were assigned to material MASS
          in a (thermo)mechanical calculation

 *WARNING in calinput: no elastic constants 
  were assigned to material MASS
          in a (thermo)mechanical calculation

 *WARNING in calinput: no elastic constants 
  were assigned to material MASS
          in a (thermo)mechanical calculation

 *WARNING in calinput: no elastic constants 
  were assigned to material MASS
          in a (thermo)mechanical calculation

 *WARNING in calinput: no elastic constants 
  were assigned to material MASS
          in a (thermo)mechanical calculation

 *WARNING in calinput: no elastic constants 
  were assigned to material MASS
          in a (thermo)mechanical calculation

 *WARNING in calinput: no elastic constants 
  were assigned to material MASS
          in a (thermo)mechanical calculation

 *WARNING in calinput: no elastic constants 
  were assigned to material MASS
          in a (thermo)mechanical calculation

 *WARNING in calinput: no elastic constants 
  were assigned to material MASS
          in a (thermo)mechanical calculation

 *WARNING in calinput: no elastic constants 
  were assigned to material MASS
          in a (thermo)mechanical calculation

 *WARNING in calinput: no elastic constants 
  were assigned to material MASS
          in a (thermo)mechanical calculation

 *WARNING in calinput: no elastic constants 
  were assigned to material MASS
          in a (thermo)mechanical calculation

 *WARNING in calinput: no elastic constants 
  were assigned to material MASS
          in a (thermo)mechanical calculation

 *WARNING in calinput: no elastic constants 
  were assigned to material MASS
          in a (thermo)mechanical calculation

 *WARNING in calinput: no elastic constants 
  were assigned to material MASS
          in a (thermo)mechanical calculation

 *WARNING in calinput: no elastic constants 
  were assigned to material MASS
          in a (thermo)mechanical calculation

 *WARNING in calinput: no elastic constants 
  were assigned to material MASS
          in a (thermo)mechanical calculation

 *WARNING in calinput: no elastic constants 
  were assigned to material MASS
          in a (thermo)mechanical calculation

 *WARNING in calinput: no elastic constants 
  were assigned to material MASS
          in a (thermo)mechanical calculation

 *WARNING in calinput: no elastic constants 
  were assigned to material MASS
          in a (thermo)mechanical calculation

 *WARNING in calinput: no elastic constants 
  were assigned to material MASS
          in a (thermo)mechanical calculation

 *WARNING in calinput: no elastic constants 
  were assigned to material MASS
          in a (thermo)mechanical calculation

 *WARNING in calinput: no elastic constants 
  were assigned to material MASS
          in a (thermo)mechanical calculation

 *WARNING in calinput: no elastic constants 
  were assigned to material MASS
          in a (thermo)mechanical calculation

 *WARNING in calinput: no elastic constants 
  were assigned to material MASS
          in a (thermo)mechanical calculation

 *WARNING in calinput: no elastic constants 
  were assigned to material MASS
          in a (thermo)mechanical calculation

 *WARNING in calinput: no elastic constants 
  were assigned to material MASS
          in a (thermo)mechanical calculation

 *WARNING in calinput: no elastic constants 
  were assigned to material MASS
          in a (thermo)mechanical calculation

 *WARNING in calinput: no elastic constants 
  were assigned to material MASS
          in a (thermo)mechanical calculation

 *WARNING in calinput: no elastic constants 
  were assigned to material MASS
          in a (thermo)mechanical calculation

 *WARNING in calinput: no elastic constants 
  were assigned to material MASS
          in a (thermo)mechanical calculation

 *WARNING in calinput: no elastic constants 
  were assigned to material MASS
          in a (thermo)mechanical calculation

 *WARNING in calinput: no elastic constants 
  were assigned to material MASS
          in a (thermo)mechanical calculation

 *WARNING in calinput: no elastic constants 
  were assigned to material MASS
          in a (thermo)mechanical calculation

 *WARNING in calinput: no elastic constants 
  were assigned to material MASS
          in a (thermo)mechanical calculation

 *WARNING in calinput: no elastic constants 
  were assigned to material MASS
          in a (thermo)mechanical calculation

 *WARNING in calinput: no elastic constants 
  were assigned to material MASS
          in a (thermo)mechanical calculation

 *WARNING in calinput: no elastic constants 
  were assigned to material MASS
          in a (thermo)mechanical calculation

 *WARNING in calinput: no elastic constants 
  were assigned to material MASS
          in a (thermo)mechanical calculation

 *WARNING in calinput: no elastic constants 
  were assigned to material MASS
          in a (thermo)mechanical calculation

 *WARNING in calinput: no elastic constants 
  were assigned to material MASS
          in a (thermo)mechanical calculation

 *WARNING in calinput: no elastic constants 
  were assigned to material MASS
          in a (thermo)mechanical calculation

 *WARNING in calinput: no elastic constants 
  were assigned to material MASS
          in a (thermo)mechanical calculation

 *WARNING in calinput: no elastic constants 
  were assigned to material MASS
          in a (thermo)mechanical calculation

 *WARNING in calinput: no elastic constants 
  were assigned to material MASS
          in a (thermo)mechanical calculation

 *WARNING in calinput: no elastic constants 
  were assigned to material MASS
          in a (thermo)mechanical calculation

 *WARNING in calinput: no elastic constants 
  were assigned to material MASS
          in a (thermo)mechanical calculation

 *WARNING in calinput: no elastic constants 
  were assigned to material MASS
          in a (thermo)mechanical calculation

 *WARNING in calinput: no elastic constants 
  were assigned to material MASS
          in a (thermo)mechanical calculation

 *WARNING in calinput: no elastic constants 
  were assigned to material MASS
          in a (thermo)mechanical calculation

 *WARNING in calinput: no elastic constants 
  were assigned to material MASS
          in a (thermo)mechanical calculation

 *WARNING in calinput: no elastic constants 
  were assigned to material MASS
          in a (thermo)mechanical calculation

 *WARNING in calinput: no elastic constants 
  were assigned to material MASS
          in a (thermo)mechanical calculation

 *WARNING in calinput: no elastic constants 
  were assigned to material MASS
          in a (thermo)mechanical calculation

 *WARNING in calinput: no elastic constants 
  were assigned to material MASS
          in a (thermo)mechanical calculation

 *WARNING in calinput: no elastic constants 
  were assigned to material MASS
          in a (thermo)mechanical calculation

 *WARNING in calinput: no elastic constants 
  were assigned to material MASS
          in a (thermo)mechanical calculation

 *WARNING in calinput: no elastic constants 
  were assigned to material MASS
          in a (thermo)mechanical calculation

 *WARNING in calinput: no elastic constants 
  were assigned to material MASS
          in a (thermo)mechanical calculation

 *WARNING in calinput: no elastic constants 
  were assigned to material MASS
          in a (thermo)mechanical calculation

 *WARNING in calinput: no elastic constants 
  were assigned to material MASS
          in a (thermo)mechanical calculation

 *WARNING in calinput: no elastic constants 
  were assigned to material MASS
          in a (thermo)mechanical calculation

 *WARNING in calinput: no elastic constants 
  were assigned to material MASS
          in a (thermo)mechanical calculation

 *WARNING in calinput: no elastic constants 
  were assigned to material MASS
          in a (thermo)mechanical calculation

 *WARNING in calinput: no elastic constants 
  were assigned to material MASS
          in a (thermo)mechanical calculation

 *WARNING in calinput: no elastic constants 
  were assigned to material MASS
          in a (thermo)mechanical calculation

 *WARNING in calinput: no elastic constants 
  were assigned to material MASS
          in a (thermo)mechanical calculation

 *WARNING in calinput: no elastic constants 
  were assigned to material MASS
          in a (thermo)mechanical calculation

 *WARNING in calinput: no elastic constants 
  were assigned to material MASS
          in a (thermo)mechanical calculation

 *WARNING in calinput: no elastic constants 
  were assigned to material MASS
          in a (thermo)mechanical calculation

 *WARNING in calinput: no elastic constants 
  were assigned to material MASS
          in a (thermo)mechanical calculation

 *WARNING in calinput: no elastic constants 
  were assigned to material MASS
          in a (thermo)mechanical calculation

 *WARNING in calinput: no elastic constants 
  were assigned to material MASS
          in a (thermo)mechanical calculation

 *WARNING in calinput: no elastic constants 
  were assigned to material MASS
          in a (thermo)mechanical calculation

 *WARNING in calinput: no elastic constants 
  were assigned to material MASS
          in a (thermo)mechanical calculation

 *WARNING in calinput: no elastic constants 
  were assigned to material MASS
          in a (thermo)mechanical calculation

 *WARNING in calinput: no elastic constants 
  were assigned to material MASS
          in a (thermo)mechanical calculation

 *WARNING in calinput: no elastic constants 
  were assigned to material MASS
          in a (thermo)mechanical calculation

 *WARNING in calinput: no elastic constants 
  were assigned to material MASS
          in a (thermo)mechanical calculation

 *WARNING in calinput: no elastic constants 
  were assigned to material MASS
          in a (thermo)mechanical calculation

 *WARNING in calinput: no elastic constants 
  were assigned to material MASS
          in a (thermo)mechanical calculation

 *WARNING in calinput: no elastic constants 
  were assigned to material MASS
          in a (thermo)mechanical calculation

 *WARNING in calinput: no elastic constants 
  were assigned to material MASS
          in a (thermo)mechanical calculation

 *WARNING in calinput: no elastic constants 
  were assigned to material MASS
          in a (thermo)mechanical calculation

 *WARNING in calinput: no elastic constants 
  were assigned to material MASS
          in a (thermo)mechanical calculation

 *WARNING in calinput: no elastic constants 
  were assigned to material MASS
          in a (thermo)mechanical calculation

 *WARNING in calinput: no elastic constants 
  were assigned to material MASS
          in a (thermo)mechanical calculation

 *WARNING in calinput: no elastic constants 
  were assigned to material MASS
          in a (thermo)mechanical calculation

 *WARNING in calinput: no elastic constants 
  were assigned to material MASS
          in a (thermo)mechanical calculation

 *WARNING in calinput: no elastic constants 
  were assigned to material MASS
          in a (thermo)mechanical calculation

 *WARNING in calinput: no elastic constants 
  were assigned to material MASS
          in a (thermo)mechanical calculation

 *WARNING in calinput: no elastic constants 
  were assigned to material MASS
          in a (thermo)mechanical calculation

 *WARNING in calinput: no elastic constants 
  were assigned to material MASS
          in a (thermo)mechanical calculation

 *WARNING in calinput: no elastic constants 
  were assigned to material MASS
          in a (thermo)mechanical calculation

 *WARNING in calinput: no elastic constants 
  were assigned to material MASS
          in a (thermo)mechanical calculation

 *WARNING in calinput: no elastic constants 
  were assigned to material MASS
          in a (thermo)mechanical calculation

 *WARNING in calinput: no elastic constants 
  were assigned to material MASS
          in a (thermo)mechanical calculation

 *WARNING in calinput: no elastic constants 
  were assigned to material MASS
          in a (thermo)mechanical calculation

 *WARNING in calinput: no elastic constants 
  were assigned to material MASS
          in a (thermo)mechanical calculation

 *WARNING in calinput: no elastic constants 
  were assigned to material MASS
          in a (thermo)mechanical calculation

 *WARNING in calinput: no elastic constants 
  were assigned to material MASS
          in a (thermo)mechanical calculation

 *WARNING in calinput: no elastic constants 
  were assigned to material MASS
          in a (thermo)mechanical calculation

 *WARNING in calinput: no elastic constants 
  were assigned to material MASS
          in a (thermo)mechanical calculation

 *WARNING in calinput: no elastic constants 
  were assigned to material MASS
          in a (thermo)mechanical calculation

 *WARNING in calinput: no elastic constants 
  were assigned to material MASS
          in a (thermo)mechanical calculation

 *WARNING in calinput: no elastic constants 
  were assigned to material MASS
          in a (thermo)mechanical calculation

 *WARNING in calinput: no elastic constants 
  were assigned to material MASS
          in a (thermo)mechanical calculation

 *WARNING in calinput: no elastic constants 
  were assigned to material MASS
          in a (thermo)mechanical calculation

 *WARNING in calinput: no elastic constants 
  were assigned to material MASS
          in a (thermo)mechanical calculation

 *WARNING in calinput: no elastic constants 
  were assigned to material MASS
          in a (thermo)mechanical calculation

 *WARNING in calinput: no elastic constants 
  were assigned to material MASS
          in a (thermo)mechanical calculation

 *WARNING in calinput: no elastic constants 
  were assigned to material MASS
          in a (thermo)mechanical calculation

 *WARNING in calinput: no elastic constants 
  were assigned to material MASS
          in a (thermo)mechanical calculation

 *WARNING in calinput: no elastic constants 
  were assigned to material MASS
          in a (thermo)mechanical calculation

 *WARNING in calinput: no elastic constants 
  were assigned to material MASS
          in a (thermo)mechanical calculation

 *WARNING in calinput: no elastic constants 
  were assigned to material MASS
          in a (thermo)mechanical calculation

 *WARNING in calinput: no elastic constants 
  were assigned to material MASS
          in a (thermo)mechanical calculation

 *WARNING in calinput: no elastic constants 
  were assigned to material MASS
          in a (thermo)mechanical calculation

 *WARNING in calinput: no elastic constants 
  were assigned to material MASS
          in a (thermo)mechanical calculation

 *WARNING in calinput: no elastic constants 
  were assigned to material MASS
          in a (thermo)mechanical calculation

 *WARNING in calinput: no elastic constants 
  were assigned to material MASS
          in a (thermo)mechanical calculation

 *WARNING in calinput: no elastic constants 
  were assigned to material MASS
          in a (thermo)mechanical calculation

 *WARNING in calinput: no elastic constants 
  were assigned to material MASS
          in a (thermo)mechanical calculation

 *WARNING in calinput: no elastic constants 
  were assigned to material MASS
          in a (thermo)mechanical calculation

 *WARNING in calinput: no elastic constants 
  were assigned to material MASS
          in a (thermo)mechanical calculation

 *WARNING in calinput: no elastic constants 
  were assigned to material MASS
          in a (thermo)mechanical calculation

 *WARNING in calinput: no elastic constants 
  were assigned to material MASS
          in a (thermo)mechanical calculation

 *WARNING in calinput: no elastic constants 
  were assigned to material MASS
          in a (thermo)mechanical calculation

 *WARNING in calinput: no elastic constants 
  were assigned to material MASS
          in a (thermo)mechanical calculation

 *WARNING in calinput: no elastic constants 
  were assigned to material MASS
          in a (thermo)mechanical calculation

 *WARNING in calinput: no elastic constants 
  were assigned to material MASS
          in a (thermo)mechanical calculation

 *WARNING in calinput: no elastic constants 
  were assigned to material MASS
          in a (thermo)mechanical calculation

 *WARNING in calinput: no elastic constants 
  were assigned to material MASS
          in a (thermo)mechanical calculation

 *WARNING in calinput: no elastic constants 
  were assigned to material MASS
          in a (thermo)mechanical calculation

 *WARNING in calinput: no elastic constants 
  were assigned to material MASS
          in a (thermo)mechanical calculation

 *WARNING in calinput: no elastic constants 
  were assigned to material MASS
          in a (thermo)mechanical calculation

 *WARNING in calinput: no elastic constants 
  were assigned to material MASS
          in a (thermo)mechanical calculation

 *WARNING in calinput: no elastic constants 
  were assigned to material MASS
          in a (thermo)mechanical calculation

 *WARNING in calinput: no elastic constants 
  were assigned to material MASS
          in a (thermo)mechanical calculation

 *WARNING in calinput: no elastic constants 
  were assigned to material MASS
          in a (thermo)mechanical calculation

 *WARNING in calinput: no elastic constants 
  were assigned to material MASS
          in a (thermo)mechanical calculation

 *WARNING in calinput: no elastic constants 
  were assigned to material MASS
          in a (thermo)mechanical calculation

 *WARNING in calinput: no elastic constants 
  were assigned to material MASS
          in a (thermo)mechanical calculation
 Decascading the MPC's

*INFO in cascade: linear MPCs and
       nonlinear MPCs depend on each other
       common node: 1258 in direction 1

 increment 1 attempt 1 
 increment size= 1.000000e-04
 sum of previous increments=0.000000e+00
 actual step time=1.000000e-04
 actual total time=1.000000e-04

 iteration 1

 Decascading the MPC's

*INFO in cascade: linear MPCs and
       nonlinear MPCs depend on each other
       common node: 1258 in direction 1

 Determining the structure of the matrix:
 number of equations
 16516
 number of nonzero lower triangular matrix elements
 390038

 Using up to 1 cpu(s) for the stress calculation.

 Using up to 1 cpu(s) for the symmetric stiffness/mass contributions.

 Factoring the system of equations using the symmetric spooles solver
 Using up to 1 cpu(s) for spooles.

 Using up to 1 cpu(s) for the stress calculation.

 average force= 2.573551
 time avg. forc= 2.573551
 largest residual force= 90.419202 in node 10275 and dof 1
 largest increment of disp= 1.635300e-01
 largest correction to disp= 1.635300e-01 in node 690 and dof 3

 no convergence

 iteration 2

 Decascading the MPC's

*INFO in cascade: linear MPCs and
       nonlinear MPCs depend on each other
       common node: 1258 in direction 1

 Determining the structure of the matrix:
 number of equations
 16516
 number of nonzero lower triangular matrix elements
 390038

 Using up to 1 cpu(s) for the stress calculation.

 Using up to 1 cpu(s) for the symmetric stiffness/mass contributions.

 Factoring the system of equations using the symmetric spooles solver
 Using up to 1 cpu(s) for spooles.

 Using up to 1 cpu(s) for the stress calculation.

 average force= 2.575187
 time avg. forc= 2.575187
 largest residual force= 1031.993238 in node 1007 and dof 1
 largest increment of disp= 1.635300e-01
 largest correction to disp= 7.034636e-04 in node 593 and dof 3

 no convergence

 iteration 3

 Decascading the MPC's

*INFO in cascade: linear MPCs and
       nonlinear MPCs depend on each other
       common node: 1258 in direction 1

 Determining the structure of the matrix:
 number of equations
 16516
 number of nonzero lower triangular matrix elements
 390038

 Using up to 1 cpu(s) for the stress calculation.

 Using up to 1 cpu(s) for the symmetric stiffness/mass contributions.

 Factoring the system of equations using the symmetric spooles solver
 Using up to 1 cpu(s) for spooles.

 Using up to 1 cpu(s) for the stress calculation.

 average force= 2.575173
 time avg. forc= 2.575173
 largest residual force= 1028.851247 in node 1040 and dof 1
 largest increment of disp= 1.635300e-01
 largest correction to disp= 3.468329e-08 in node 780 and dof 3

 no convergence

 iteration 4

 Decascading the MPC's

*INFO in cascade: linear MPCs and
       nonlinear MPCs depend on each other
       common node: 1258 in direction 1

 Determining the structure of the matrix:
 number of equations
 16516
 number of nonzero lower triangular matrix elements
 390038

 Using up to 1 cpu(s) for the stress calculation.

 Using up to 1 cpu(s) for the symmetric stiffness/mass contributions.

 Factoring the system of equations using the symmetric spooles solver
 Using up to 1 cpu(s) for spooles.

 Using up to 1 cpu(s) for the stress calculation.

 average force= 2.575173
 time avg. forc= 2.575173
 largest residual force= 1028.851186 in node 1040 and dof 1
 largest increment of disp= 1.635300e-01
 largest correction to disp= 5.780721e-11 in node 288 and dof 1

 no convergence

 iteration 5

 Decascading the MPC's

*INFO in cascade: linear MPCs and
       nonlinear MPCs depend on each other
       common node: 1258 in direction 1

 Determining the structure of the matrix:
 number of equations
 16516
 number of nonzero lower triangular matrix elements
 390038

 Using up to 1 cpu(s) for the stress calculation.

 Using up to 1 cpu(s) for the symmetric stiffness/mass contributions.

 Factoring the system of equations using the symmetric spooles solver
 Using up to 1 cpu(s) for spooles.

 Using up to 1 cpu(s) for the stress calculation.

 average force= 2.575173
 time avg. forc= 2.575173
 largest residual force= 1028.851186 in node 1040 and dof 1
 largest increment of disp= 1.635300e-01
 largest correction to disp= 6.813187e-11 in node 288 and dof 2

 no convergence

 iteration 6

 Decascading the MPC's

*INFO in cascade: linear MPCs and
       nonlinear MPCs depend on each other
       common node: 1258 in direction 1

 Determining the structure of the matrix:
 number of equations
 16516
 number of nonzero lower triangular matrix elements
 390038

 Using up to 1 cpu(s) for the stress calculation.

 Using up to 1 cpu(s) for the symmetric stiffness/mass contributions.

 Factoring the system of equations using the symmetric spooles solver
 Using up to 1 cpu(s) for spooles.

 Using up to 1 cpu(s) for the stress calculation.

 average force= 2.575173
 time avg. forc= 2.575173
 largest residual force= 1028.851187 in node 1040 and dof 1
 largest increment of disp= 1.635300e-01
 largest correction to disp= 5.781135e-11 in node 288 and dof 2

 no convergence

 iteration 7

 Decascading the MPC's

*INFO in cascade: linear MPCs and
       nonlinear MPCs depend on each other
       common node: 1258 in direction 1

 Determining the structure of the matrix:
 number of equations
 16516
 number of nonzero lower triangular matrix elements
 390038

 Using up to 1 cpu(s) for the stress calculation.

 Using up to 1 cpu(s) for the symmetric stiffness/mass contributions.

 Factoring the system of equations using the symmetric spooles solver
 Using up to 1 cpu(s) for spooles.

 Using up to 1 cpu(s) for the stress calculation.

 average force= 2.575173
 time avg. forc= 2.575173
 largest residual force= 1028.851186 in node 1040 and dof 1
 largest increment of disp= 1.635300e-01
 largest correction to disp= 6.813695e-11 in node 288 and dof 2

 divergence; the increment size is decreased to 2.500000e-05
 the increment is reattempted

 increment 1 attempt 2 
 increment size= 2.500000e-05
 sum of previous increments=0.000000e+00
 actual step time=2.500000e-05
 actual total time=2.500000e-05

 iteration 1

 Decascading the MPC's

*INFO in cascade: linear MPCs and
       nonlinear MPCs depend on each other
       common node: 1258 in direction 1

 Determining the structure of the matrix:
 number of equations
 16516
 number of nonzero lower triangular matrix elements
 390038

 Using up to 1 cpu(s) for the stress calculation.

 Using up to 1 cpu(s) for the symmetric stiffness/mass contributions.

 Factoring the system of equations using the symmetric spooles solver
 Using up to 1 cpu(s) for spooles.

 Using up to 1 cpu(s) for the stress calculation.

 average force= 0.642825
 time avg. forc= 0.642825
 largest residual force= 5.714275 in node 10275 and dof 1
 largest increment of disp= 4.116230e-02
 largest correction to disp= 4.116230e-02 in node 690 and dof 3

 no convergence

 iteration 2

 Decascading the MPC's

*INFO in cascade: linear MPCs and
       nonlinear MPCs depend on each other
       common node: 1258 in direction 1

 Determining the structure of the matrix:
 number of equations
 16516
 number of nonzero lower triangular matrix elements
 390038

 Using up to 1 cpu(s) for the stress calculation.

 Using up to 1 cpu(s) for the symmetric stiffness/mass contributions.

 Factoring the system of equations using the symmetric spooles solver
 Using up to 1 cpu(s) for spooles.

 Using up to 1 cpu(s) for the stress calculation.

 average force= 0.643940
 time avg. forc= 0.643940
 largest residual force= 258.003278 in node 1007 and dof 1
 largest increment of disp= 4.116230e-02
 largest correction to disp= 4.445433e-05 in node 780 and dof 3

 no convergence

 iteration 3

 Decascading the MPC's

*INFO in cascade: linear MPCs and
       nonlinear MPCs depend on each other
       common node: 1258 in direction 1

 Determining the structure of the matrix:
 number of equations
 16516
 number of nonzero lower triangular matrix elements
 390038

 Using up to 1 cpu(s) for the stress calculation.

 Using up to 1 cpu(s) for the symmetric stiffness/mass contributions.

 Factoring the system of equations using the symmetric spooles solver
 Using up to 1 cpu(s) for spooles.

 Using up to 1 cpu(s) for the stress calculation.

 average force= 0.643939
 time avg. forc= 0.643939
 largest residual force= 257.805456 in node 1040 and dof 1
 largest increment of disp= 4.116230e-02
 largest correction to disp= 1.446972e-10 in node 780 and dof 3

 no convergence

 iteration 4

 Decascading the MPC's

*INFO in cascade: linear MPCs and
       nonlinear MPCs depend on each other
       common node: 1258 in direction 1

 Determining the structure of the matrix:
 number of equations
 16516
 number of nonzero lower triangular matrix elements
 390038

 Using up to 1 cpu(s) for the stress calculation.

 Using up to 1 cpu(s) for the symmetric stiffness/mass contributions.

 Factoring the system of equations using the symmetric spooles solver
 Using up to 1 cpu(s) for spooles.

 Using up to 1 cpu(s) for the stress calculation.

 average force= 0.643939
 time avg. forc= 0.643939
 largest residual force= 257.805456 in node 1040 and dof 1
 largest increment of disp= 4.116230e-02
 largest correction to disp= 5.692621e-11 in node 315 and dof 2

 no convergence

 iteration 5

 Decascading the MPC's

*INFO in cascade: linear MPCs and
       nonlinear MPCs depend on each other
       common node: 1258 in direction 1

 Determining the structure of the matrix:
 number of equations
 16516
 number of nonzero lower triangular matrix elements
 390038

 Using up to 1 cpu(s) for the stress calculation.

 Using up to 1 cpu(s) for the symmetric stiffness/mass contributions.

 Factoring the system of equations using the symmetric spooles solver
 Using up to 1 cpu(s) for spooles.

 Using up to 1 cpu(s) for the stress calculation.

 average force= 0.643939
 time avg. forc= 0.643939
 largest residual force= 257.805456 in node 1040 and dof 1
 largest increment of disp= 4.116230e-02
 largest correction to disp= 7.988927e-11 in node 288 and dof 2

 no convergence

 iteration 6

 Decascading the MPC's

*INFO in cascade: linear MPCs and
       nonlinear MPCs depend on each other
       common node: 1258 in direction 1

 Determining the structure of the matrix:
 number of equations
 16516
 number of nonzero lower triangular matrix elements
 390038

 Using up to 1 cpu(s) for the stress calculation.

 Using up to 1 cpu(s) for the symmetric stiffness/mass contributions.

 Factoring the system of equations using the symmetric spooles solver
 Using up to 1 cpu(s) for spooles.

 Using up to 1 cpu(s) for the stress calculation.

 average force= 0.643939
 time avg. forc= 0.643939
 largest residual force= 257.805456 in node 1040 and dof 1
 largest increment of disp= 4.116230e-02
 largest correction to disp= 4.605904e-11 in node 288 and dof 2

 divergence; the increment size is decreased to 6.250000e-06
 the increment is reattempted

 increment 1 attempt 3 
 increment size= 6.250000e-06
 sum of previous increments=0.000000e+00
 actual step time=6.250000e-06
 actual total time=6.250000e-06

 iteration 1

 Decascading the MPC's

*INFO in cascade: linear MPCs and
       nonlinear MPCs depend on each other
       common node: 1258 in direction 1

 Determining the structure of the matrix:
 number of equations
 16516
 number of nonzero lower triangular matrix elements
 390038

 Using up to 1 cpu(s) for the stress calculation.

 Using up to 1 cpu(s) for the symmetric stiffness/mass contributions.

 Factoring the system of equations using the symmetric spooles solver
 Using up to 1 cpu(s) for spooles.

 Using up to 1 cpu(s) for the stress calculation.

 average force= 0.160687
 time avg. forc= 0.160687
 largest residual force= 0.358139 in node 10275 and dof 1
 largest increment of disp= 1.030821e-02
 largest correction to disp= 1.030821e-02 in node 593 and dof 3

 no convergence

 iteration 2

 Decascading the MPC's

*INFO in cascade: linear MPCs and
       nonlinear MPCs depend on each other
       common node: 1258 in direction 1

 Determining the structure of the matrix:
 number of equations
 16516
 number of nonzero lower triangular matrix elements
 390038

 Using up to 1 cpu(s) for the stress calculation.

 Using up to 1 cpu(s) for the symmetric stiffness/mass contributions.

 Factoring the system of equations using the symmetric spooles solver
 Using up to 1 cpu(s) for spooles.

 Using up to 1 cpu(s) for the stress calculation.

 average force= 0.160994
 time avg. forc= 0.160994
 largest residual force= 64.501123 in node 1040 and dof 1
 largest increment of disp= 1.030821e-02
 largest correction to disp= 2.788643e-06 in node 780 and dof 3

 no convergence

 iteration 3

 Decascading the MPC's

*INFO in cascade: linear MPCs and
       nonlinear MPCs depend on each other
       common node: 1258 in direction 1

 Determining the structure of the matrix:
 number of equations
 16516
 number of nonzero lower triangular matrix elements
 390038

 Using up to 1 cpu(s) for the stress calculation.

 Using up to 1 cpu(s) for the symmetric stiffness/mass contributions.

 Factoring the system of equations using the symmetric spooles solver
 Using up to 1 cpu(s) for spooles.

 Using up to 1 cpu(s) for the stress calculation.

 average force= 0.160994
 time avg. forc= 0.160994
 largest residual force= 64.488736 in node 1040 and dof 1
 largest increment of disp= 1.030821e-02
 largest correction to disp= 5.165667e-11 in node 288 and dof 2

 no convergence

 iteration 4

 Decascading the MPC's

*INFO in cascade: linear MPCs and
       nonlinear MPCs depend on each other
       common node: 1258 in direction 1

 Determining the structure of the matrix:
 number of equations
 16516
 number of nonzero lower triangular matrix elements
 390038

 Using up to 1 cpu(s) for the stress calculation.

 Using up to 1 cpu(s) for the symmetric stiffness/mass contributions.

 Factoring the system of equations using the symmetric spooles solver
 Using up to 1 cpu(s) for spooles.

 Using up to 1 cpu(s) for the stress calculation.

 average force= 0.160994
 time avg. forc= 0.160994
 largest residual force= 64.488736 in node 1040 and dof 1
 largest increment of disp= 1.030821e-02
 largest correction to disp= 7.428326e-11 in node 288 and dof 2

 no convergence

 iteration 5

 Decascading the MPC's

*INFO in cascade: linear MPCs and
       nonlinear MPCs depend on each other
       common node: 1258 in direction 1

 Determining the structure of the matrix:
 number of equations
 16516
 number of nonzero lower triangular matrix elements
 390038

 Using up to 1 cpu(s) for the stress calculation.

 Using up to 1 cpu(s) for the symmetric stiffness/mass contributions.

 Factoring the system of equations using the symmetric spooles solver
 Using up to 1 cpu(s) for spooles.

 Using up to 1 cpu(s) for the stress calculation.

 average force= 0.160994
 time avg. forc= 0.160994
 largest residual force= 64.488736 in node 1007 and dof 1
 largest increment of disp= 1.030821e-02
 largest correction to disp= 5.165905e-11 in node 288 and dof 1

 divergence; the increment size is decreased to 1.562500e-06
 the increment is reattempted

 increment 1 attempt 4 
 increment size= 1.562500e-06
 sum of previous increments=0.000000e+00
 actual step time=1.562500e-06
 actual total time=1.562500e-06

 iteration 1

 Decascading the MPC's

*INFO in cascade: linear MPCs and
       nonlinear MPCs depend on each other
       common node: 1258 in direction 1

 Determining the structure of the matrix:
 number of equations
 16516
 number of nonzero lower triangular matrix elements
 390038

 Using up to 1 cpu(s) for the stress calculation.

 Using up to 1 cpu(s) for the symmetric stiffness/mass contributions.

 Factoring the system of equations using the symmetric spooles solver
 Using up to 1 cpu(s) for spooles.

 Using up to 1 cpu(s) for the stress calculation.

 average force= 0.040172
 time avg. forc= 0.040172
 largest residual force= 0.022399 in node 10349 and dof 1
 largest increment of disp= 2.578158e-03
 largest correction to disp= 2.578158e-03 in node 593 and dof 3

 no convergence

 iteration 2

 Decascading the MPC's

*INFO in cascade: linear MPCs and
       nonlinear MPCs depend on each other
       common node: 1258 in direction 1

 Determining the structure of the matrix:
 number of equations
 16516
 number of nonzero lower triangular matrix elements
 390038

 Using up to 1 cpu(s) for the stress calculation.

 Using up to 1 cpu(s) for the symmetric stiffness/mass contributions.

 Factoring the system of equations using the symmetric spooles solver
 Using up to 1 cpu(s) for spooles.

 Using up to 1 cpu(s) for the stress calculation.

 average force= 0.040249
 time avg. forc= 0.040249
 largest residual force= 16.125300 in node 1007 and dof 1
 largest increment of disp= 2.578158e-03
 largest correction to disp= 1.740824e-07 in node 690 and dof 3

 no convergence

 iteration 3

 Decascading the MPC's

*INFO in cascade: linear MPCs and
       nonlinear MPCs depend on each other
       common node: 1258 in direction 1

 Determining the structure of the matrix:
 number of equations
 16516
 number of nonzero lower triangular matrix elements
 390038

 Using up to 1 cpu(s) for the stress calculation.

 Using up to 1 cpu(s) for the symmetric stiffness/mass contributions.

 Factoring the system of equations using the symmetric spooles solver
 Using up to 1 cpu(s) for spooles.

 Using up to 1 cpu(s) for the stress calculation.

 average force= 0.040249
 time avg. forc= 0.040249
 largest residual force= 16.124525 in node 1040 and dof 1
 largest increment of disp= 2.578158e-03
 largest correction to disp= 5.047776e-11 in node 315 and dof 1

 no convergence

 iteration 4

 Decascading the MPC's

*INFO in cascade: linear MPCs and
       nonlinear MPCs depend on each other
       common node: 1258 in direction 1

 Determining the structure of the matrix:
 number of equations
 16516
 number of nonzero lower triangular matrix elements
 390038

 Using up to 1 cpu(s) for the stress calculation.

 Using up to 1 cpu(s) for the symmetric stiffness/mass contributions.

 Factoring the system of equations using the symmetric spooles solver
 Using up to 1 cpu(s) for spooles.

 Using up to 1 cpu(s) for the stress calculation.

 average force= 0.040249
 time avg. forc= 0.040249
 largest residual force= 16.124525 in node 1040 and dof 1
 largest increment of disp= 2.578158e-03
 largest correction to disp= 1.879223e-11 in node 315 and dof 2

 no convergence

 iteration 5

 Decascading the MPC's

*INFO in cascade: linear MPCs and
       nonlinear MPCs depend on each other
       common node: 1258 in direction 1

 Determining the structure of the matrix:
 number of equations
 16516
 number of nonzero lower triangular matrix elements
 390038

 Using up to 1 cpu(s) for the stress calculation.

 Using up to 1 cpu(s) for the symmetric stiffness/mass contributions.

 Factoring the system of equations using the symmetric spooles solver
 Using up to 1 cpu(s) for spooles.

 Using up to 1 cpu(s) for the stress calculation.

 average force= 0.040249
 time avg. forc= 0.040249
 largest residual force= 16.124525 in node 1007 and dof 1
 largest increment of disp= 2.578158e-03
 largest correction to disp= 1.878960e-11 in node 315 and dof 2

 no convergence

 iteration 6

 Decascading the MPC's

*INFO in cascade: linear MPCs and
       nonlinear MPCs depend on each other
       common node: 1258 in direction 1

 Determining the structure of the matrix:
 number of equations
 16516
 number of nonzero lower triangular matrix elements
 390038

 Using up to 1 cpu(s) for the stress calculation.

 Using up to 1 cpu(s) for the symmetric stiffness/mass contributions.

 Factoring the system of equations using the symmetric spooles solver
 Using up to 1 cpu(s) for spooles.

 Using up to 1 cpu(s) for the stress calculation.

 average force= 0.040249
 time avg. forc= 0.040249
 largest residual force= 16.124525 in node 1040 and dof 1
 largest increment of disp= 2.578158e-03
 largest correction to disp= 1.879021e-11 in node 315 and dof 2

 no convergence

 iteration 7

 Decascading the MPC's

*INFO in cascade: linear MPCs and
       nonlinear MPCs depend on each other
       common node: 1258 in direction 1

 Determining the structure of the matrix:
 number of equations
 16516
 number of nonzero lower triangular matrix elements
 390038

 Using up to 1 cpu(s) for the stress calculation.

 Using up to 1 cpu(s) for the symmetric stiffness/mass contributions.

 Factoring the system of equations using the symmetric spooles solver
 Using up to 1 cpu(s) for spooles.

 Using up to 1 cpu(s) for the stress calculation.

 average force= 0.040249
 time avg. forc= 0.040249
 largest residual force= 16.124525 in node 1040 and dof 1
 largest increment of disp= 2.578158e-03
 largest correction to disp= 5.047655e-11 in node 315 and dof 2



 STEP            1

 Static analysis was selected

 Newton-Raphson iterative procedure is active

 Nonlinear geometric effects are taken into account

 divergence; the increment size is decreased to 3.906250e-07
 the increment is reattempted


 *ERROR: increment size smaller than minimum
 best solution and residuals are in the frd file

