/COM,ANSYS RELEASE 2026 R1           BUILD 26.1      UP20260202       13:35:22

 *** WARNING ***                         ELAPSED TIME =      14.078   TIME= 13:35:36
 Constraint equations may not be valid for elements that undergo large   
 deflections.                                                            

 *** WARNING ***                         ELAPSED TIME =     137.786   TIME= 13:37:40
 Coefficient ratio exceeds 1.0e8 - Check results.                        

 *** WARNING ***                         ELAPSED TIME =     165.247   TIME= 13:38:08
 A reference moment value times the tolerance is used by the             
 Newton-Raphson method for checking convergence.  The calculated         
 reference MOMENT CONVERGENCE VALUE = 7.285981948E-02 is less than a     
 threshold.  This threshold is internally calculated.  You can           
 overwrite it by specifying MINREF on the CNVTOL command.  Check         
 results carefully.                                                      

 *** WARNING ***                         ELAPSED TIME =    3581.371   TIME= 14:35:04
 A reference moment value times the tolerance is used by the             
 Newton-Raphson method for checking convergence.  The calculated         
 reference MOMENT CONVERGENCE VALUE = 1.679895055E-03 is less than a     
 threshold.  This threshold is internally calculated.  You can           
 overwrite it by specifying MINREF on the CNVTOL command.  Check         
 results carefully.                                                      
/COM,ANSYS RELEASE 2026 R1           BUILD 26.1      UP20260202       15:34:31
/COM,ANSYS RELEASE 2026 R1           BUILD 26.1      UP20260202       15:34:32
/COM,ANSYS RELEASE 2026 R1           BUILD 26.1      UP20260202       15:38:10
/COM,ANSYS RELEASE 2026 R1           BUILD 26.1      UP20260202       15:38:12

 *** ERROR ***                           ELAPSED TIME =       5.504   TIME= 15:38:16
 Data is not on the MODE file.  The *GET command failed.                 
/COM,ANSYS RELEASE 2026 R1           BUILD 26.1      UP20260202       15:40:02
/COM,ANSYS RELEASE 2026 R1           BUILD 26.1      UP20260202       15:40:04

 *** ERROR ***                           ELAPSED TIME =       3.955   TIME= 15:40:06
 Data is not on the MODE file.  The *GET command failed.                 
/COM,ANSYS RELEASE 2026 R1           BUILD 26.1      UP20260202       15:41:10
/COM,ANSYS RELEASE 2026 R1           BUILD 26.1      UP20260202       15:41:11

 *** WARNING ***                         ELAPSED TIME =     144.202   TIME= 15:43:34
 Item SENE has not been stored in the database.  The ETABLE command is   
 ignored.                                                                

 *** ERROR ***                           ELAPSED TIME =     144.202   TIME= 15:43:34
 Unknown label in field 6 ( S10SENE ) of *GET command.                   
  Line= *GET,C20_T,SSUM,0,ITEM,S10SENE                                   
  The *GET command is ignored.                                           
/COM,ANSYS RELEASE 2026 R1           BUILD 26.1      UP20260202       15:44:52
/COM,ANSYS RELEASE 2026 R1           BUILD 26.1      UP20260202       15:44:54
