    1C
    1UIndependent taut-string prestress verification                    
    1UUSER                                                              
    1UDATE              05.september.2026                               
    1UTIME              18:00:18                                        
    1UHOST                                                              
    1UPGM               CalculiX                                        
    1UVERSION           Version 2.23                             
    1UCOMPILETIME       Fri Oct 17 18:38:41 CEST 2025                    
    1UDIR                                                               
    1UDBN                                                               
    1UMAT    1SPRING                                                    
    1UMAT    2MASS                                                      
    1UMAT    3MASS                                                      
    2C                           101                                     1
 -1         1 0.00000E+00 0.00000E+00 0.00000E+00
 -1         2 1.00000E+00 0.00000E+00 0.00000E+00
 -1         3 2.00000E+00 0.00000E+00 0.00000E+00
 -1         4 3.00000E+00 0.00000E+00 0.00000E+00
 -1         5 4.00000E+00 0.00000E+00 0.00000E+00
 -1         6 5.00000E+00 0.00000E+00 0.00000E+00
 -1         7 6.00000E+00 0.00000E+00 0.00000E+00
 -1         8 7.00000E+00 0.00000E+00 0.00000E+00
 -1         9 8.00000E+00 0.00000E+00 0.00000E+00
 -1        10 9.00000E+00 0.00000E+00 0.00000E+00
 -1        11 1.00000E+01 0.00000E+00 0.00000E+00
 -1        12 1.10000E+01 0.00000E+00 0.00000E+00
 -1        13 1.20000E+01 0.00000E+00 0.00000E+00
 -1        14 1.30000E+01 0.00000E+00 0.00000E+00
 -1        15 1.40000E+01 0.00000E+00 0.00000E+00
 -1        16 1.50000E+01 0.00000E+00 0.00000E+00
 -1        17 1.60000E+01 0.00000E+00 0.00000E+00
 -1        18 1.70000E+01 0.00000E+00 0.00000E+00
 -1        19 1.80000E+01 0.00000E+00 0.00000E+00
 -1        20 1.90000E+01 0.00000E+00 0.00000E+00
 -1        21 2.00000E+01 0.00000E+00 0.00000E+00
 -1        22 2.10000E+01 0.00000E+00 0.00000E+00
 -1        23 2.20000E+01 0.00000E+00 0.00000E+00
 -1        24 2.30000E+01 0.00000E+00 0.00000E+00
 -1        25 2.40000E+01 0.00000E+00 0.00000E+00
 -1        26 2.50000E+01 0.00000E+00 0.00000E+00
 -1        27 2.60000E+01 0.00000E+00 0.00000E+00
 -1        28 2.70000E+01 0.00000E+00 0.00000E+00
 -1        29 2.80000E+01 0.00000E+00 0.00000E+00
 -1        30 2.90000E+01 0.00000E+00 0.00000E+00
 -1        31 3.00000E+01 0.00000E+00 0.00000E+00
 -1        32 3.10000E+01 0.00000E+00 0.00000E+00
 -1        33 3.20000E+01 0.00000E+00 0.00000E+00
 -1        34 3.30000E+01 0.00000E+00 0.00000E+00
 -1        35 3.40000E+01 0.00000E+00 0.00000E+00
 -1        36 3.50000E+01 0.00000E+00 0.00000E+00
 -1        37 3.60000E+01 0.00000E+00 0.00000E+00
 -1        38 3.70000E+01 0.00000E+00 0.00000E+00
 -1        39 3.80000E+01 0.00000E+00 0.00000E+00
 -1        40 3.90000E+01 0.00000E+00 0.00000E+00
 -1        41 4.00000E+01 0.00000E+00 0.00000E+00
 -1        42 4.10000E+01 0.00000E+00 0.00000E+00
 -1        43 4.20000E+01 0.00000E+00 0.00000E+00
 -1        44 4.30000E+01 0.00000E+00 0.00000E+00
 -1        45 4.40000E+01 0.00000E+00 0.00000E+00
 -1        46 4.50000E+01 0.00000E+00 0.00000E+00
 -1        47 4.60000E+01 0.00000E+00 0.00000E+00
 -1        48 4.70000E+01 0.00000E+00 0.00000E+00
 -1        49 4.80000E+01 0.00000E+00 0.00000E+00
 -1        50 4.90000E+01 0.00000E+00 0.00000E+00
 -1        51 5.00000E+01 0.00000E+00 0.00000E+00
 -1        52 5.10000E+01 0.00000E+00 0.00000E+00
 -1        53 5.20000E+01 0.00000E+00 0.00000E+00
 -1        54 5.30000E+01 0.00000E+00 0.00000E+00
 -1        55 5.40000E+01 0.00000E+00 0.00000E+00
 -1        56 5.50000E+01 0.00000E+00 0.00000E+00
 -1        57 5.60000E+01 0.00000E+00 0.00000E+00
 -1        58 5.70000E+01 0.00000E+00 0.00000E+00
 -1        59 5.80000E+01 0.00000E+00 0.00000E+00
 -1        60 5.90000E+01 0.00000E+00 0.00000E+00
 -1        61 6.00000E+01 0.00000E+00 0.00000E+00
 -1        62 6.10000E+01 0.00000E+00 0.00000E+00
 -1        63 6.20000E+01 0.00000E+00 0.00000E+00
 -1        64 6.30000E+01 0.00000E+00 0.00000E+00
 -1        65 6.40000E+01 0.00000E+00 0.00000E+00
 -1        66 6.50000E+01 0.00000E+00 0.00000E+00
 -1        67 6.60000E+01 0.00000E+00 0.00000E+00
 -1        68 6.70000E+01 0.00000E+00 0.00000E+00
 -1        69 6.80000E+01 0.00000E+00 0.00000E+00
 -1        70 6.90000E+01 0.00000E+00 0.00000E+00
 -1        71 7.00000E+01 0.00000E+00 0.00000E+00
 -1        72 7.10000E+01 0.00000E+00 0.00000E+00
 -1        73 7.20000E+01 0.00000E+00 0.00000E+00
 -1        74 7.30000E+01 0.00000E+00 0.00000E+00
 -1        75 7.40000E+01 0.00000E+00 0.00000E+00
 -1        76 7.50000E+01 0.00000E+00 0.00000E+00
 -1        77 7.60000E+01 0.00000E+00 0.00000E+00
 -1        78 7.70000E+01 0.00000E+00 0.00000E+00
 -1        79 7.80000E+01 0.00000E+00 0.00000E+00
 -1        80 7.90000E+01 0.00000E+00 0.00000E+00
 -1        81 8.00000E+01 0.00000E+00 0.00000E+00
 -1        82 8.10000E+01 0.00000E+00 0.00000E+00
 -1        83 8.20000E+01 0.00000E+00 0.00000E+00
 -1        84 8.30000E+01 0.00000E+00 0.00000E+00
 -1        85 8.40000E+01 0.00000E+00 0.00000E+00
 -1        86 8.50000E+01 0.00000E+00 0.00000E+00
 -1        87 8.60000E+01 0.00000E+00 0.00000E+00
 -1        88 8.70000E+01 0.00000E+00 0.00000E+00
 -1        89 8.80000E+01 0.00000E+00 0.00000E+00
 -1        90 8.90000E+01 0.00000E+00 0.00000E+00
 -1        91 9.00000E+01 0.00000E+00 0.00000E+00
 -1        92 9.10000E+01 0.00000E+00 0.00000E+00
 -1        93 9.20000E+01 0.00000E+00 0.00000E+00
 -1        94 9.30000E+01 0.00000E+00 0.00000E+00
 -1        95 9.40000E+01 0.00000E+00 0.00000E+00
 -1        96 9.50000E+01 0.00000E+00 0.00000E+00
 -1        97 9.60000E+01 0.00000E+00 0.00000E+00
 -1        98 9.70000E+01 0.00000E+00 0.00000E+00
 -1        99 9.80000E+01 0.00000E+00 0.00000E+00
 -1       100 9.90000E+01 0.00000E+00 0.00000E+00
 -1       101 1.00000E+02 0.00000E+00 0.00000E+00
 -3
    3C                           100                                     1
 -1         1   11    0    1
 -2         1         2
 -1         2   11    0    1
 -2         2         3
 -1         3   11    0    1
 -2         3         4
 -1         4   11    0    1
 -2         4         5
 -1         5   11    0    1
 -2         5         6
 -1         6   11    0    1
 -2         6         7
 -1         7   11    0    1
 -2         7         8
 -1         8   11    0    1
 -2         8         9
 -1         9   11    0    1
 -2         9        10
 -1        10   11    0    1
 -2        10        11
 -1        11   11    0    1
 -2        11        12
 -1        12   11    0    1
 -2        12        13
 -1        13   11    0    1
 -2        13        14
 -1        14   11    0    1
 -2        14        15
 -1        15   11    0    1
 -2        15        16
 -1        16   11    0    1
 -2        16        17
 -1        17   11    0    1
 -2        17        18
 -1        18   11    0    1
 -2        18        19
 -1        19   11    0    1
 -2        19        20
 -1        20   11    0    1
 -2        20        21
 -1        21   11    0    1
 -2        21        22
 -1        22   11    0    1
 -2        22        23
 -1        23   11    0    1
 -2        23        24
 -1        24   11    0    1
 -2        24        25
 -1        25   11    0    1
 -2        25        26
 -1        26   11    0    1
 -2        26        27
 -1        27   11    0    1
 -2        27        28
 -1        28   11    0    1
 -2        28        29
 -1        29   11    0    1
 -2        29        30
 -1        30   11    0    1
 -2        30        31
 -1        31   11    0    1
 -2        31        32
 -1        32   11    0    1
 -2        32        33
 -1        33   11    0    1
 -2        33        34
 -1        34   11    0    1
 -2        34        35
 -1        35   11    0    1
 -2        35        36
 -1        36   11    0    1
 -2        36        37
 -1        37   11    0    1
 -2        37        38
 -1        38   11    0    1
 -2        38        39
 -1        39   11    0    1
 -2        39        40
 -1        40   11    0    1
 -2        40        41
 -1        41   11    0    1
 -2        41        42
 -1        42   11    0    1
 -2        42        43
 -1        43   11    0    1
 -2        43        44
 -1        44   11    0    1
 -2        44        45
 -1        45   11    0    1
 -2        45        46
 -1        46   11    0    1
 -2        46        47
 -1        47   11    0    1
 -2        47        48
 -1        48   11    0    1
 -2        48        49
 -1        49   11    0    1
 -2        49        50
 -1        50   11    0    1
 -2        50        51
 -1        51   11    0    1
 -2        51        52
 -1        52   11    0    1
 -2        52        53
 -1        53   11    0    1
 -2        53        54
 -1        54   11    0    1
 -2        54        55
 -1        55   11    0    1
 -2        55        56
 -1        56   11    0    1
 -2        56        57
 -1        57   11    0    1
 -2        57        58
 -1        58   11    0    1
 -2        58        59
 -1        59   11    0    1
 -2        59        60
 -1        60   11    0    1
 -2        60        61
 -1        61   11    0    1
 -2        61        62
 -1        62   11    0    1
 -2        62        63
 -1        63   11    0    1
 -2        63        64
 -1        64   11    0    1
 -2        64        65
 -1        65   11    0    1
 -2        65        66
 -1        66   11    0    1
 -2        66        67
 -1        67   11    0    1
 -2        67        68
 -1        68   11    0    1
 -2        68        69
 -1        69   11    0    1
 -2        69        70
 -1        70   11    0    1
 -2        70        71
 -1        71   11    0    1
 -2        71        72
 -1        72   11    0    1
 -2        72        73
 -1        73   11    0    1
 -2        73        74
 -1        74   11    0    1
 -2        74        75
 -1        75   11    0    1
 -2        75        76
 -1        76   11    0    1
 -2        76        77
 -1        77   11    0    1
 -2        77        78
 -1        78   11    0    1
 -2        78        79
 -1        79   11    0    1
 -2        79        80
 -1        80   11    0    1
 -2        80        81
 -1        81   11    0    1
 -2        81        82
 -1        82   11    0    1
 -2        82        83
 -1        83   11    0    1
 -2        83        84
 -1        84   11    0    1
 -2        84        85
 -1        85   11    0    1
 -2        85        86
 -1        86   11    0    1
 -2        86        87
 -1        87   11    0    1
 -2        87        88
 -1        88   11    0    1
 -2        88        89
 -1        89   11    0    1
 -2        89        90
 -1        90   11    0    1
 -2        90        91
 -1        91   11    0    1
 -2        91        92
 -1        92   11    0    1
 -2        92        93
 -1        93   11    0    1
 -2        93        94
 -1        94   11    0    1
 -2        94        95
 -1        95   11    0    1
 -2        95        96
 -1        96   11    0    1
 -2        96        97
 -1        97   11    0    1
 -2        97        98
 -1        98   11    0    1
 -2        98        99
 -1        99   11    0    1
 -2        99       100
 -1       100   11    0    1
 -2       100       101
 -3
    1PSTEP                         1           1           2          
    1PGM                1.000000E+00                                  
    1PGK                4.111997E-01                                  
    1PHID                         -1                                  
    1PSUBC                         0                                  
    1PMODE                         1                                  
  100CL  102 1.02058E-01         101                     2    2MODAL      1
 -4  DISP        4    1
 -5  D1          1    2    1    0
 -5  D2          1    2    2    0
 -5  D3          1    2    3    0
 -5  ALL         1    2    0    0    1ALL
 -1         1 0.00000E+00 0.00000E+00 0.00000E+00
 -1         2 2.94344E-20-2.86456E-03 1.27541E-04
 -1         3 8.42798E-20-5.72629E-03 2.54956E-04
 -1         4 7.53859E-20-8.58237E-03 3.82119E-04
 -1         5 1.47384E-19-1.14300E-02 5.08906E-04
 -1         6 1.38913E-19-1.42663E-02 6.35190E-04
 -1         7 2.11758E-19-1.70886E-02 7.60847E-04
 -1         8 1.96512E-19-1.98940E-02 8.85753E-04
 -1         9 2.32087E-19-2.26797E-02 1.00979E-03
 -1        10 2.62580E-19-2.54431E-02 1.13282E-03
 -1        11 2.94767E-19-2.81813E-02 1.25474E-03
 -1        12 3.37119E-19-3.08918E-02 1.37542E-03
 -1        13 2.28699E-19-3.35718E-02 1.49474E-03
 -1        14 2.47334E-19-3.62186E-02 1.61259E-03
 -1        15 2.43945E-19-3.88297E-02 1.72884E-03
 -1        16 1.93124E-19-4.14025E-02 1.84339E-03
 -1        17 2.10064E-19-4.39344E-02 1.95612E-03
 -1        18 2.47334E-19-4.64229E-02 2.06692E-03
 -1        19 2.67662E-19-4.88657E-02 2.17568E-03
 -1        20 2.27005E-19-5.12602E-02 2.28229E-03
 -1        21 3.08320E-19-5.36041E-02 2.38665E-03
 -1        22 3.32037E-19-5.58951E-02 2.48866E-03
 -1        23 3.01544E-19-5.81310E-02 2.58821E-03
 -1        24 2.64274E-19-6.03095E-02 2.68520E-03
 -1        25 2.57498E-19-6.24285E-02 2.77955E-03
 -1        26 2.13452E-19-6.44858E-02 2.87115E-03
 -1        27 1.86347E-19-6.64796E-02 2.95992E-03
 -1        28 1.35525E-19-6.84077E-02 3.04577E-03
 -1        29 1.18585E-19-7.02683E-02 3.12861E-03
 -1        30 7.79270E-20-7.20596E-02 3.20836E-03
 -1        31 5.08220E-20-7.37797E-02 3.28495E-03
 -1        32-2.37169E-20-7.54271E-02 3.35829E-03
 -1        33-5.42101E-20-7.70000E-02 3.42833E-03
 -1        34-8.13152E-20-7.84969E-02 3.49497E-03
 -1        35 4.06576E-20-7.99163E-02 3.55817E-03
 -1        36-1.69407E-20-8.12569E-02 3.61786E-03
 -1        37 8.47033E-20-8.25173E-02 3.67398E-03
 -1        38 6.77626E-20-8.36962E-02 3.72647E-03
 -1        39 7.45389E-20-8.47926E-02 3.77528E-03
 -1        40 1.66018E-19-8.58053E-02 3.82037E-03
 -1        41 2.20229E-19-8.67333E-02 3.86169E-03
 -1        42 2.50722E-19-8.75757E-02 3.89919E-03
 -1        43 3.42201E-19-8.83316E-02 3.93285E-03
 -1        44 3.93023E-19-8.90004E-02 3.96263E-03
 -1        45 4.33681E-19-8.95814E-02 3.98850E-03
 -1        46 4.94667E-19-9.00740E-02 4.01043E-03
 -1        47 5.08220E-19-9.04776E-02 4.02840E-03
 -1        48 4.94667E-19-9.07920E-02 4.04240E-03
 -1        49 5.01444E-19-9.10168E-02 4.05241E-03
 -1        50 4.74338E-19-9.11517E-02 4.05842E-03
 -1        51 6.91179E-19-9.11967E-02 4.06042E-03
 -1        52 9.28348E-19-9.11517E-02 4.05842E-03
 -1        53 8.74138E-19-9.10168E-02 4.05241E-03
 -1        54 8.19928E-19-9.07920E-02 4.04240E-03
 -1        55 1.03677E-18-9.04776E-02 4.02840E-03
 -1        56 9.89334E-19-9.00740E-02 4.01043E-03
 -1        57 9.41901E-19-8.95814E-02 3.98850E-03
 -1        58 1.00966E-18-8.90004E-02 3.96263E-03
 -1        59 1.05032E-18-8.83316E-02 3.93285E-03
 -1        60 1.05032E-18-8.75757E-02 3.89919E-03
 -1        61 1.08420E-18-8.67333E-02 3.86169E-03
 -1        62 9.69006E-19-8.58053E-02 3.82037E-03
 -1        63 1.00966E-18-8.47926E-02 3.77528E-03
 -1        64 8.87691E-19-8.36962E-02 3.72647E-03
 -1        65 8.53809E-19-8.25173E-02 3.67398E-03
 -1        66 8.53809E-19-8.12569E-02 3.61786E-03
 -1        67 6.97955E-19-7.99163E-02 3.55817E-03
 -1        68 9.14796E-19-7.84969E-02 3.49497E-03
 -1        69 9.08019E-19-7.70000E-02 3.42833E-03
 -1        70 9.35124E-19-7.54271E-02 3.35829E-03
 -1        71 8.40257E-19-7.37797E-02 3.28495E-03
 -1        72 6.91179E-19-7.20596E-02 3.20836E-03
 -1        73 7.11508E-19-7.02683E-02 3.12861E-03
 -1        74 7.25060E-19-6.84077E-02 3.04577E-03
 -1        75 7.52165E-19-6.64796E-02 2.95992E-03
 -1        76 6.91179E-19-6.44858E-02 2.87115E-03
 -1        77 6.91179E-19-6.24285E-02 2.77955E-03
 -1        78 6.97955E-19-6.03095E-02 2.68520E-03
 -1        79 6.30193E-19-5.81310E-02 2.58821E-03
 -1        80 6.09864E-19-5.58951E-02 2.48866E-03
 -1        81 4.81115E-19-5.36041E-02 2.38665E-03
 -1        82 5.79371E-19-5.12602E-02 2.28229E-03
 -1        83 8.47033E-19-4.88657E-02 2.17568E-03
 -1        84 8.67362E-19-4.64229E-02 2.06692E-03
 -1        85 6.77626E-19-4.39344E-02 1.95612E-03
 -1        86 6.77626E-19-4.14025E-02 1.84339E-03
 -1        87 7.89435E-19-3.88297E-02 1.72884E-03
 -1        88 6.20028E-19-3.62186E-02 1.61259E-03
 -1        89 8.33480E-19-3.35718E-02 1.49474E-03
 -1        90 7.55553E-19-3.08918E-02 1.37542E-03
 -1        91 5.45489E-19-2.81813E-02 1.25474E-03
 -1        92 5.82759E-19-2.54431E-02 1.13282E-03
 -1        93 5.42101E-19-2.26797E-02 1.00979E-03
 -1        94 7.31836E-19-1.98940E-02 8.85753E-04
 -1        95 5.11608E-19-1.70886E-02 7.60847E-04
 -1        96 3.76083E-19-1.42663E-02 6.35190E-04
 -1        97 3.48978E-19-1.14300E-02 5.08906E-04
 -1        98 2.32087E-19-8.58237E-03 3.82119E-04
 -1        99 1.16044E-19-5.72629E-03 2.54956E-04
 -1       100 7.07273E-20-2.86456E-03 1.27541E-04
 -1       101 0.00000E+00 0.00000E+00 0.00000E+00
 -3
    1PSTEP                         2           1           2          
    1PGM                1.000000E+00                                  
    1PGK                4.111997E-01                                  
    1PHID                         -1                                  
    1PSUBC                         0                                  
    1PMODE                         2                                  
  100CL  103 1.02058E-01         101                     2    3MODAL      1
 -4  DISP        4    1
 -5  D1          1    2    1    0
 -5  D2          1    2    2    0
 -5  D3          1    2    3    0
 -5  ALL         1    2    0    0    1ALL
 -1         1 0.00000E+00 0.00000E+00 0.00000E+00
 -1         2 1.39760E-20-1.27541E-04-2.86456E-03
 -1         3 4.31987E-20-2.54956E-04-5.72629E-03
 -1         4 4.91279E-20-3.82119E-04-8.58237E-03
 -1         5 5.71747E-20-5.08906E-04-1.14300E-02
 -1         6 8.04681E-20-6.35190E-04-1.42663E-02
 -1         7 1.24514E-19-7.60847E-04-1.70886E-02
 -1         8 1.44843E-19-8.85753E-04-1.98940E-02
 -1         9 1.09267E-19-1.00979E-03-2.26797E-02
 -1        10 1.71948E-19-1.13282E-03-2.54431E-02
 -1        11 1.59242E-19-1.25474E-03-2.81813E-02
 -1        12 1.96512E-19-1.37542E-03-3.08918E-02
 -1        13 1.12655E-19-1.49474E-03-3.35718E-02
 -1        14 1.58395E-19-1.61259E-03-3.62186E-02
 -1        15 1.67713E-19-1.72884E-03-3.88297E-02
 -1        16 1.33831E-19-1.84339E-03-4.14025E-02
 -1        17 1.62630E-19-1.95612E-03-4.39344E-02
 -1        18 1.35525E-19-2.06692E-03-4.64229E-02
 -1        19 1.74489E-19-2.17568E-03-4.88657E-02
 -1        20 1.60936E-19-2.28229E-03-5.12602E-02
 -1        21 1.15196E-19-2.38665E-03-5.36041E-02
 -1        22 1.82959E-19-2.48866E-03-5.58951E-02
 -1        23 2.18535E-19-2.58821E-03-5.81310E-02
 -1        24 1.76183E-19-2.68520E-03-6.03095E-02
 -1        25 1.89735E-19-2.77955E-03-6.24285E-02
 -1        26 1.91429E-19-2.87115E-03-6.44858E-02
 -1        27 1.49078E-19-2.95992E-03-6.64796E-02
 -1        28 1.21973E-19-3.04577E-03-6.84077E-02
 -1        29 1.10114E-19-3.12861E-03-7.02683E-02
 -1        30 1.10114E-19-3.20836E-03-7.20596E-02
 -1        31 5.42101E-20-3.28495E-03-7.37797E-02
 -1        32 5.08220E-20-3.35829E-03-7.54271E-02
 -1        33 2.71051E-20-3.42833E-03-7.70000E-02
 -1        34 6.09864E-20-3.49497E-03-7.84969E-02
 -1        35 1.20279E-19-3.55817E-03-7.99163E-02
 -1        36 5.42101E-20-3.61786E-03-8.12569E-02
 -1        37 1.11808E-19-3.67398E-03-8.25173E-02
 -1        38 9.65618E-20-3.72647E-03-8.36962E-02
 -1        39 1.15196E-19-3.77528E-03-8.47926E-02
 -1        40 1.20279E-19-3.82037E-03-8.58053E-02
 -1        41 1.66018E-19-3.86169E-03-8.67333E-02
 -1        42 1.93124E-19-3.89919E-03-8.75757E-02
 -1        43 2.28699E-19-3.93285E-03-8.83316E-02
 -1        44 2.30393E-19-3.96263E-03-8.90004E-02
 -1        45 3.08320E-19-3.98850E-03-8.95814E-02
 -1        46 3.08320E-19-4.01043E-03-9.00740E-02
 -1        47 3.55754E-19-4.02840E-03-9.04776E-02
 -1        48 3.35425E-19-4.04240E-03-9.07920E-02
 -1        49 3.72694E-19-4.05241E-03-9.10168E-02
 -1        50 2.67662E-19-4.05842E-03-9.11517E-02
 -1        51 3.82859E-19-4.06042E-03-9.11967E-02
 -1        52 5.08220E-19-4.05842E-03-9.11517E-02
 -1        53 4.23516E-19-4.05241E-03-9.10168E-02
 -1        54 6.16640E-19-4.04240E-03-9.07920E-02
 -1        55 5.92923E-19-4.02840E-03-9.04776E-02
 -1        56 5.04832E-19-4.01043E-03-9.00740E-02
 -1        57 4.94667E-19-3.98850E-03-8.95814E-02
 -1        58 7.14896E-19-3.96263E-03-8.90004E-02
 -1        59 6.60686E-19-3.93285E-03-8.83316E-02
 -1        60 6.03087E-19-3.89919E-03-8.75757E-02
 -1        61 7.01343E-19-3.86169E-03-8.67333E-02
 -1        62 5.08220E-19-3.82037E-03-8.58053E-02
 -1        63 5.01444E-19-3.77528E-03-8.47926E-02
 -1        64 5.42101E-19-3.72647E-03-8.36962E-02
 -1        65 6.57298E-19-3.67398E-03-8.25173E-02
 -1        66 5.35325E-19-3.61786E-03-8.12569E-02
 -1        67 5.08220E-19-3.55817E-03-7.99163E-02
 -1        68 3.99800E-19-3.49497E-03-7.84969E-02
 -1        69 4.70950E-19-3.42833E-03-7.70000E-02
 -1        70 5.75982E-19-3.35829E-03-7.54271E-02
 -1        71 4.64174E-19-3.28495E-03-7.37797E-02
 -1        72 3.82859E-19-3.20836E-03-7.20596E-02
 -1        73 3.21873E-19-3.12861E-03-7.02683E-02
 -1        74 4.23516E-19-3.04577E-03-6.84077E-02
 -1        75 4.64174E-19-2.95992E-03-6.64796E-02
 -1        76 4.37069E-19-2.87115E-03-6.44858E-02
 -1        77 3.82859E-19-2.77955E-03-6.24285E-02
 -1        78 4.33681E-19-2.68520E-03-6.03095E-02
 -1        79 3.25261E-19-2.58821E-03-5.81310E-02
 -1        80 3.42201E-19-2.48866E-03-5.58951E-02
 -1        81 4.47233E-19-2.38665E-03-5.36041E-02
 -1        82 3.96411E-19-2.28229E-03-5.12602E-02
 -1        83 3.67612E-19-2.17568E-03-4.88657E-02
 -1        84 4.08270E-19-2.06692E-03-4.64229E-02
 -1        85 2.69356E-19-1.95612E-03-4.39344E-02
 -1        86 5.33631E-19-1.84339E-03-4.14025E-02
 -1        87 2.06676E-19-1.72884E-03-3.88297E-02
 -1        88 3.32037E-19-1.61259E-03-3.62186E-02
 -1        89 3.77777E-19-1.49474E-03-3.35718E-02
 -1        90 3.45589E-19-1.37542E-03-3.08918E-02
 -1        91 4.26905E-19-1.25474E-03-2.81813E-02
 -1        92 2.16840E-19-1.13282E-03-2.54431E-02
 -1        93 3.16790E-19-1.00979E-03-2.26797E-02
 -1        94 3.99800E-19-8.85753E-04-1.98940E-02
 -1        95 3.35425E-19-7.60847E-04-1.70886E-02
 -1        96 2.12605E-19-6.35190E-04-1.42663E-02
 -1        97 9.40207E-20-5.08906E-04-1.14300E-02
 -1        98 1.35525E-19-3.82119E-04-8.58237E-03
 -1        99 6.77626E-20-2.54956E-04-5.72629E-03
 -1       100 4.59515E-20-1.27541E-04-2.86456E-03
 -1       101 0.00000E+00 0.00000E+00 0.00000E+00
 -3
    1PSTEP                         3           1           2          
    1PGM                1.000000E+00                                  
    1PGK                1.644393E+00                                  
    1PHID                         -1                                  
    1PSUBC                         0                                  
    1PMODE                         3                                  
  100CL  104 2.04091E-01         101                     2    4MODAL      1
 -4  DISP        4    1
 -5  D1          1    2    1    0
 -5  D2          1    2    2    0
 -5  D3          1    2    3    0
 -5  ALL         1    2    0    0    1ALL
 -1         1 0.00000E+00 0.00000E+00 0.00000E+00
 -1         2 8.47033E-21 5.91167E-04-5.70140E-03
 -1         3 3.04932E-20 1.18000E-03-1.13803E-02
 -1         4 2.03288E-20 1.76418E-03-1.70143E-02
 -1         5 5.42101E-20 2.34139E-03-2.25811E-02
 -1         6 3.38813E-20 2.90937E-03-2.80588E-02
 -1         7 4.74338E-20 3.46586E-03-3.34258E-02
 -1         8 4.06576E-20 4.00867E-03-3.86609E-02
 -1         9 1.35525E-20 4.53567E-03-4.37434E-02
 -1        10 1.21973E-19 5.04476E-03-4.86532E-02
 -1        11 6.77626E-20 5.53395E-03-5.33711E-02
 -1        12 8.13152E-20 6.00129E-03-5.78783E-02
 -1        13 8.13152E-20 6.44495E-03-6.21571E-02
 -1        14 8.13152E-20 6.86318E-03-6.61906E-02
 -1        15 1.21973E-19 7.25432E-03-6.99628E-02
 -1        16 8.13152E-20 7.61682E-03-7.34590E-02
 -1        17 6.77626E-20 7.94927E-03-7.66652E-02
 -1        18 1.21973E-19 8.25035E-03-7.95689E-02
 -1        19 1.35525E-19 8.51887E-03-8.21586E-02
 -1        20 1.08420E-19 8.75377E-03-8.44240E-02
 -1        21 1.35525E-19 8.95412E-03-8.63562E-02
 -1        22 2.16840E-19 9.11913E-03-8.79476E-02
 -1        23 1.35525E-19 9.24815E-03-8.91920E-02
 -1        24 8.13152E-20 9.34067E-03-9.00843E-02
 -1        25 8.13152E-20 9.39634E-03-9.06211E-02
 -1        26 1.08420E-19 9.41491E-03-9.08003E-02
 -1        27 1.89735E-19 9.39634E-03-9.06211E-02
 -1        28 5.42101E-20 9.34067E-03-9.00843E-02
 -1        29 1.35525E-19 9.24815E-03-8.91920E-02
 -1        30 1.08420E-19 9.11913E-03-8.79476E-02
 -1        31 8.13152E-20 8.95412E-03-8.63562E-02
 -1        32 5.42101E-20 8.75377E-03-8.44240E-02
 -1        33 5.42101E-20 8.51887E-03-8.21586E-02
 -1        34 2.71051E-20 8.25035E-03-7.95689E-02
 -1        35 5.42101E-20 7.94927E-03-7.66652E-02
 -1        36 1.35525E-19 7.61682E-03-7.34590E-02
 -1        37 1.08420E-19 7.25432E-03-6.99628E-02
 -1        38 8.13152E-20 6.86318E-03-6.61906E-02
 -1        39 5.42101E-20 6.44495E-03-6.21571E-02
 -1        40 1.35525E-19 6.00129E-03-5.78783E-02
 -1        41 1.62630E-19 5.53395E-03-5.33711E-02
 -1        42 8.13152E-20 5.04476E-03-4.86532E-02
 -1        43 1.89735E-19 4.53567E-03-4.37434E-02
 -1        44 1.35525E-19 4.00867E-03-3.86609E-02
 -1        45 2.98156E-19 3.46586E-03-3.34258E-02
 -1        46 3.25261E-19 2.90937E-03-2.80588E-02
 -1        47 2.16840E-19 2.34139E-03-2.25811E-02
 -1        48 2.16840E-19 1.76418E-03-1.70143E-02
 -1        49 1.62630E-19 1.18000E-03-1.13803E-02
 -1        50 3.25261E-19 5.91167E-04-5.70140E-03
 -1        51 2.16840E-19 3.81639E-17 3.74700E-16
 -1        52 2.16840E-19-5.91167E-04 5.70140E-03
 -1        53 3.25261E-19-1.18000E-03 1.13803E-02
 -1        54 5.96311E-19-1.76418E-03 1.70143E-02
 -1        55 3.25261E-19-2.34139E-03 2.25811E-02
 -1        56 7.04731E-19-2.90937E-03 2.80588E-02
 -1        57 2.16840E-19-3.46586E-03 3.34258E-02
 -1        58 4.33681E-19-4.00867E-03 3.86609E-02
 -1        59 3.25261E-19-4.53567E-03 4.37434E-02
 -1        60 4.87891E-19-5.04476E-03 4.86532E-02
 -1        61 3.79471E-19-5.53395E-03 5.33711E-02
 -1        62 0.00000E+00-6.00129E-03 5.78783E-02
 -1        63 5.96311E-19-6.44495E-03 6.21571E-02
 -1        64 1.08420E-19-6.86318E-03 6.61906E-02
 -1        65 1.62630E-19-7.25432E-03 6.99628E-02
 -1        66 3.79471E-19-7.61682E-03 7.34590E-02
 -1        67 5.42101E-20-7.94927E-03 7.66652E-02
 -1        68 4.33681E-19-8.25035E-03 7.95689E-02
 -1        69 5.42101E-19-8.51887E-03 8.21586E-02
 -1        70 5.96311E-19-8.75377E-03 8.44240E-02
 -1        71 1.62630E-19-8.95412E-03 8.63562E-02
 -1        72 2.16840E-19-9.11913E-03 8.79476E-02
 -1        73 2.71051E-19-9.24815E-03 8.91920E-02
 -1        74 2.71051E-19-9.34067E-03 9.00843E-02
 -1        75 2.71051E-19-9.39634E-03 9.06211E-02
 -1        76 2.71051E-19-9.41491E-03 9.08003E-02
 -1        77 2.43945E-19-9.39634E-03 9.06211E-02
 -1        78 3.52366E-19-9.34067E-03 9.00843E-02
 -1        79 1.62630E-19-9.24815E-03 8.91920E-02
 -1        80 2.71051E-19-9.11913E-03 8.79476E-02
 -1        81 1.62630E-19-8.95412E-03 8.63562E-02
 -1        82 1.35525E-19-8.75377E-03 8.44240E-02
 -1        83 3.79471E-19-8.51887E-03 8.21586E-02
 -1        84 4.06576E-19-8.25035E-03 7.95689E-02
 -1        85 1.89735E-19-7.94927E-03 7.66652E-02
 -1        86-2.71051E-20-7.61682E-03 7.34590E-02
 -1        87 1.62630E-19-7.25432E-03 6.99628E-02
 -1        88 1.89735E-19-6.86318E-03 6.61906E-02
 -1        89 1.62630E-19-6.44495E-03 6.21571E-02
 -1        90 2.98156E-19-6.00129E-03 5.78783E-02
 -1        91 1.35525E-19-5.53395E-03 5.33711E-02
 -1        92 1.08420E-19-5.04476E-03 4.86532E-02
 -1        93 8.13152E-20-4.53567E-03 4.37434E-02
 -1        94 3.25261E-19-4.00867E-03 3.86609E-02
 -1        95 2.30393E-19-3.46586E-03 3.34258E-02
 -1        96 1.21973E-19-2.90937E-03 2.80588E-02
 -1        97 1.49078E-19-2.34139E-03 2.25811E-02
 -1        98 9.48677E-20-1.76418E-03 1.70143E-02
 -1        99-1.35525E-20-1.18000E-03 1.13803E-02
 -1       100 2.71051E-20-5.91167E-04 5.70140E-03
 -1       101 0.00000E+00 0.00000E+00 0.00000E+00
 -3
    1PSTEP                         4           1           2          
    1PGM                1.000000E+00                                  
    1PGK                1.644393E+00                                  
    1PHID                         -1                                  
    1PSUBC                         0                                  
    1PMODE                         4                                  
  100CL  105 2.04091E-01         101                     2    5MODAL      1
 -4  DISP        4    1
 -5  D1          1    2    1    0
 -5  D2          1    2    2    0
 -5  D3          1    2    3    0
 -5  ALL         1    2    0    0    1ALL
 -1         1 0.00000E+00 0.00000E+00 0.00000E+00
 -1         2-3.38813E-20 5.70140E-03 5.91167E-04
 -1         3-9.48677E-20 1.13803E-02 1.18000E-03
 -1         4-1.21973E-19 1.70143E-02 1.76418E-03
 -1         5-1.89735E-19 2.25811E-02 2.34139E-03
 -1         6-2.43945E-19 2.80588E-02 2.90937E-03
 -1         7-2.16840E-19 3.34258E-02 3.46586E-03
 -1         8-2.43945E-19 3.86609E-02 4.00867E-03
 -1         9-3.25261E-19 4.37434E-02 4.53567E-03
 -1        10-2.71051E-19 4.86532E-02 5.04476E-03
 -1        11-3.79471E-19 5.33711E-02 5.53395E-03
 -1        12-3.25261E-19 5.78783E-02 6.00129E-03
 -1        13-3.25261E-19 6.21571E-02 6.44495E-03
 -1        14-2.16840E-19 6.61906E-02 6.86318E-03
 -1        15-4.33681E-19 6.99628E-02 7.25432E-03
 -1        16-3.25261E-19 7.34590E-02 7.61682E-03
 -1        17-4.33681E-19 7.66652E-02 7.94927E-03
 -1        18-3.79471E-19 7.95689E-02 8.25035E-03
 -1        19-3.25261E-19 8.21586E-02 8.51887E-03
 -1        20-3.25261E-19 8.44240E-02 8.75377E-03
 -1        21-3.25261E-19 8.63562E-02 8.95412E-03
 -1        22-3.25261E-19 8.79476E-02 9.11913E-03
 -1        23-4.33681E-19 8.91920E-02 9.24815E-03
 -1        24-3.25261E-19 9.00843E-02 9.34067E-03
 -1        25-5.42101E-19 9.06211E-02 9.39634E-03
 -1        26-3.25261E-19 9.08003E-02 9.41491E-03
 -1        27-4.33681E-19 9.06211E-02 9.39634E-03
 -1        28-4.33681E-19 9.00843E-02 9.34067E-03
 -1        29-4.33681E-19 8.91920E-02 9.24815E-03
 -1        30-3.25261E-19 8.79476E-02 9.11913E-03
 -1        31-4.33681E-19 8.63562E-02 8.95412E-03
 -1        32-3.25261E-19 8.44240E-02 8.75377E-03
 -1        33-1.08420E-19 8.21586E-02 8.51887E-03
 -1        34-2.16840E-19 7.95689E-02 8.25035E-03
 -1        35-5.42101E-19 7.66652E-02 7.94927E-03
 -1        36-3.25261E-19 7.34590E-02 7.61682E-03
 -1        37-6.50521E-19 6.99628E-02 7.25432E-03
 -1        38-2.16840E-19 6.61906E-02 6.86318E-03
 -1        39-4.33681E-19 6.21571E-02 6.44495E-03
 -1        40-6.50521E-19 5.78783E-02 6.00129E-03
 -1        41-4.33681E-19 5.33711E-02 5.53395E-03
 -1        42-6.50521E-19 4.86532E-02 5.04476E-03
 -1        43-6.50521E-19 4.37434E-02 4.53567E-03
 -1        44-8.67362E-19 3.86609E-02 4.00867E-03
 -1        45-7.58942E-19 3.34258E-02 3.46586E-03
 -1        46-8.67362E-19 2.80588E-02 2.90937E-03
 -1        47-5.42101E-19 2.25811E-02 2.34139E-03
 -1        48-9.75782E-19 1.70143E-02 1.76418E-03
 -1        49-5.42101E-19 1.13803E-02 1.18000E-03
 -1        50-1.08420E-18 5.70140E-03 5.91167E-04
 -1        51-1.08420E-18 3.67761E-16 2.08167E-17
 -1        52-1.08420E-18-5.70140E-03-5.91167E-04
 -1        53-1.08420E-18-1.13803E-02-1.18000E-03
 -1        54-8.67362E-19-1.70143E-02-1.76418E-03
 -1        55-8.67362E-19-2.25811E-02-2.34139E-03
 -1        56-1.30104E-18-2.80588E-02-2.90937E-03
 -1        57-1.08420E-18-3.34258E-02-3.46586E-03
 -1        58-1.51788E-18-3.86609E-02-4.00867E-03
 -1        59-8.67362E-19-4.37434E-02-4.53567E-03
 -1        60-8.67362E-19-4.86532E-02-5.04476E-03
 -1        61-1.08420E-18-5.33711E-02-5.53395E-03
 -1        62-1.08420E-18-5.78783E-02-6.00129E-03
 -1        63-1.08420E-18-6.21571E-02-6.44495E-03
 -1        64-1.30104E-18-6.61906E-02-6.86318E-03
 -1        65-6.50521E-19-6.99628E-02-7.25432E-03
 -1        66-1.08420E-18-7.34590E-02-7.61682E-03
 -1        67-8.67362E-19-7.66652E-02-7.94927E-03
 -1        68-1.30104E-18-7.95689E-02-8.25035E-03
 -1        69-1.73472E-18-8.21586E-02-8.51887E-03
 -1        70-1.08420E-18-8.44240E-02-8.75377E-03
 -1        71-1.08420E-18-8.63562E-02-8.95412E-03
 -1        72-8.67362E-19-8.79476E-02-9.11913E-03
 -1        73-6.50521E-19-8.91920E-02-9.24815E-03
 -1        74-6.50521E-19-9.00843E-02-9.34067E-03
 -1        75-8.67362E-19-9.06211E-02-9.39634E-03
 -1        76-6.50521E-19-9.08003E-02-9.41491E-03
 -1        77-1.08420E-18-9.06211E-02-9.39634E-03
 -1        78-6.50521E-19-9.00843E-02-9.34067E-03
 -1        79-8.67362E-19-8.91920E-02-9.24815E-03
 -1        80-6.50521E-19-8.79476E-02-9.11913E-03
 -1        81-7.58942E-19-8.63562E-02-8.95412E-03
 -1        82-6.50521E-19-8.44240E-02-8.75377E-03
 -1        83-7.58942E-19-8.21586E-02-8.51887E-03
 -1        84-6.50521E-19-7.95689E-02-8.25035E-03
 -1        85-8.67362E-19-7.66652E-02-7.94927E-03
 -1        86-6.50521E-19-7.34590E-02-7.61682E-03
 -1        87-7.58942E-19-6.99628E-02-7.25432E-03
 -1        88-6.50521E-19-6.61906E-02-6.86318E-03
 -1        89-8.67362E-19-6.21571E-02-6.44495E-03
 -1        90-7.58942E-19-5.78783E-02-6.00129E-03
 -1        91-7.58942E-19-5.33711E-02-5.53395E-03
 -1        92-4.33681E-19-4.86532E-02-5.04476E-03
 -1        93-5.42101E-19-4.37434E-02-4.53567E-03
 -1        94-5.96311E-19-3.86609E-02-4.00867E-03
 -1        95-3.25261E-19-3.34258E-02-3.46586E-03
 -1        96-4.87891E-19-2.80588E-02-2.90937E-03
 -1        97-3.25261E-19-2.25811E-02-2.34139E-03
 -1        98-2.16840E-19-1.70143E-02-1.76418E-03
 -1        99-1.89735E-19-1.13803E-02-1.18000E-03
 -1       100-5.42101E-20-5.70140E-03-5.91167E-04
 -1       101 0.00000E+00 0.00000E+00 0.00000E+00
 -3
    1PSTEP                         5           1           2          
    1PGM                1.000000E+00                                  
    1PGK                3.698363E+00                                  
    1PHID                         -1                                  
    1PSUBC                         0                                  
    1PMODE                         5                                  
  100CL  106 3.06073E-01         101                     2    6MODAL      1
 -4  DISP        4    1
 -5  D1          1    2    1    0
 -5  D2          1    2    2    0
 -5  D3          1    2    3    0
 -5  ALL         1    2    0    0    1ALL
 -1         1 0.00000E+00 0.00000E+00 0.00000E+00
 -1         2 1.49078E-19-8.53226E-03-1.00181E-03
 -1         3 5.96311E-19-1.69888E-02-1.99473E-03
 -1         4 4.60786E-19-2.52945E-02-2.96995E-03
 -1         5 7.58942E-19-3.33757E-02-3.91880E-03
 -1         6 8.67362E-19-4.11607E-02-4.83287E-03
 -1         7 7.04731E-19-4.85803E-02-5.70404E-03
 -1         8 9.75782E-19-5.55688E-02-6.52458E-03
 -1         9 9.21572E-19-6.20640E-02-7.28721E-03
 -1        10 1.51788E-18-6.80083E-02-7.98516E-03
 -1        11 1.40946E-18-7.33489E-02-8.61223E-03
 -1        12 8.67362E-19-7.80386E-02-9.16286E-03
 -1        13 3.25261E-19-8.20355E-02-9.63216E-03
 -1        14-1.08420E-19-8.53043E-02-1.00160E-02
 -1        15-4.33681E-19-8.78159E-02-1.03109E-02
 -1        16-9.75782E-19-8.95480E-02-1.05142E-02
 -1        17-1.73472E-18-9.04854E-02-1.06243E-02
 -1        18-1.51788E-18-9.06195E-02-1.06401E-02
 -1        19-1.73472E-18-8.99494E-02-1.05614E-02
 -1        20-1.73472E-18-8.84808E-02-1.03889E-02
 -1        21-1.51788E-18-8.62269E-02-1.01243E-02
 -1        22-1.08420E-18-8.32076E-02-9.76978E-03
 -1        23-2.05998E-18-7.94497E-02-9.32855E-03
 -1        24-1.95156E-18-7.49867E-02-8.80453E-03
 -1        25-3.03577E-18-6.98580E-02-8.20235E-03
 -1        26-3.57787E-18-6.41093E-02-7.52737E-03
 -1        27-4.66207E-18-5.77916E-02-6.78557E-03
 -1        28-5.20417E-18-5.09609E-02-5.98355E-03
 -1        29-6.28837E-18-4.36778E-02-5.12842E-03
 -1        30-8.89046E-18-3.60071E-02-4.22776E-03
 -1        31-8.45678E-18-2.80168E-02-3.28958E-03
 -1        32-9.10730E-18-1.97778E-02-2.32220E-03
 -1        33-9.10730E-18-1.13632E-02-1.33421E-03
 -1        34-8.45678E-18-2.84783E-03-3.34377E-04
 -1        35-1.01915E-17 5.69286E-03 6.68424E-04
 -1        36-9.10730E-18 1.41830E-02 1.66529E-03
 -1        37-1.01915E-17 2.25473E-02 2.64738E-03
 -1        38-1.04083E-17 3.07114E-02 3.60597E-03
 -1        39-8.67362E-18 3.86030E-02 4.53255E-03
 -1        40-8.02310E-18 4.61519E-02 5.41890E-03
 -1        41-9.54098E-18 5.32911E-02 6.25715E-03
 -1        42-8.02310E-18 5.99574E-02 7.03987E-03
 -1        43-6.50521E-18 6.60914E-02 7.76009E-03
 -1        44-5.85469E-18 7.16388E-02 8.41144E-03
 -1        45-6.28837E-18 7.65504E-02 8.98813E-03
 -1        46-5.63785E-18 8.07825E-02 9.48504E-03
 -1        47-6.28837E-18 8.42975E-02 9.89776E-03
 -1        48-5.42101E-18 8.70643E-02 1.02226E-02
 -1        49-5.20417E-18 8.90584E-02 1.04567E-02
 -1        50-4.11997E-18 9.02619E-02 1.05981E-02
 -1        51-3.03577E-18 9.06643E-02 1.06453E-02
 -1        52-1.73472E-18 9.02619E-02 1.05981E-02
 -1        53-8.67362E-19 8.90584E-02 1.04567E-02
 -1        54-4.33681E-19 8.70643E-02 1.02226E-02
 -1        55-4.33681E-19 8.42975E-02 9.89776E-03
 -1        56-8.67362E-19 8.07825E-02 9.48504E-03
 -1        57-4.33681E-19 7.65504E-02 8.98813E-03
 -1        58-1.30104E-18 7.16388E-02 8.41144E-03
 -1        59-4.33681E-19 6.60914E-02 7.76009E-03
 -1        60-4.33681E-19 5.99574E-02 7.03987E-03
 -1        61-4.33681E-19 5.32911E-02 6.25715E-03
 -1        62-1.73472E-18 4.61519E-02 5.41890E-03
 -1        63-8.67362E-19 3.86030E-02 4.53255E-03
 -1        64-8.67362E-19 3.07114E-02 3.60597E-03
 -1        65-8.67362E-19 2.25473E-02 2.64738E-03
 -1        66-1.30104E-18 1.41830E-02 1.66529E-03
 -1        67-2.60209E-18 5.69286E-03 6.68424E-04
 -1        68-6.50521E-19-2.84783E-03-3.34377E-04
 -1        69-1.51788E-18-1.13632E-02-1.33421E-03
 -1        70-2.16840E-18-1.97778E-02-2.32220E-03
 -1        71-2.16840E-18-2.80168E-02-3.28958E-03
 -1        72-2.81893E-18-3.60071E-02-4.22776E-03
 -1        73-3.03577E-18-4.36778E-02-5.12842E-03
 -1        74-2.81893E-18-5.09609E-02-5.98355E-03
 -1        75-2.60209E-18-5.77916E-02-6.78557E-03
 -1        76-2.60209E-18-6.41093E-02-7.52737E-03
 -1        77-3.25261E-18-6.98580E-02-8.20235E-03
 -1        78-1.73472E-18-7.49867E-02-8.80453E-03
 -1        79-2.16840E-18-7.94497E-02-9.32855E-03
 -1        80-1.30104E-18-8.32076E-02-9.76978E-03
 -1        81-1.51788E-18-8.62269E-02-1.01243E-02
 -1        82-1.08420E-18-8.84808E-02-1.03889E-02
 -1        83-4.33681E-19-8.99494E-02-1.05614E-02
 -1        84 4.33681E-19-9.06195E-02-1.06401E-02
 -1        85 8.67362E-19-9.04854E-02-1.06243E-02
 -1        86 1.73472E-18-8.95480E-02-1.05142E-02
 -1        87 2.81893E-18-8.78159E-02-1.03109E-02
 -1        88 2.81893E-18-8.53043E-02-1.00160E-02
 -1        89 3.90313E-18-8.20355E-02-9.63216E-03
 -1        90 3.46945E-18-7.80386E-02-9.16286E-03
 -1        91 4.55365E-18-7.33489E-02-8.61223E-03
 -1        92 4.55365E-18-6.80083E-02-7.98516E-03
 -1        93 4.77049E-18-6.20640E-02-7.28721E-03
 -1        94 4.11997E-18-5.55688E-02-6.52458E-03
 -1        95 3.68629E-18-4.85803E-02-5.70404E-03
 -1        96 2.92735E-18-4.11607E-02-4.83287E-03
 -1        97 2.71051E-18-3.33757E-02-3.91880E-03
 -1        98 1.78893E-18-2.52945E-02-2.96995E-03
 -1        99 9.75782E-19-1.69888E-02-1.99473E-03
 -1       100 5.42101E-19-8.53226E-03-1.00181E-03
 -1       101 0.00000E+00 0.00000E+00 0.00000E+00
 -3
    1PSTEP                         6           1           2          
    1PGM                1.000000E+00                                  
    1PGK                3.698363E+00                                  
    1PHID                         -1                                  
    1PSUBC                         0                                  
    1PMODE                         6                                  
  100CL  107 3.06073E-01         101                     2    7MODAL      1
 -4  DISP        4    1
 -5  D1          1    2    1    0
 -5  D2          1    2    2    0
 -5  D3          1    2    3    0
 -5  ALL         1    2    0    0    1ALL
 -1         1 0.00000E+00 0.00000E+00 0.00000E+00
 -1         2 0.00000E+00-1.00181E-03 8.53226E-03
 -1         3-0.00000E+00-1.99473E-03 1.69888E-02
 -1         4 5.42101E-20-2.96995E-03 2.52945E-02
 -1         5 5.42101E-20-3.91880E-03 3.33757E-02
 -1         6 0.00000E+00-4.83287E-03 4.11607E-02
 -1         7 0.00000E+00-5.70404E-03 4.85803E-02
 -1         8 2.16840E-19-6.52458E-03 5.55688E-02
 -1         9 1.08420E-19-7.28721E-03 6.20640E-02
 -1        10-3.25261E-19-7.98516E-03 6.80083E-02
 -1        11 1.08420E-19-8.61223E-03 7.33489E-02
 -1        12-3.25261E-19-9.16286E-03 7.80386E-02
 -1        13 2.16840E-19-9.63216E-03 8.20355E-02
 -1        14-8.67362E-19-1.00160E-02 8.53043E-02
 -1        15 2.16840E-19-1.03109E-02 8.78159E-02
 -1        16-4.33681E-19-1.05142E-02 8.95480E-02
 -1        17 4.33681E-19-1.06243E-02 9.04854E-02
 -1        18-0.00000E+00-1.06401E-02 9.06195E-02
 -1        19-2.16840E-19-1.05614E-02 8.99494E-02
 -1        20-4.33681E-19-1.03889E-02 8.84808E-02
 -1        21-2.16840E-19-1.01243E-02 8.62269E-02
 -1        22-2.16840E-19-9.76978E-03 8.32076E-02
 -1        23 0.00000E+00-9.32855E-03 7.94497E-02
 -1        24 0.00000E+00-8.80453E-03 7.49867E-02
 -1        25-2.16840E-19-8.20235E-03 6.98580E-02
 -1        26 4.33681E-19-7.52737E-03 6.41093E-02
 -1        27 2.16840E-19-6.78557E-03 5.77916E-02
 -1        28 0.00000E+00-5.98355E-03 5.09609E-02
 -1        29 6.50521E-19-5.12842E-03 4.36778E-02
 -1        30-4.33681E-19-4.22776E-03 3.60071E-02
 -1        31 6.50521E-19-3.28958E-03 2.80168E-02
 -1        32 4.33681E-19-2.32220E-03 1.97778E-02
 -1        33-0.00000E+00-1.33421E-03 1.13632E-02
 -1        34 2.16840E-19-3.34377E-04 2.84783E-03
 -1        35-0.00000E+00 6.68424E-04-5.69286E-03
 -1        36-2.16840E-19 1.66529E-03-1.41830E-02
 -1        37-4.33681E-19 2.64738E-03-2.25473E-02
 -1        38-2.16840E-19 3.60597E-03-3.07114E-02
 -1        39-2.16840E-19 4.53255E-03-3.86030E-02
 -1        40 0.00000E+00 5.41890E-03-4.61519E-02
 -1        41 6.50521E-19 6.25715E-03-5.32911E-02
 -1        42 0.00000E+00 7.03987E-03-5.99574E-02
 -1        43 4.33681E-19 7.76009E-03-6.60914E-02
 -1        44 4.33681E-19 8.41144E-03-7.16388E-02
 -1        45-1.30104E-18 8.98813E-03-7.65504E-02
 -1        46-4.33681E-19 9.48504E-03-8.07825E-02
 -1        47 4.33681E-19 9.89776E-03-8.42975E-02
 -1        48-4.33681E-19 1.02226E-02-8.70643E-02
 -1        49-8.67362E-19 1.04567E-02-8.90584E-02
 -1        50 4.33681E-19 1.05981E-02-9.02619E-02
 -1        51 0.00000E+00 1.06453E-02-9.06643E-02
 -1        52-4.33681E-19 1.05981E-02-9.02619E-02
 -1        53-1.30104E-18 1.04567E-02-8.90584E-02
 -1        54 0.00000E+00 1.02226E-02-8.70643E-02
 -1        55 8.67362E-19 9.89776E-03-8.42975E-02
 -1        56 4.33681E-19 9.48504E-03-8.07825E-02
 -1        57 8.67362E-19 8.98813E-03-7.65504E-02
 -1        58-1.30104E-18 8.41144E-03-7.16388E-02
 -1        59-4.33681E-19 7.76009E-03-6.60914E-02
 -1        60-1.30104E-18 7.03987E-03-5.99574E-02
 -1        61-4.33681E-19 6.25715E-03-5.32911E-02
 -1        62 4.33681E-19 5.41890E-03-4.61519E-02
 -1        63 4.33681E-19 4.53255E-03-3.86030E-02
 -1        64 0.00000E+00 3.60597E-03-3.07114E-02
 -1        65-4.33681E-19 2.64738E-03-2.25473E-02
 -1        66-1.30104E-18 1.66529E-03-1.41830E-02
 -1        67 0.00000E+00 6.68424E-04-5.69286E-03
 -1        68-8.67362E-19-3.34377E-04 2.84783E-03
 -1        69-8.67362E-19-1.33421E-03 1.13632E-02
 -1        70-4.33681E-19-2.32220E-03 1.97778E-02
 -1        71-1.30104E-18-3.28958E-03 2.80168E-02
 -1        72 1.30104E-18-4.22776E-03 3.60071E-02
 -1        73 4.33681E-19-5.12842E-03 4.36778E-02
 -1        74 4.33681E-19-5.98355E-03 5.09609E-02
 -1        75 0.00000E+00-6.78557E-03 5.77916E-02
 -1        76 4.33681E-19-7.52737E-03 6.41093E-02
 -1        77-4.33681E-19-8.20235E-03 6.98580E-02
 -1        78-0.00000E+00-8.80453E-03 7.49867E-02
 -1        79-0.00000E+00-9.32855E-03 7.94497E-02
 -1        80-4.33681E-19-9.76978E-03 8.32076E-02
 -1        81 4.33681E-19-1.01243E-02 8.62269E-02
 -1        82-4.33681E-19-1.03889E-02 8.84808E-02
 -1        83-0.00000E+00-1.05614E-02 8.99494E-02
 -1        84 4.33681E-19-1.06401E-02 9.06195E-02
 -1        85-8.67362E-19-1.06243E-02 9.04854E-02
 -1        86 4.33681E-19-1.05142E-02 8.95480E-02
 -1        87-0.00000E+00-1.03109E-02 8.78159E-02
 -1        88-2.16840E-19-1.00160E-02 8.53043E-02
 -1        89-4.33681E-19-9.63216E-03 8.20355E-02
 -1        90-4.33681E-19-9.16286E-03 7.80386E-02
 -1        91-0.00000E+00-8.61223E-03 7.33489E-02
 -1        92-2.16840E-19-7.98516E-03 6.80083E-02
 -1        93 4.33681E-19-7.28721E-03 6.20640E-02
 -1        94-6.50521E-19-6.52458E-03 5.55688E-02
 -1        95-8.67362E-19-5.70404E-03 4.85803E-02
 -1        96-5.42101E-19-4.83287E-03 4.11607E-02
 -1        97-4.33681E-19-3.91880E-03 3.33757E-02
 -1        98 0.00000E+00-2.96995E-03 2.52945E-02
 -1        99 0.00000E+00-1.99473E-03 1.69888E-02
 -1       100 0.00000E+00-1.00181E-03 8.53226E-03
 -1       101 0.00000E+00 0.00000E+00 0.00000E+00
 -3
    1PSTEP                         7           1           2          
    1PGM                1.000000E+00                                  
    1PGK                6.571082E+00                                  
    1PHID                         -1                                  
    1PSUBC                         0                                  
    1PMODE                         7                                  
  100CL  108 4.07980E-01         101                     2    8MODAL      1
 -4  DISP        4    1
 -5  D1          1    2    1    0
 -5  D2          1    2    2    0
 -5  D3          1    2    3    0
 -5  ALL         1    2    0    0    1ALL
 -1         1 0.00000E+00 0.00000E+00 0.00000E+00
 -1         2-2.71051E-20 1.14008E-02 9.62387E-04
 -1         3 2.71051E-20 2.26217E-02 1.90960E-03
 -1         4-1.62630E-19 3.34859E-02 2.82669E-03
 -1         5-1.62630E-19 4.38220E-02 3.69921E-03
 -1         6-1.08420E-19 5.34670E-02 4.51338E-03
 -1         7-2.16840E-19 6.22689E-02 5.25638E-03
 -1         8 1.08420E-19 7.00886E-02 5.91648E-03
 -1         9-2.16840E-19 7.68031E-02 6.48328E-03
 -1        10-1.08420E-19 8.23063E-02 6.94783E-03
 -1        11-4.33681E-19 8.65115E-02 7.30280E-03
 -1        12-1.08420E-18 8.93524E-02 7.54261E-03
 -1        13-2.16840E-19 9.07841E-02 7.66347E-03
 -1        14-6.50521E-19 9.07841E-02 7.66347E-03
 -1        15-6.50521E-19 8.93524E-02 7.54261E-03
 -1        16-4.33681E-19 8.65115E-02 7.30280E-03
 -1        17-4.33681E-19 8.23063E-02 6.94783E-03
 -1        18-0.00000E+00 7.68031E-02 6.48328E-03
 -1        19-6.50521E-19 7.00886E-02 5.91648E-03
 -1        20 0.00000E+00 6.22689E-02 5.25638E-03
 -1        21-1.30104E-18 5.34670E-02 4.51338E-03
 -1        22-6.50521E-19 4.38220E-02 3.69921E-03
 -1        23-1.08420E-18 3.34859E-02 2.82669E-03
 -1        24 0.00000E+00 2.26217E-02 1.90960E-03
 -1        25-2.16840E-19 1.14008E-02 9.62387E-04
 -1        26-2.16840E-19 6.93889E-17 2.51535E-17
 -1        27-1.08420E-18-1.14008E-02-9.62387E-04
 -1        28-2.16840E-19-2.26217E-02-1.90960E-03
 -1        29-1.30104E-18-3.34859E-02-2.82669E-03
 -1        30-1.73472E-18-4.38220E-02-3.69921E-03
 -1        31-2.16840E-19-5.34670E-02-4.51338E-03
 -1        32-1.08420E-18-6.22689E-02-5.25638E-03
 -1        33-8.67362E-19-7.00886E-02-5.91648E-03
 -1        34-6.50521E-19-7.68031E-02-6.48328E-03
 -1        35-8.67362E-19-8.23063E-02-6.94783E-03
 -1        36-8.67362E-19-8.65115E-02-7.30280E-03
 -1        37-1.30104E-18-8.93524E-02-7.54261E-03
 -1        38-2.16840E-19-9.07841E-02-7.66347E-03
 -1        39-4.33681E-19-9.07841E-02-7.66347E-03
 -1        40 0.00000E+00-8.93524E-02-7.54261E-03
 -1        41-1.73472E-18-8.65115E-02-7.30280E-03
 -1        42-8.67362E-19-8.23063E-02-6.94783E-03
 -1        43 0.00000E+00-7.68031E-02-6.48328E-03
 -1        44-1.30104E-18-7.00886E-02-5.91648E-03
 -1        45-2.16840E-18-6.22689E-02-5.25638E-03
 -1        46-8.67362E-19-5.34670E-02-4.51338E-03
 -1        47 4.33681E-19-4.38220E-02-3.69921E-03
 -1        48-4.33681E-19-3.34859E-02-2.82669E-03
 -1        49-1.73472E-18-2.26217E-02-1.90960E-03
 -1        50 0.00000E+00-1.14008E-02-9.62387E-04
 -1        51-8.67362E-19-1.36176E-16-5.55112E-17
 -1        52 0.00000E+00 1.14008E-02 9.62387E-04
 -1        53 0.00000E+00 2.26217E-02 1.90960E-03
 -1        54-4.33681E-19 3.34859E-02 2.82669E-03
 -1        55-1.30104E-18 4.38220E-02 3.69921E-03
 -1        56-1.30104E-18 5.34670E-02 4.51338E-03
 -1        57-1.73472E-18 6.22689E-02 5.25638E-03
 -1        58-1.73472E-18 7.00886E-02 5.91648E-03
 -1        59-1.30104E-18 7.68031E-02 6.48328E-03
 -1        60-1.30104E-18 8.23063E-02 6.94783E-03
 -1        61-1.73472E-18 8.65115E-02 7.30280E-03
 -1        62-2.16840E-18 8.93524E-02 7.54261E-03
 -1        63-4.33681E-19 9.07841E-02 7.66347E-03
 -1        64-1.30104E-18 9.07841E-02 7.66347E-03
 -1        65 4.33681E-19 8.93524E-02 7.54261E-03
 -1        66-2.60209E-18 8.65115E-02 7.30280E-03
 -1        67-2.60209E-18 8.23063E-02 6.94783E-03
 -1        68-1.30104E-18 7.68031E-02 6.48328E-03
 -1        69-2.16840E-18 7.00886E-02 5.91648E-03
 -1        70-1.30104E-18 6.22689E-02 5.25638E-03
 -1        71-1.30104E-18 5.34670E-02 4.51338E-03
 -1        72-1.30104E-18 4.38220E-02 3.69921E-03
 -1        73-8.67362E-19 3.34859E-02 2.82669E-03
 -1        74-1.30104E-18 2.26217E-02 1.90960E-03
 -1        75-8.67362E-19 1.14008E-02 9.62387E-04
 -1        76 0.00000E+00 5.55112E-17-3.46945E-17
 -1        77-2.16840E-18-1.14008E-02-9.62387E-04
 -1        78-0.00000E+00-2.26217E-02-1.90960E-03
 -1        79-1.73472E-18-3.34859E-02-2.82669E-03
 -1        80-8.67362E-19-4.38220E-02-3.69921E-03
 -1        81-8.67362E-19-5.34670E-02-4.51338E-03
 -1        82-2.16840E-18-6.22689E-02-5.25638E-03
 -1        83-4.33681E-19-7.00886E-02-5.91648E-03
 -1        84-4.33681E-19-7.68031E-02-6.48328E-03
 -1        85-1.73472E-18-8.23063E-02-6.94783E-03
 -1        86-4.33681E-19-8.65115E-02-7.30280E-03
 -1        87-4.33681E-19-8.93524E-02-7.54261E-03
 -1        88-4.33681E-19-9.07841E-02-7.66347E-03
 -1        89-0.00000E+00-9.07841E-02-7.66347E-03
 -1        90-8.67362E-19-8.93524E-02-7.54261E-03
 -1        91 6.50521E-19-8.65115E-02-7.30280E-03
 -1        92-8.67362E-19-8.23063E-02-6.94783E-03
 -1        93-4.33681E-19-7.68031E-02-6.48328E-03
 -1        94-0.00000E+00-7.00886E-02-5.91648E-03
 -1        95-0.00000E+00-6.22689E-02-5.25638E-03
 -1        96-8.67362E-19-5.34670E-02-4.51338E-03
 -1        97-2.16840E-19-4.38220E-02-3.69921E-03
 -1        98 1.08420E-19-3.34859E-02-2.82669E-03
 -1        99-2.16840E-19-2.26217E-02-1.90960E-03
 -1       100-5.42101E-20-1.14008E-02-9.62387E-04
 -1       101 0.00000E+00 0.00000E+00 0.00000E+00
 -3
    1PSTEP                         8           1           2          
    1PGM                1.000000E+00                                  
    1PGK                6.571082E+00                                  
    1PHID                         -1                                  
    1PSUBC                         0                                  
    1PMODE                         8                                  
  100CL  109 4.07980E-01         101                     2    9MODAL      1
 -4  DISP        4    1
 -5  D1          1    2    1    0
 -5  D2          1    2    2    0
 -5  D3          1    2    3    0
 -5  ALL         1    2    0    0    1ALL
 -1         1 0.00000E+00 0.00000E+00 0.00000E+00
 -1         2 3.25261E-19-9.62387E-04 1.14008E-02
 -1         3 1.35525E-18-1.90960E-03 2.26217E-02
 -1         4 1.19262E-18-2.82669E-03 3.34859E-02
 -1         5 1.51788E-18-3.69921E-03 4.38220E-02
 -1         6 2.05998E-18-4.51338E-03 5.34670E-02
 -1         7 2.27682E-18-5.25638E-03 6.22689E-02
 -1         8 1.84314E-18-5.91648E-03 7.00886E-02
 -1         9 3.46945E-18-6.48328E-03 7.68031E-02
 -1        10 3.46945E-18-6.94783E-03 8.23063E-02
 -1        11 2.38524E-18-7.30280E-03 8.65115E-02
 -1        12 2.16840E-18-7.54261E-03 8.93524E-02
 -1        13 3.68629E-18-7.66347E-03 9.07841E-02
 -1        14 2.60209E-18-7.66347E-03 9.07841E-02
 -1        15 1.08420E-18-7.54261E-03 8.93524E-02
 -1        16 2.60209E-18-7.30280E-03 8.65115E-02
 -1        17 1.51788E-18-6.94783E-03 8.23063E-02
 -1        18 1.08420E-18-6.48328E-03 7.68031E-02
 -1        19 1.95156E-18-5.91648E-03 7.00886E-02
 -1        20 2.38524E-18-5.25638E-03 6.22689E-02
 -1        21 4.33681E-18-4.51338E-03 5.34670E-02
 -1        22 2.38524E-18-3.69921E-03 4.38220E-02
 -1        23 4.33681E-18-2.82669E-03 3.34859E-02
 -1        24 2.81893E-18-1.90960E-03 2.26217E-02
 -1        25 2.60209E-18-9.62387E-04 1.14008E-02
 -1        26 0.00000E+00-4.16334E-17 4.16334E-17
 -1        27-6.50521E-19 9.62387E-04-1.14008E-02
 -1        28-1.73472E-18 1.90960E-03-2.26217E-02
 -1        29-3.46945E-18 2.82669E-03-3.34859E-02
 -1        30-4.33681E-18 3.69921E-03-4.38220E-02
 -1        31-5.42101E-18 4.51338E-03-5.34670E-02
 -1        32-5.20417E-18 5.25638E-03-6.22689E-02
 -1        33-6.28837E-18 5.91648E-03-7.00886E-02
 -1        34-6.07153E-18 6.48328E-03-7.68031E-02
 -1        35-6.72205E-18 6.94783E-03-8.23063E-02
 -1        36-6.07153E-18 7.30280E-03-8.65115E-02
 -1        37-7.37257E-18 7.54261E-03-8.93524E-02
 -1        38-8.02310E-18 7.66347E-03-9.07841E-02
 -1        39-6.50521E-18 7.66347E-03-9.07841E-02
 -1        40-3.90313E-18 7.54261E-03-8.93524E-02
 -1        41-4.33681E-18 7.30280E-03-8.65115E-02
 -1        42-4.77049E-18 6.94783E-03-8.23063E-02
 -1        43-2.16840E-18 6.48328E-03-7.68031E-02
 -1        44-8.67362E-19 5.91648E-03-7.00886E-02
 -1        45-1.30104E-18 5.25638E-03-6.22689E-02
 -1        46-2.16840E-18 4.51338E-03-5.34670E-02
 -1        47-1.73472E-18 3.69921E-03-4.38220E-02
 -1        48-1.73472E-18 2.82669E-03-3.34859E-02
 -1        49-1.73472E-18 1.90960E-03-2.26217E-02
 -1        50 0.00000E+00 9.62387E-04-1.14008E-02
 -1        51 1.73472E-18 2.08167E-17 1.87350E-16
 -1        52 8.67362E-19-9.62387E-04 1.14008E-02
 -1        53 6.07153E-18-1.90960E-03 2.26217E-02
 -1        54 4.33681E-18-2.82669E-03 3.34859E-02
 -1        55 2.60209E-18-3.69921E-03 4.38220E-02
 -1        56 2.60209E-18-4.51338E-03 5.34670E-02
 -1        57 2.60209E-18-5.25638E-03 6.22689E-02
 -1        58 1.73472E-18-5.91648E-03 7.00886E-02
 -1        59 3.46945E-18-6.48328E-03 7.68031E-02
 -1        60 8.67362E-19-6.94783E-03 8.23063E-02
 -1        61 1.73472E-18-7.30280E-03 8.65115E-02
 -1        62 2.60209E-18-7.54261E-03 8.93524E-02
 -1        63 8.67362E-19-7.66347E-03 9.07841E-02
 -1        64 1.73472E-18-7.66347E-03 9.07841E-02
 -1        65 3.46945E-18-7.54261E-03 8.93524E-02
 -1        66 8.67362E-19-7.30280E-03 8.65115E-02
 -1        67 8.67362E-19-6.94783E-03 8.23063E-02
 -1        68 8.67362E-19-6.48328E-03 7.68031E-02
 -1        69 1.73472E-18-5.91648E-03 7.00886E-02
 -1        70-8.67362E-19-5.25638E-03 6.22689E-02
 -1        71 0.00000E+00-4.51338E-03 5.34670E-02
 -1        72 0.00000E+00-3.69921E-03 4.38220E-02
 -1        73-4.33681E-19-2.82669E-03 3.34859E-02
 -1        74-1.73472E-18-1.90960E-03 2.26217E-02
 -1        75-1.73472E-18-9.62387E-04 1.14008E-02
 -1        76-1.73472E-18-1.38778E-17-1.45717E-16
 -1        77-1.30104E-18 9.62387E-04-1.14008E-02
 -1        78-2.60209E-18 1.90960E-03-2.26217E-02
 -1        79-8.67362E-19 2.82669E-03-3.34859E-02
 -1        80-8.67362E-19 3.69921E-03-4.38220E-02
 -1        81-1.30104E-18 4.51338E-03-5.34670E-02
 -1        82-0.00000E+00 5.25638E-03-6.22689E-02
 -1        83 4.33681E-19 5.91648E-03-7.00886E-02
 -1        84 2.16840E-18 6.48328E-03-7.68031E-02
 -1        85 1.30104E-18 6.94783E-03-8.23063E-02
 -1        86 2.60209E-18 7.30280E-03-8.65115E-02
 -1        87 3.03577E-18 7.54261E-03-8.93524E-02
 -1        88 5.63785E-18 7.66347E-03-9.07841E-02
 -1        89 3.90313E-18 7.66347E-03-9.07841E-02
 -1        90 4.77049E-18 7.54261E-03-8.93524E-02
 -1        91 5.63785E-18 7.30280E-03-8.65115E-02
 -1        92 4.77049E-18 6.94783E-03-8.23063E-02
 -1        93 5.20417E-18 6.48328E-03-7.68031E-02
 -1        94 4.33681E-18 5.91648E-03-7.00886E-02
 -1        95 6.28837E-18 5.25638E-03-6.22689E-02
 -1        96 3.68629E-18 4.51338E-03-5.34670E-02
 -1        97 3.25261E-18 3.69921E-03-4.38220E-02
 -1        98 2.27682E-18 2.82669E-03-3.34859E-02
 -1        99 1.51788E-18 1.90960E-03-2.26217E-02
 -1       100 8.67362E-19 9.62387E-04-1.14008E-02
 -1       101 0.00000E+00 0.00000E+00 0.00000E+00
 -3
    1PSTEP                         9           1           2          
    1PGM                1.000000E+00                                  
    1PGK                1.025972E+01                                  
    1PHID                         -1                                  
    1PSUBC                         0                                  
    1PMODE                         9                                  
  100CL  110 5.09786E-01         101                     2   10MODAL      1
 -4  DISP        4    1
 -5  D1          1    2    1    0
 -5  D2          1    2    2    0
 -5  D3          1    2    3    0
 -5  ALL         1    2    0    0    1ALL
 -1         1 0.00000E+00 0.00000E+00 0.00000E+00
 -1         2-2.30393E-18 7.56508E-03 1.21120E-02
 -1         3-7.42678E-18 1.49439E-02 2.39258E-02
 -1         4-6.72205E-18 2.19547E-02 3.51504E-02
 -1         5-1.08420E-17 2.84249E-02 4.55095E-02
 -1         6-1.74557E-17 3.41953E-02 5.47481E-02
 -1         7-1.45283E-17 3.91236E-02 6.26385E-02
 -1         8-1.75641E-17 4.30885E-02 6.89866E-02
 -1         9-1.84314E-17 4.59925E-02 7.36360E-02
 -1        10-2.79724E-17 4.77640E-02 7.64722E-02
 -1        11-2.66714E-17 4.83594E-02 7.74255E-02
 -1        12-2.64545E-17 4.77640E-02 7.64722E-02
 -1        13-1.92988E-17 4.59925E-02 7.36360E-02
 -1        14-2.01662E-17 4.30885E-02 6.89866E-02
 -1        15-1.53957E-17 3.91236E-02 6.26385E-02
 -1        16-1.10589E-17 3.41953E-02 5.47481E-02
 -1        17-9.32414E-18 2.84249E-02 4.55095E-02
 -1        18-1.17094E-17 2.19547E-02 3.51504E-02
 -1        19-1.06252E-17 1.49439E-02 2.39258E-02
 -1        20-1.25767E-17 7.56508E-03 1.21120E-02
 -1        21-1.92988E-17 1.01481E-16-3.46945E-18
 -1        22-2.34188E-17-7.56508E-03-1.21120E-02
 -1        23-1.84314E-17-1.49439E-02-2.39258E-02
 -1        24-1.88651E-17-2.19547E-02-3.51504E-02
 -1        25-1.47451E-17-2.84249E-02-4.55095E-02
 -1        26-8.89046E-18-3.41953E-02-5.47481E-02
 -1        27 1.30104E-18-3.91236E-02-6.26385E-02
 -1        28 9.97466E-18-4.30885E-02-6.89866E-02
 -1        29 1.69136E-17-4.59925E-02-7.36360E-02
 -1        30 2.01662E-17-4.77640E-02-7.64722E-02
 -1        31 2.77556E-17-4.83594E-02-7.74255E-02
 -1        32 3.81639E-17-4.77640E-02-7.64722E-02
 -1        33 3.77302E-17-4.59925E-02-7.36360E-02
 -1        34 3.27429E-17-4.30885E-02-6.89866E-02
 -1        35 3.98986E-17-3.91236E-02-6.26385E-02
 -1        36 3.66460E-17-3.41953E-02-5.47481E-02
 -1        37 3.77302E-17-2.84249E-02-4.55095E-02
 -1        38 3.31766E-17-2.19547E-02-3.51504E-02
 -1        39 4.18502E-17-1.49439E-02-2.39258E-02
 -1        40 3.51282E-17-7.56508E-03-1.21120E-02
 -1        41 2.47198E-17 2.08167E-17 8.50015E-17
 -1        42 2.42861E-17 7.56508E-03 1.21120E-02
 -1        43 1.82146E-17 1.49439E-02 2.39258E-02
 -1        44 1.21431E-17 2.19547E-02 3.51504E-02
 -1        45 6.50521E-18 2.84249E-02 4.55095E-02
 -1        46 8.23994E-18 3.41953E-02 5.47481E-02
 -1        47 9.97466E-18 3.91236E-02 6.26385E-02
 -1        48 1.38778E-17 4.30885E-02 6.89866E-02
 -1        49 1.30104E-17 4.59925E-02 7.36360E-02
 -1        50 4.33681E-18 4.77640E-02 7.64722E-02
 -1        51-6.93889E-18 4.83594E-02 7.74255E-02
 -1        52-1.30104E-17 4.77640E-02 7.64722E-02
 -1        53-1.90820E-17 4.59925E-02 7.36360E-02
 -1        54-2.34188E-17 4.30885E-02 6.89866E-02
 -1        55-2.94903E-17 3.91236E-02 6.26385E-02
 -1        56-2.16840E-17 3.41953E-02 5.47481E-02
 -1        57-1.47451E-17 2.84249E-02 4.55095E-02
 -1        58-2.16840E-17 2.19547E-02 3.51504E-02
 -1        59-1.38778E-17 1.49439E-02 2.39258E-02
 -1        60-1.30104E-17 7.56508E-03 1.21120E-02
 -1        61-8.67362E-18 4.85723E-17 1.38778E-17
 -1        62-7.80626E-18-7.56508E-03-1.21120E-02
 -1        63 8.67362E-19-1.49439E-02-2.39258E-02
 -1        64 2.60209E-18-2.19547E-02-3.51504E-02
 -1        65 6.93889E-18-2.84249E-02-4.55095E-02
 -1        66 6.07153E-18-3.41953E-02-5.47481E-02
 -1        67 5.20417E-18-3.91236E-02-6.26385E-02
 -1        68 6.93889E-18-4.30885E-02-6.89866E-02
 -1        69 7.80626E-18-4.59925E-02-7.36360E-02
 -1        70 1.38778E-17-4.77640E-02-7.64722E-02
 -1        71 1.47451E-17-4.83594E-02-7.74255E-02
 -1        72 2.25514E-17-4.77640E-02-7.64722E-02
 -1        73 1.99493E-17-4.59925E-02-7.36360E-02
 -1        74 3.03577E-17-4.30885E-02-6.89866E-02
 -1        75 2.86229E-17-3.91236E-02-6.26385E-02
 -1        76 3.33934E-17-3.41953E-02-5.47481E-02
 -1        77 2.90566E-17-2.84249E-02-4.55095E-02
 -1        78 2.73219E-17-2.19547E-02-3.51504E-02
 -1        79 2.55872E-17-1.49439E-02-2.39258E-02
 -1        80 2.34188E-17-7.56508E-03-1.21120E-02
 -1        81 1.60462E-17 1.56125E-17 1.05818E-16
 -1        82 1.86483E-17 7.56508E-03 1.21120E-02
 -1        83 1.25767E-17 1.49439E-02 2.39258E-02
 -1        84 3.03577E-18 2.19547E-02 3.51504E-02
 -1        85-3.46945E-18 2.84249E-02 4.55095E-02
 -1        86-9.54098E-18 3.41953E-02 5.47481E-02
 -1        87-1.82146E-17 3.91236E-02 6.26385E-02
 -1        88-2.38524E-17 4.30885E-02 6.89866E-02
 -1        89-2.25514E-17 4.59925E-02 7.36360E-02
 -1        90-2.94903E-17 4.77640E-02 7.64722E-02
 -1        91-3.03577E-17 4.83594E-02 7.74255E-02
 -1        92-4.16334E-17 4.77640E-02 7.64722E-02
 -1        93-3.46945E-17 4.59925E-02 7.36360E-02
 -1        94-2.90566E-17 4.30885E-02 6.89866E-02
 -1        95-3.55618E-17 3.91236E-02 6.26385E-02
 -1        96-3.05745E-17 3.41953E-02 5.47481E-02
 -1        97-2.12504E-17 2.84249E-02 4.55095E-02
 -1        98-1.40946E-17 2.19547E-02 3.51504E-02
 -1        99-6.72205E-18 1.49439E-02 2.39258E-02
 -1       100-4.06576E-18 7.56508E-03 1.21120E-02
 -1       101 0.00000E+00 0.00000E+00 0.00000E+00
 -3
    1PSTEP                        10           1           2          
    1PGM                1.000000E+00                                  
    1PGK                1.025972E+01                                  
    1PHID                         -1                                  
    1PSUBC                         0                                  
    1PMODE                        10                                  
  100CL  111 5.09786E-01         101                     2   11MODAL      1
 -4  DISP        4    1
 -5  D1          1    2    1    0
 -5  D2          1    2    2    0
 -5  D3          1    2    3    0
 -5  ALL         1    2    0    0    1ALL
 -1         1 0.00000E+00 0.00000E+00 0.00000E+00
 -1         2-2.71051E-20-1.21120E-02 7.56508E-03
 -1         3-1.08420E-19-2.39258E-02 1.49439E-02
 -1         4-5.42101E-20-3.51504E-02 2.19547E-02
 -1         5 0.00000E+00-4.55095E-02 2.84249E-02
 -1         6 0.00000E+00-5.47481E-02 3.41953E-02
 -1         7 0.00000E+00-6.26385E-02 3.91236E-02
 -1         8-2.16840E-19-6.89866E-02 4.30885E-02
 -1         9 4.33681E-19-7.36360E-02 4.59925E-02
 -1        10-6.50521E-19-7.64722E-02 4.77640E-02
 -1        11 2.16840E-19-7.74255E-02 4.83594E-02
 -1        12-2.16840E-19-7.64722E-02 4.77640E-02
 -1        13 2.16840E-19-7.36360E-02 4.59925E-02
 -1        14-4.33681E-19-6.89866E-02 4.30885E-02
 -1        15 2.16840E-19-6.26385E-02 3.91236E-02
 -1        16-6.50521E-19-5.47481E-02 3.41953E-02
 -1        17 6.50521E-19-4.55095E-02 2.84249E-02
 -1        18 4.33681E-19-3.51504E-02 2.19547E-02
 -1        19 0.00000E+00-2.39258E-02 1.49439E-02
 -1        20 0.00000E+00-1.21120E-02 7.56508E-03
 -1        21-8.67362E-19-2.08167E-17-2.77556E-17
 -1        22-8.67362E-19 1.21120E-02-7.56508E-03
 -1        23-6.50521E-19 2.39258E-02-1.49439E-02
 -1        24 4.33681E-19 3.51504E-02-2.19547E-02
 -1        25 4.33681E-19 4.55095E-02-2.84249E-02
 -1        26 4.33681E-19 5.47481E-02-3.41953E-02
 -1        27 2.16840E-19 6.26385E-02-3.91236E-02
 -1        28 6.50521E-19 6.89866E-02-4.30885E-02
 -1        29 4.33681E-19 7.36360E-02-4.59925E-02
 -1        30 1.08420E-19 7.64722E-02-4.77640E-02
 -1        31 1.30104E-18 7.74255E-02-4.83594E-02
 -1        32 5.42101E-19 7.64722E-02-4.77640E-02
 -1        33 1.08420E-19 7.36360E-02-4.59925E-02
 -1        34-0.00000E+00 6.89866E-02-4.30885E-02
 -1        35 1.62630E-18 6.26385E-02-3.91236E-02
 -1        36 6.50521E-19 5.47481E-02-3.41953E-02
 -1        37-4.33681E-19 4.55095E-02-2.84249E-02
 -1        38 6.50521E-19 3.51504E-02-2.19547E-02
 -1        39 5.42101E-19 2.39258E-02-1.49439E-02
 -1        40 1.08420E-18 1.21120E-02-7.56508E-03
 -1        41 1.30104E-18-4.85723E-17 9.71445E-17
 -1        42 4.33681E-19-1.21120E-02 7.56508E-03
 -1        43 1.30104E-18-2.39258E-02 1.49439E-02
 -1        44 0.00000E+00-3.51504E-02 2.19547E-02
 -1        45-8.67362E-19-4.55095E-02 2.84249E-02
 -1        46 1.30104E-18-5.47481E-02 3.41953E-02
 -1        47 4.33681E-19-6.26385E-02 3.91236E-02
 -1        48 1.30104E-18-6.89866E-02 4.30885E-02
 -1        49 4.33681E-19-7.36360E-02 4.59925E-02
 -1        50 1.30104E-18-7.64722E-02 4.77640E-02
 -1        51-1.73472E-18-7.74255E-02 4.83594E-02
 -1        52 0.00000E+00-7.64722E-02 4.77640E-02
 -1        53 8.67362E-19-7.36360E-02 4.59925E-02
 -1        54-1.73472E-18-6.89866E-02 4.30885E-02
 -1        55-8.67362E-19-6.26385E-02 3.91236E-02
 -1        56-1.73472E-18-5.47481E-02 3.41953E-02
 -1        57 1.73472E-18-4.55095E-02 2.84249E-02
 -1        58 8.67362E-19-3.51504E-02 2.19547E-02
 -1        59 8.67362E-19-2.39258E-02 1.49439E-02
 -1        60-8.67362E-19-1.21120E-02 7.56508E-03
 -1        61-1.73472E-18-0.00000E+00-1.38778E-16
 -1        62 0.00000E+00 1.21120E-02-7.56508E-03
 -1        63 2.60209E-18 2.39258E-02-1.49439E-02
 -1        64-8.67362E-19 3.51504E-02-2.19547E-02
 -1        65 8.67362E-19 4.55095E-02-2.84249E-02
 -1        66-8.67362E-19 5.47481E-02-3.41953E-02
 -1        67-2.60209E-18 6.26385E-02-3.91236E-02
 -1        68-1.73472E-18 6.89866E-02-4.30885E-02
 -1        69 8.67362E-19 7.36360E-02-4.59925E-02
 -1        70-2.60209E-18 7.64722E-02-4.77640E-02
 -1        71 8.67362E-19 7.74255E-02-4.83594E-02
 -1        72 2.60209E-18 7.64722E-02-4.77640E-02
 -1        73 1.73472E-18 7.36360E-02-4.59925E-02
 -1        74 8.67362E-19 6.89866E-02-4.30885E-02
 -1        75 2.60209E-18 6.26385E-02-3.91236E-02
 -1        76 1.30104E-18 5.47481E-02-3.41953E-02
 -1        77 0.00000E+00 4.55095E-02-2.84249E-02
 -1        78 4.33681E-19 3.51504E-02-2.19547E-02
 -1        79 8.67362E-19 2.39258E-02-1.49439E-02
 -1        80-4.33681E-19 1.21120E-02-7.56508E-03
 -1        81-1.30104E-18-8.32667E-17 5.20417E-17
 -1        82 8.67362E-19-1.21120E-02 7.56508E-03
 -1        83 4.33681E-19-2.39258E-02 1.49439E-02
 -1        84-1.30104E-18-3.51504E-02 2.19547E-02
 -1        85-0.00000E+00-4.55095E-02 2.84249E-02
 -1        86-8.67362E-19-5.47481E-02 3.41953E-02
 -1        87-4.33681E-19-6.26385E-02 3.91236E-02
 -1        88-4.33681E-19-6.89866E-02 4.30885E-02
 -1        89-8.67362E-19-7.36360E-02 4.59925E-02
 -1        90 8.67362E-19-7.64722E-02 4.77640E-02
 -1        91-0.00000E+00-7.74255E-02 4.83594E-02
 -1        92-1.30104E-18-7.64722E-02 4.77640E-02
 -1        93-1.73472E-18-7.36360E-02 4.59925E-02
 -1        94-8.67362E-19-6.89866E-02 4.30885E-02
 -1        95-8.67362E-19-6.26385E-02 3.91236E-02
 -1        96-1.73472E-18-5.47481E-02 3.41953E-02
 -1        97-0.00000E+00-4.55095E-02 2.84249E-02
 -1        98-4.33681E-19-3.51504E-02 2.19547E-02
 -1        99 1.08420E-19-2.39258E-02 1.49439E-02
 -1       100 0.00000E+00-1.21120E-02 7.56508E-03
 -1       101 0.00000E+00 0.00000E+00 0.00000E+00
 -3
    1PSTEP                        11           1           2          
    1PGM                1.000000E+00                                  
    1PGK                1.476062E+01                                  
    1PHID                         -1                                  
    1PSUBC                         0                                  
    1PMODE                        11                                  
  100CL  112 6.11466E-01         101                     2   12MODAL      1
 -4  DISP        4    1
 -5  D1          1    2    1    0
 -5  D2          1    2    2    0
 -5  D3          1    2    3    0
 -5  ALL         1    2    0    0    1ALL
 -1         1 0.00000E+00 0.00000E+00 0.00000E+00
 -1         2-1.08420E-19 1.38041E-02-1.01017E-02
 -1         3-5.96311E-19 2.71193E-02-1.98455E-02
 -1         4-7.58942E-19 3.94737E-02-2.88862E-02
 -1         5-1.57209E-18 5.04297E-02-3.69037E-02
 -1         6-1.35525E-18 5.95993E-02-4.36138E-02
 -1         7-1.08420E-18 6.66575E-02-4.87789E-02
 -1         8-1.19262E-18 7.13543E-02-5.22159E-02
 -1         9-2.71051E-18 7.35234E-02-5.38032E-02
 -1        10-1.95156E-18 7.30879E-02-5.34845E-02
 -1        11-8.67362E-19 7.00632E-02-5.12711E-02
 -1        12-2.27682E-18 6.45564E-02-4.72414E-02
 -1        13-2.05998E-18 5.67628E-02-4.15381E-02
 -1        14-3.03577E-18 4.69582E-02-3.43633E-02
 -1        15-1.19262E-18 3.54902E-02-2.59712E-02
 -1        16-1.65341E-18 2.27649E-02-1.66590E-02
 -1        17-7.18284E-19 9.23314E-03-6.75667E-03
 -1        18-8.13152E-19-4.62570E-03 3.38501E-03
 -1        19-1.12486E-18-1.83207E-02 1.34068E-02
 -1        20-1.70762E-18-3.13666E-02 2.29536E-02
 -1        21-2.38524E-18-4.33014E-02 3.16873E-02
 -1        22-1.84314E-18-5.37022E-02 3.92984E-02
 -1        23-1.49078E-18-6.22006E-02 4.55174E-02
 -1        24-2.71051E-18-6.84955E-02 5.01239E-02
 -1        25-1.65341E-18-7.23639E-02 5.29547E-02
 -1        26-1.13841E-18-7.36688E-02 5.39096E-02
 -1        27-2.16840E-19-7.23639E-02 5.29547E-02
 -1        28 3.25261E-19-6.84955E-02 5.01239E-02
 -1        29 1.30104E-18-6.22006E-02 4.55174E-02
 -1        30 2.16840E-18-5.37022E-02 3.92984E-02
 -1        31 3.46945E-18-4.33014E-02 3.16873E-02
 -1        32 2.81893E-18-3.13666E-02 2.29536E-02
 -1        33 3.68629E-18-1.83207E-02 1.34068E-02
 -1        34 5.42101E-18-4.62570E-03 3.38501E-03
 -1        35 3.03577E-18 9.23314E-03-6.75667E-03
 -1        36 3.46945E-18 2.27649E-02-1.66590E-02
 -1        37 4.98733E-18 3.54902E-02-2.59712E-02
 -1        38 1.95156E-18 4.69582E-02-3.43633E-02
 -1        39 2.16840E-18 5.67628E-02-4.15381E-02
 -1        40-2.16840E-19 6.45564E-02-4.72414E-02
 -1        41 2.38524E-18 7.00632E-02-5.12711E-02
 -1        42 7.58942E-19 7.30879E-02-5.34845E-02
 -1        43 1.40946E-18 7.35234E-02-5.38032E-02
 -1        44-1.19262E-18 7.13543E-02-5.22159E-02
 -1        45-4.60786E-19 6.66575E-02-4.87789E-02
 -1        46-1.35525E-19 5.95993E-02-4.36138E-02
 -1        47 3.52366E-19 5.04297E-02-3.69037E-02
 -1        48 4.33681E-19 3.94737E-02-2.88862E-02
 -1        49-2.16840E-19 2.71193E-02-1.98455E-02
 -1        50 1.08420E-19 1.38041E-02-1.01017E-02
 -1        51-4.33681E-19-7.63278E-17 6.93889E-17
 -1        52-1.08420E-18-1.38041E-02 1.01017E-02
 -1        53-6.28837E-18-2.71193E-02 1.98455E-02
 -1        54-3.46945E-18-3.94737E-02 2.88862E-02
 -1        55-1.73472E-18-5.04297E-02 3.69037E-02
 -1        56-1.73472E-18-5.95993E-02 4.36138E-02
 -1        57-3.46945E-18-6.66575E-02 4.87789E-02
 -1        58-3.03577E-18-7.13543E-02 5.22159E-02
 -1        59-5.20417E-18-7.35234E-02 5.38032E-02
 -1        60-3.03577E-18-7.30879E-02 5.34845E-02
 -1        61-3.90313E-18-7.00632E-02 5.12711E-02
 -1        62-1.73472E-18-6.45564E-02 4.72414E-02
 -1        63-2.16840E-18-5.67628E-02 4.15381E-02
 -1        64-8.67362E-19-4.69582E-02 3.43633E-02
 -1        65-4.33681E-18-3.54902E-02 2.59712E-02
 -1        66-1.30104E-18-2.27649E-02 1.66590E-02
 -1        67 4.33681E-19-9.23314E-03 6.75667E-03
 -1        68-1.30104E-18 4.62570E-03-3.38501E-03
 -1        69-8.67362E-19 1.83207E-02-1.34068E-02
 -1        70-8.67362E-19 3.13666E-02-2.29536E-02
 -1        71-1.30104E-18 4.33014E-02-3.16873E-02
 -1        72-6.50521E-19 5.37022E-02-3.92984E-02
 -1        73-1.30104E-18 6.22006E-02-4.55174E-02
 -1        74-0.00000E+00 6.84955E-02-5.01239E-02
 -1        75-8.67362E-19 7.23639E-02-5.29547E-02
 -1        76-4.33681E-19 7.36688E-02-5.39096E-02
 -1        77-0.00000E+00 7.23639E-02-5.29547E-02
 -1        78 8.67362E-19 6.84955E-02-5.01239E-02
 -1        79 4.33681E-19 6.22006E-02-4.55174E-02
 -1        80-1.73472E-18 5.37022E-02-3.92984E-02
 -1        81 4.33681E-19 4.33014E-02-3.16873E-02
 -1        82-1.51788E-18 3.13666E-02-2.29536E-02
 -1        83-1.30104E-18 1.83207E-02-1.34068E-02
 -1        84-1.30104E-18 4.62570E-03-3.38501E-03
 -1        85-3.90313E-18-9.23314E-03 6.75667E-03
 -1        86-1.73472E-18-2.27649E-02 1.66590E-02
 -1        87-3.46945E-18-3.54902E-02 2.59712E-02
 -1        88-2.60209E-18-4.69582E-02 3.43633E-02
 -1        89-2.60209E-18-5.67628E-02 4.15381E-02
 -1        90-4.33681E-18-6.45564E-02 4.72414E-02
 -1        91-3.03577E-18-7.00632E-02 5.12711E-02
 -1        92-2.16840E-18-7.30879E-02 5.34845E-02
 -1        93-3.03577E-18-7.35234E-02 5.38032E-02
 -1        94-4.77049E-18-7.13543E-02 5.22159E-02
 -1        95-3.25261E-18-6.66575E-02 4.87789E-02
 -1        96-2.38524E-18-5.95993E-02 4.36138E-02
 -1        97-3.68629E-18-5.04297E-02 3.69037E-02
 -1        98-1.30104E-18-3.94737E-02 2.88862E-02
 -1        99-8.67362E-19-2.71193E-02 1.98455E-02
 -1       100-9.21572E-19-1.38041E-02 1.01017E-02
 -1       101 0.00000E+00 0.00000E+00 0.00000E+00
 -3
    1PSTEP                        12           1           2          
    1PGM                1.000000E+00                                  
    1PGK                1.476062E+01                                  
    1PHID                         -1                                  
    1PSUBC                         0                                  
    1PMODE                        12                                  
  100CL  113 6.11466E-01         101                     2   13MODAL      1
 -4  DISP        4    1
 -5  D1          1    2    1    0
 -5  D2          1    2    2    0
 -5  D3          1    2    3    0
 -5  ALL         1    2    0    0    1ALL
 -1         1 0.00000E+00 0.00000E+00 0.00000E+00
 -1         2-1.73472E-18-1.01017E-02-1.38041E-02
 -1         3-7.26415E-18-1.98455E-02-2.71193E-02
 -1         4-6.45100E-18-2.88862E-02-3.94737E-02
 -1         5-1.31188E-17-3.69037E-02-5.04297E-02
 -1         6-1.46367E-17-4.36138E-02-5.95993E-02
 -1         7-1.47451E-17-4.87789E-02-6.66575E-02
 -1         8-1.73472E-17-5.22159E-02-7.13543E-02
 -1         9-2.01662E-17-5.38032E-02-7.35234E-02
 -1        10-2.53703E-17-5.34845E-02-7.30879E-02
 -1        11-2.36356E-17-5.12711E-02-7.00632E-02
 -1        12-2.81893E-17-4.72414E-02-6.45564E-02
 -1        13-2.19009E-17-4.15381E-02-5.67628E-02
 -1        14-1.88651E-17-3.43633E-02-4.69582E-02
 -1        15-1.51788E-17-2.59712E-02-3.54902E-02
 -1        16-8.02310E-18-1.66590E-02-2.27649E-02
 -1        17-6.28837E-18-6.75667E-03-9.23314E-03
 -1        18-1.23599E-17 3.38501E-03 4.62570E-03
 -1        19-1.30104E-17 1.34068E-02 1.83207E-02
 -1        20-1.60462E-17 2.29536E-02 3.13666E-02
 -1        21-2.79724E-17 3.16873E-02 4.33014E-02
 -1        22-2.84061E-17 3.92984E-02 5.37022E-02
 -1        23-2.99240E-17 4.55174E-02 6.22006E-02
 -1        24-2.86229E-17 5.01239E-02 6.84955E-02
 -1        25-2.60209E-17 5.29547E-02 7.23639E-02
 -1        26-2.32019E-17 5.39096E-02 7.36688E-02
 -1        27-8.02310E-18 5.29547E-02 7.23639E-02
 -1        28 2.60209E-18 5.01239E-02 6.84955E-02
 -1        29 6.93889E-18 4.55174E-02 6.22006E-02
 -1        30 1.90820E-17 3.92984E-02 5.37022E-02
 -1        31 2.24430E-17 3.16873E-02 4.33014E-02
 -1        32 2.67256E-17 2.29536E-02 3.13666E-02
 -1        33 4.11184E-17 1.34068E-02 1.83207E-02
 -1        34 3.67273E-17 3.38501E-03 4.62570E-03
 -1        35 2.85687E-17-6.75667E-03-9.23314E-03
 -1        36 3.43692E-17-1.66590E-02-2.27649E-02
 -1        37 2.61293E-17-2.59712E-02-3.54902E-02
 -1        38 3.57787E-17-3.43633E-02-4.69582E-02
 -1        39 3.18755E-17-4.15381E-02-5.67628E-02
 -1        40 2.34188E-17-4.72414E-02-6.45564E-02
 -1        41 1.88651E-17-5.12711E-02-7.00632E-02
 -1        42 1.32273E-17-5.34845E-02-7.30879E-02
 -1        43 6.07153E-18-5.38032E-02-7.35234E-02
 -1        44 1.51340E-43-5.22159E-02-7.13543E-02
 -1        45-3.03577E-18-4.87789E-02-6.66575E-02
 -1        46-1.30104E-18-4.36138E-02-5.95993E-02
 -1        47 2.60209E-18-3.69037E-02-5.04297E-02
 -1        48 7.80626E-18-2.88862E-02-3.94737E-02
 -1        49 6.93889E-18-1.98455E-02-2.71193E-02
 -1        50-1.30104E-18-1.01017E-02-1.38041E-02
 -1        51-9.54098E-18 8.32667E-17 2.77556E-17
 -1        52-2.16840E-17 1.01017E-02 1.38041E-02
 -1        53-3.12250E-17 1.98455E-02 2.71193E-02
 -1        54-3.29597E-17 2.88862E-02 3.94737E-02
 -1        55-3.20924E-17 3.69037E-02 5.04297E-02
 -1        56-3.03577E-17 4.36138E-02 5.95993E-02
 -1        57-2.94903E-17 4.87789E-02 6.66575E-02
 -1        58-2.86229E-17 5.22159E-02 7.13543E-02
 -1        59-2.51535E-17 5.38032E-02 7.35234E-02
 -1        60-2.25514E-17 5.34845E-02 7.30879E-02
 -1        61-1.82146E-17 5.12711E-02 7.00632E-02
 -1        62-1.38778E-17 4.72414E-02 6.45564E-02
 -1        63-8.67362E-19 4.15381E-02 5.67628E-02
 -1        64 2.60209E-18 3.43633E-02 4.69582E-02
 -1        65 6.07153E-18 2.59712E-02 3.54902E-02
 -1        66 6.93889E-18 1.66590E-02 2.27649E-02
 -1        67 4.33681E-18 6.75667E-03 9.23314E-03
 -1        68 5.20417E-18-3.38501E-03-4.62570E-03
 -1        69 7.80626E-18-1.34068E-02-1.83207E-02
 -1        70 1.47451E-17-2.29536E-02-3.13666E-02
 -1        71 1.38778E-17-3.16873E-02-4.33014E-02
 -1        72 2.08167E-17-3.92984E-02-5.37022E-02
 -1        73 2.08167E-17-4.55174E-02-6.22006E-02
 -1        74 3.16587E-17-5.01239E-02-6.84955E-02
 -1        75 2.77556E-17-5.29547E-02-7.23639E-02
 -1        76 4.03323E-17-5.39096E-02-7.36688E-02
 -1        77 3.81639E-17-5.29547E-02-7.23639E-02
 -1        78 2.99240E-17-5.01239E-02-6.84955E-02
 -1        79 2.77556E-17-4.55174E-02-6.22006E-02
 -1        80 2.73219E-17-3.92984E-02-5.37022E-02
 -1        81 2.90566E-17-3.16873E-02-4.33014E-02
 -1        82 2.08167E-17-2.29536E-02-3.13666E-02
 -1        83 1.38778E-17-1.34068E-02-1.83207E-02
 -1        84 6.07153E-18-3.38501E-03-4.62570E-03
 -1        85-1.30104E-18 6.75667E-03 9.23314E-03
 -1        86-1.43115E-17 1.66590E-02 2.27649E-02
 -1        87-1.73472E-17 2.59712E-02 3.54902E-02
 -1        88-2.86229E-17 3.43633E-02 4.69582E-02
 -1        89-3.42608E-17 4.15381E-02 5.67628E-02
 -1        90-3.38271E-17 4.72414E-02 6.45564E-02
 -1        91-3.33934E-17 5.12711E-02 7.00632E-02
 -1        92-3.81639E-17 5.34845E-02 7.30879E-02
 -1        93-3.94650E-17 5.38032E-02 7.35234E-02
 -1        94-3.51282E-17 5.22159E-02 7.13543E-02
 -1        95-2.99240E-17 4.87789E-02 6.66575E-02
 -1        96-3.59955E-17 4.36138E-02 5.95993E-02
 -1        97-2.71051E-17 3.69037E-02 5.04297E-02
 -1        98-1.30104E-17 2.88862E-02 3.94737E-02
 -1        99-6.39679E-18 1.98455E-02 2.71193E-02
 -1       100-4.11997E-18 1.01017E-02 1.38041E-02
 -1       101 0.00000E+00 0.00000E+00 0.00000E+00
 -3
 9999
