/COM,ANSYS RELEASE 2026 R1           BUILD 26.1      UP20260202       21:37:15

 *** WARNING ***                         ELAPSED TIME =      14.484   TIME= 21:37:29
 Constraint equations may not be valid for elements that undergo large   
 deflections.                                                            

 *** WARNING ***                         ELAPSED TIME =      27.390   TIME= 21:37:42
 Coefficient ratio exceeds 1.0e8 - Check results.                        

 *** WARNING ***                         ELAPSED TIME =      74.901   TIME= 21:38:29
 A reference moment value times the tolerance is used by the             
 Newton-Raphson method for checking convergence.  The calculated         
 reference MOMENT CONVERGENCE VALUE = 0.11037294 is less than a          
 threshold.  This threshold is internally calculated.  You can           
 overwrite it by specifying MINREF on the CNVTOL command.  Check         
 results carefully.                                                      

 *** WARNING ***                         ELAPSED TIME =    2568.370   TIME= 22:20:03
 A reference moment value times the tolerance is used by the             
 Newton-Raphson method for checking convergence.  The calculated         
 reference MOMENT CONVERGENCE VALUE = 203.618129 is less than a          
 threshold.  This threshold is internally calculated.  You can           
 overwrite it by specifying MINREF on the CNVTOL command.  Check         
 results carefully.                                                      
/COM,ANSYS RELEASE 2026 R1           BUILD 26.1      UP20260202       22:57:17
