
************************************************************

CalculiX Version 2.17, Copyright(C) 1998-2020 Guido Dhondt
CalculiX comes with ABSOLUTELY NO WARRANTY. This is free
software, and you are welcome to redistribute it under
certain conditions, see gpl.htm

************************************************************

You are using an executable made on Thu Jul 23 21:43:50 CEST 2020

  The numbers below are estimated upper bounds

  number of:

   nodes:        63923
   elements:         1659
   one-dimensional elements:          586
   two-dimensional elements:          492
   integration points per element:            8
   degrees of freedom per node:            3
   layers per element:            2

   distributed facial loads:            0
   distributed volumetric loads:            1
   concentrated loads:         5229
   single point constraints:        78138
   multiple point constraints:       129361
   terms in all multiple point constraints:       827905
   tie constraints:            0
   dependent nodes tied by cyclic constraints:            0
   dependent nodes in pre-tension constraints:            0

   sets:          610
   terms in all sets:         8338

   materials:          587
   constants per material and temperature:            2
   temperature points per material:            1
   plastic data points per material:            0

   orientations:          984
   amplitudes:            3
   data points in all amplitudes:            3
   print requests:            8
   transformations:            0
   property cards:            0

 *INFO reading *STEP: nonlinear geometric
       effects are turned on

 *WARNING in calinput: no elastic constants 
  were assigned to material MASS
          in a (thermo)mechanical calculation

 *WARNING in calinput: no elastic constants 
  were assigned to material MASS
          in a (thermo)mechanical calculation

 *WARNING in calinput: no elastic constants 
  were assigned to material MASS
          in a (thermo)mechanical calculation

 *WARNING in calinput: no elastic constants 
  were assigned to material MASS
          in a (thermo)mechanical calculation

 *WARNING in calinput: no elastic constants 
  were assigned to material MASS
          in a (thermo)mechanical calculation

 *WARNING in calinput: no elastic constants 
  were assigned to material MASS
          in a (thermo)mechanical calculation

 *WARNING in calinput: no elastic constants 
  were assigned to material MASS
          in a (thermo)mechanical calculation

 *WARNING in calinput: no elastic constants 
  were assigned to material MASS
          in a (thermo)mechanical calculation

 *WARNING in calinput: no elastic constants 
  were assigned to material MASS
          in a (thermo)mechanical calculation

 *WARNING in calinput: no elastic constants 
  were assigned to material MASS
          in a (thermo)mechanical calculation

 *WARNING in calinput: no elastic constants 
  were assigned to material MASS
          in a (thermo)mechanical calculation

 *WARNING in calinput: no elastic constants 
  were assigned to material MASS
          in a (thermo)mechanical calculation

 *WARNING in calinput: no elastic constants 
  were assigned to material MASS
          in a (thermo)mechanical calculation

 *WARNING in calinput: no elastic constants 
  were assigned to material MASS
          in a (thermo)mechanical calculation

 *WARNING in calinput: no elastic constants 
  were assigned to material MASS
          in a (thermo)mechanical calculation

 *WARNING in calinput: no elastic constants 
  were assigned to material MASS
          in a (thermo)mechanical calculation

 *WARNING in calinput: no elastic constants 
  were assigned to material MASS
          in a (thermo)mechanical calculation

 *WARNING in calinput: no elastic constants 
  were assigned to material MASS
          in a (thermo)mechanical calculation

 *WARNING in calinput: no elastic constants 
  were assigned to material MASS
          in a (thermo)mechanical calculation

 *WARNING in calinput: no elastic constants 
  were assigned to material MASS
          in a (thermo)mechanical calculation

 *WARNING in calinput: no elastic constants 
  were assigned to material MASS
          in a (thermo)mechanical calculation

 *WARNING in calinput: no elastic constants 
  were assigned to material MASS
          in a (thermo)mechanical calculation

 *WARNING in calinput: no elastic constants 
  were assigned to material MASS
          in a (thermo)mechanical calculation

 *WARNING in calinput: no elastic constants 
  were assigned to material MASS
          in a (thermo)mechanical calculation

 *WARNING in calinput: no elastic constants 
  were assigned to material MASS
          in a (thermo)mechanical calculation

 *WARNING in calinput: no elastic constants 
  were assigned to material MASS
          in a (thermo)mechanical calculation

 *WARNING in calinput: no elastic constants 
  were assigned to material MASS
          in a (thermo)mechanical calculation

 *WARNING in calinput: no elastic constants 
  were assigned to material MASS
          in a (thermo)mechanical calculation

 *WARNING in calinput: no elastic constants 
  were assigned to material MASS
          in a (thermo)mechanical calculation

 *WARNING in calinput: no elastic constants 
  were assigned to material MASS
          in a (thermo)mechanical calculation

 *WARNING in calinput: no elastic constants 
  were assigned to material MASS
          in a (thermo)mechanical calculation

 *WARNING in calinput: no elastic constants 
  were assigned to material MASS
          in a (thermo)mechanical calculation

 *WARNING in calinput: no elastic constants 
  were assigned to material MASS
          in a (thermo)mechanical calculation

 *WARNING in calinput: no elastic constants 
  were assigned to material MASS
          in a (thermo)mechanical calculation

 *WARNING in calinput: no elastic constants 
  were assigned to material MASS
          in a (thermo)mechanical calculation

 *WARNING in calinput: no elastic constants 
  were assigned to material MASS
          in a (thermo)mechanical calculation

 *WARNING in calinput: no elastic constants 
  were assigned to material MASS
          in a (thermo)mechanical calculation

 *WARNING in calinput: no elastic constants 
  were assigned to material MASS
          in a (thermo)mechanical calculation

 *WARNING in calinput: no elastic constants 
  were assigned to material MASS
          in a (thermo)mechanical calculation

 *WARNING in calinput: no elastic constants 
  were assigned to material MASS
          in a (thermo)mechanical calculation

 *WARNING in calinput: no elastic constants 
  were assigned to material MASS
          in a (thermo)mechanical calculation

 *WARNING in calinput: no elastic constants 
  were assigned to material MASS
          in a (thermo)mechanical calculation

 *WARNING in calinput: no elastic constants 
  were assigned to material MASS
          in a (thermo)mechanical calculation

 *WARNING in calinput: no elastic constants 
  were assigned to material MASS
          in a (thermo)mechanical calculation

 *WARNING in calinput: no elastic constants 
  were assigned to material MASS
          in a (thermo)mechanical calculation

 *WARNING in calinput: no elastic constants 
  were assigned to material MASS
          in a (thermo)mechanical calculation

 *WARNING in calinput: no elastic constants 
  were assigned to material MASS
          in a (thermo)mechanical calculation

 *WARNING in calinput: no elastic constants 
  were assigned to material MASS
          in a (thermo)mechanical calculation

 *WARNING in calinput: no elastic constants 
  were assigned to material MASS
          in a (thermo)mechanical calculation

 *WARNING in calinput: no elastic constants 
  were assigned to material MASS
          in a (thermo)mechanical calculation

 *WARNING in calinput: no elastic constants 
  were assigned to material MASS
          in a (thermo)mechanical calculation

 *WARNING in calinput: no elastic constants 
  were assigned to material MASS
          in a (thermo)mechanical calculation

 *WARNING in calinput: no elastic constants 
  were assigned to material MASS
          in a (thermo)mechanical calculation

 *WARNING in calinput: no elastic constants 
  were assigned to material MASS
          in a (thermo)mechanical calculation

 *WARNING in calinput: no elastic constants 
  were assigned to material MASS
          in a (thermo)mechanical calculation

 *WARNING in calinput: no elastic constants 
  were assigned to material MASS
          in a (thermo)mechanical calculation

 *WARNING in calinput: no elastic constants 
  were assigned to material MASS
          in a (thermo)mechanical calculation

 *WARNING in calinput: no elastic constants 
  were assigned to material MASS
          in a (thermo)mechanical calculation

 *WARNING in calinput: no elastic constants 
  were assigned to material MASS
          in a (thermo)mechanical calculation

 *WARNING in calinput: no elastic constants 
  were assigned to material MASS
          in a (thermo)mechanical calculation

 *WARNING in calinput: no elastic constants 
  were assigned to material MASS
          in a (thermo)mechanical calculation

 *WARNING in calinput: no elastic constants 
  were assigned to material MASS
          in a (thermo)mechanical calculation

 *WARNING in calinput: no elastic constants 
  were assigned to material MASS
          in a (thermo)mechanical calculation

 *WARNING in calinput: no elastic constants 
  were assigned to material MASS
          in a (thermo)mechanical calculation

 *WARNING in calinput: no elastic constants 
  were assigned to material MASS
          in a (thermo)mechanical calculation

 *WARNING in calinput: no elastic constants 
  were assigned to material MASS
          in a (thermo)mechanical calculation

 *WARNING in calinput: no elastic constants 
  were assigned to material MASS
          in a (thermo)mechanical calculation

 *WARNING in calinput: no elastic constants 
  were assigned to material MASS
          in a (thermo)mechanical calculation

 *WARNING in calinput: no elastic constants 
  were assigned to material MASS
          in a (thermo)mechanical calculation

 *WARNING in calinput: no elastic constants 
  were assigned to material MASS
          in a (thermo)mechanical calculation

 *WARNING in calinput: no elastic constants 
  were assigned to material MASS
          in a (thermo)mechanical calculation

 *WARNING in calinput: no elastic constants 
  were assigned to material MASS
          in a (thermo)mechanical calculation

 *WARNING in calinput: no elastic constants 
  were assigned to material MASS
          in a (thermo)mechanical calculation

 *WARNING in calinput: no elastic constants 
  were assigned to material MASS
          in a (thermo)mechanical calculation

 *WARNING in calinput: no elastic constants 
  were assigned to material MASS
          in a (thermo)mechanical calculation

 *WARNING in calinput: no elastic constants 
  were assigned to material MASS
          in a (thermo)mechanical calculation

 *WARNING in calinput: no elastic constants 
  were assigned to material MASS
          in a (thermo)mechanical calculation

 *WARNING in calinput: no elastic constants 
  were assigned to material MASS
          in a (thermo)mechanical calculation

 *WARNING in calinput: no elastic constants 
  were assigned to material MASS
          in a (thermo)mechanical calculation

 *WARNING in calinput: no elastic constants 
  were assigned to material MASS
          in a (thermo)mechanical calculation

 *WARNING in calinput: no elastic constants 
  were assigned to material MASS
          in a (thermo)mechanical calculation

 *WARNING in calinput: no elastic constants 
  were assigned to material MASS
          in a (thermo)mechanical calculation

 *WARNING in calinput: no elastic constants 
  were assigned to material MASS
          in a (thermo)mechanical calculation

 *WARNING in calinput: no elastic constants 
  were assigned to material MASS
          in a (thermo)mechanical calculation

 *WARNING in calinput: no elastic constants 
  were assigned to material MASS
          in a (thermo)mechanical calculation

 *WARNING in calinput: no elastic constants 
  were assigned to material MASS
          in a (thermo)mechanical calculation

 *WARNING in calinput: no elastic constants 
  were assigned to material MASS
          in a (thermo)mechanical calculation

 *WARNING in calinput: no elastic constants 
  were assigned to material MASS
          in a (thermo)mechanical calculation

 *WARNING in calinput: no elastic constants 
  were assigned to material MASS
          in a (thermo)mechanical calculation

 *WARNING in calinput: no elastic constants 
  were assigned to material MASS
          in a (thermo)mechanical calculation

 *WARNING in calinput: no elastic constants 
  were assigned to material MASS
          in a (thermo)mechanical calculation

 *WARNING in calinput: no elastic constants 
  were assigned to material MASS
          in a (thermo)mechanical calculation

 *WARNING in calinput: no elastic constants 
  were assigned to material MASS
          in a (thermo)mechanical calculation

 *WARNING in calinput: no elastic constants 
  were assigned to material MASS
          in a (thermo)mechanical calculation

 *WARNING in calinput: no elastic constants 
  were assigned to material MASS
          in a (thermo)mechanical calculation

 *WARNING in calinput: no elastic constants 
  were assigned to material MASS
          in a (thermo)mechanical calculation

 *WARNING in calinput: no elastic constants 
  were assigned to material MASS
          in a (thermo)mechanical calculation

 *WARNING in calinput: no elastic constants 
  were assigned to material MASS
          in a (thermo)mechanical calculation

 *WARNING in calinput: no elastic constants 
  were assigned to material MASS
          in a (thermo)mechanical calculation

 *WARNING in calinput: no elastic constants 
  were assigned to material MASS
          in a (thermo)mechanical calculation

 *WARNING in calinput: no elastic constants 
  were assigned to material MASS
          in a (thermo)mechanical calculation

 *WARNING in calinput: no elastic constants 
  were assigned to material MASS
          in a (thermo)mechanical calculation

 *WARNING in calinput: no elastic constants 
  were assigned to material MASS
          in a (thermo)mechanical calculation

 *WARNING in calinput: no elastic constants 
  were assigned to material MASS
          in a (thermo)mechanical calculation

 *WARNING in calinput: no elastic constants 
  were assigned to material MASS
          in a (thermo)mechanical calculation

 *WARNING in calinput: no elastic constants 
  were assigned to material MASS
          in a (thermo)mechanical calculation

 *WARNING in calinput: no elastic constants 
  were assigned to material MASS
          in a (thermo)mechanical calculation

 *WARNING in calinput: no elastic constants 
  were assigned to material MASS
          in a (thermo)mechanical calculation

 *WARNING in calinput: no elastic constants 
  were assigned to material MASS
          in a (thermo)mechanical calculation

 *WARNING in calinput: no elastic constants 
  were assigned to material MASS
          in a (thermo)mechanical calculation

 *WARNING in calinput: no elastic constants 
  were assigned to material MASS
          in a (thermo)mechanical calculation

 *WARNING in calinput: no elastic constants 
  were assigned to material MASS
          in a (thermo)mechanical calculation

 *WARNING in calinput: no elastic constants 
  were assigned to material MASS
          in a (thermo)mechanical calculation

 *WARNING in calinput: no elastic constants 
  were assigned to material MASS
          in a (thermo)mechanical calculation

 *WARNING in calinput: no elastic constants 
  were assigned to material MASS
          in a (thermo)mechanical calculation

 *WARNING in calinput: no elastic constants 
  were assigned to material MASS
          in a (thermo)mechanical calculation

 *WARNING in calinput: no elastic constants 
  were assigned to material MASS
          in a (thermo)mechanical calculation

 *WARNING in calinput: no elastic constants 
  were assigned to material MASS
          in a (thermo)mechanical calculation

 *WARNING in calinput: no elastic constants 
  were assigned to material MASS
          in a (thermo)mechanical calculation

 *WARNING in calinput: no elastic constants 
  were assigned to material MASS
          in a (thermo)mechanical calculation

 *WARNING in calinput: no elastic constants 
  were assigned to material MASS
          in a (thermo)mechanical calculation

 *WARNING in calinput: no elastic constants 
  were assigned to material MASS
          in a (thermo)mechanical calculation

 *WARNING in calinput: no elastic constants 
  were assigned to material MASS
          in a (thermo)mechanical calculation

 *WARNING in calinput: no elastic constants 
  were assigned to material MASS
          in a (thermo)mechanical calculation

 *WARNING in calinput: no elastic constants 
  were assigned to material MASS
          in a (thermo)mechanical calculation

 *WARNING in calinput: no elastic constants 
  were assigned to material MASS
          in a (thermo)mechanical calculation

 *WARNING in calinput: no elastic constants 
  were assigned to material MASS
          in a (thermo)mechanical calculation

 *WARNING in calinput: no elastic constants 
  were assigned to material MASS
          in a (thermo)mechanical calculation

 *WARNING in calinput: no elastic constants 
  were assigned to material MASS
          in a (thermo)mechanical calculation

 *WARNING in calinput: no elastic constants 
  were assigned to material MASS
          in a (thermo)mechanical calculation

 *WARNING in calinput: no elastic constants 
  were assigned to material MASS
          in a (thermo)mechanical calculation

 *WARNING in calinput: no elastic constants 
  were assigned to material MASS
          in a (thermo)mechanical calculation

 *WARNING in calinput: no elastic constants 
  were assigned to material MASS
          in a (thermo)mechanical calculation

 *WARNING in calinput: no elastic constants 
  were assigned to material MASS
          in a (thermo)mechanical calculation

 *WARNING in calinput: no elastic constants 
  were assigned to material MASS
          in a (thermo)mechanical calculation

 *WARNING in calinput: no elastic constants 
  were assigned to material MASS
          in a (thermo)mechanical calculation

 *WARNING in calinput: no elastic constants 
  were assigned to material MASS
          in a (thermo)mechanical calculation

 *WARNING in calinput: no elastic constants 
  were assigned to material MASS
          in a (thermo)mechanical calculation

 *WARNING in calinput: no elastic constants 
  were assigned to material MASS
          in a (thermo)mechanical calculation

 *WARNING in calinput: no elastic constants 
  were assigned to material MASS
          in a (thermo)mechanical calculation

 *WARNING in calinput: no elastic constants 
  were assigned to material MASS
          in a (thermo)mechanical calculation

 *WARNING in calinput: no elastic constants 
  were assigned to material MASS
          in a (thermo)mechanical calculation

 *WARNING in calinput: no elastic constants 
  were assigned to material MASS
          in a (thermo)mechanical calculation

 *WARNING in calinput: no elastic constants 
  were assigned to material MASS
          in a (thermo)mechanical calculation

 *WARNING in calinput: no elastic constants 
  were assigned to material MASS
          in a (thermo)mechanical calculation

 *WARNING in calinput: no elastic constants 
  were assigned to material MASS
          in a (thermo)mechanical calculation

 *WARNING in calinput: no elastic constants 
  were assigned to material MASS
          in a (thermo)mechanical calculation

 *WARNING in calinput: no elastic constants 
  were assigned to material MASS
          in a (thermo)mechanical calculation

 *WARNING in calinput: no elastic constants 
  were assigned to material MASS
          in a (thermo)mechanical calculation

 *WARNING in calinput: no elastic constants 
  were assigned to material MASS
          in a (thermo)mechanical calculation

 *WARNING in calinput: no elastic constants 
  were assigned to material MASS
          in a (thermo)mechanical calculation

 *WARNING in calinput: no elastic constants 
  were assigned to material MASS
          in a (thermo)mechanical calculation

 *WARNING in calinput: no elastic constants 
  were assigned to material MASS
          in a (thermo)mechanical calculation

 *WARNING in calinput: no elastic constants 
  were assigned to material MASS
          in a (thermo)mechanical calculation

 *WARNING in calinput: no elastic constants 
  were assigned to material MASS
          in a (thermo)mechanical calculation

 *WARNING in calinput: no elastic constants 
  were assigned to material MASS
          in a (thermo)mechanical calculation

 *WARNING in calinput: no elastic constants 
  were assigned to material MASS
          in a (thermo)mechanical calculation

 *WARNING in calinput: no elastic constants 
  were assigned to material MASS
          in a (thermo)mechanical calculation

 *WARNING in calinput: no elastic constants 
  were assigned to material MASS
          in a (thermo)mechanical calculation

 *WARNING in calinput: no elastic constants 
  were assigned to material MASS
          in a (thermo)mechanical calculation

 *WARNING in calinput: no elastic constants 
  were assigned to material MASS
          in a (thermo)mechanical calculation

 *WARNING in calinput: no elastic constants 
  were assigned to material MASS
          in a (thermo)mechanical calculation

 *WARNING in calinput: no elastic constants 
  were assigned to material MASS
          in a (thermo)mechanical calculation

 *WARNING in calinput: no elastic constants 
  were assigned to material MASS
          in a (thermo)mechanical calculation

 *WARNING in calinput: no elastic constants 
  were assigned to material MASS
          in a (thermo)mechanical calculation

 *WARNING in calinput: no elastic constants 
  were assigned to material MASS
          in a (thermo)mechanical calculation

 *WARNING in calinput: no elastic constants 
  were assigned to material MASS
          in a (thermo)mechanical calculation

 *WARNING in calinput: no elastic constants 
  were assigned to material MASS
          in a (thermo)mechanical calculation

 *WARNING in calinput: no elastic constants 
  were assigned to material MASS
          in a (thermo)mechanical calculation

 *WARNING in calinput: no elastic constants 
  were assigned to material MASS
          in a (thermo)mechanical calculation

 *WARNING in calinput: no elastic constants 
  were assigned to material MASS
          in a (thermo)mechanical calculation

 *WARNING in calinput: no elastic constants 
  were assigned to material MASS
          in a (thermo)mechanical calculation

 *WARNING in calinput: no elastic constants 
  were assigned to material MASS
          in a (thermo)mechanical calculation

 *WARNING in calinput: no elastic constants 
  were assigned to material MASS
          in a (thermo)mechanical calculation

 *WARNING in calinput: no elastic constants 
  were assigned to material MASS
          in a (thermo)mechanical calculation

 *WARNING in calinput: no elastic constants 
  were assigned to material MASS
          in a (thermo)mechanical calculation

 *WARNING in calinput: no elastic constants 
  were assigned to material MASS
          in a (thermo)mechanical calculation

 *WARNING in calinput: no elastic constants 
  were assigned to material MASS
          in a (thermo)mechanical calculation

 *WARNING in calinput: no elastic constants 
  were assigned to material MASS
          in a (thermo)mechanical calculation

 *WARNING in calinput: no elastic constants 
  were assigned to material MASS
          in a (thermo)mechanical calculation

 *WARNING in calinput: no elastic constants 
  were assigned to material MASS
          in a (thermo)mechanical calculation

 *WARNING in calinput: no elastic constants 
  were assigned to material MASS
          in a (thermo)mechanical calculation

 *WARNING in calinput: no elastic constants 
  were assigned to material MASS
          in a (thermo)mechanical calculation

 *WARNING in calinput: no elastic constants 
  were assigned to material MASS
          in a (thermo)mechanical calculation

 *WARNING in calinput: no elastic constants 
  were assigned to material MASS
          in a (thermo)mechanical calculation

 *WARNING in calinput: no elastic constants 
  were assigned to material MASS
          in a (thermo)mechanical calculation

 *WARNING in calinput: no elastic constants 
  were assigned to material MASS
          in a (thermo)mechanical calculation

 *WARNING in calinput: no elastic constants 
  were assigned to material MASS
          in a (thermo)mechanical calculation

 *WARNING in calinput: no elastic constants 
  were assigned to material MASS
          in a (thermo)mechanical calculation

 *WARNING in calinput: no elastic constants 
  were assigned to material MASS
          in a (thermo)mechanical calculation

 *WARNING in calinput: no elastic constants 
  were assigned to material MASS
          in a (thermo)mechanical calculation

 *WARNING in calinput: no elastic constants 
  were assigned to material MASS
          in a (thermo)mechanical calculation

 *WARNING in calinput: no elastic constants 
  were assigned to material MASS
          in a (thermo)mechanical calculation

 *WARNING in calinput: no elastic constants 
  were assigned to material MASS
          in a (thermo)mechanical calculation

 *WARNING in calinput: no elastic constants 
  were assigned to material MASS
          in a (thermo)mechanical calculation

 *WARNING in calinput: no elastic constants 
  were assigned to material MASS
          in a (thermo)mechanical calculation

 *WARNING in calinput: no elastic constants 
  were assigned to material MASS
          in a (thermo)mechanical calculation

 *WARNING in calinput: no elastic constants 
  were assigned to material MASS
          in a (thermo)mechanical calculation

 *WARNING in calinput: no elastic constants 
  were assigned to material MASS
          in a (thermo)mechanical calculation

 *WARNING in calinput: no elastic constants 
  were assigned to material MASS
          in a (thermo)mechanical calculation

 *WARNING in calinput: no elastic constants 
  were assigned to material MASS
          in a (thermo)mechanical calculation

 *WARNING in calinput: no elastic constants 
  were assigned to material MASS
          in a (thermo)mechanical calculation

 *WARNING in calinput: no elastic constants 
  were assigned to material MASS
          in a (thermo)mechanical calculation

 *WARNING in calinput: no elastic constants 
  were assigned to material MASS
          in a (thermo)mechanical calculation

 *WARNING in calinput: no elastic constants 
  were assigned to material MASS
          in a (thermo)mechanical calculation

 *WARNING in calinput: no elastic constants 
  were assigned to material MASS
          in a (thermo)mechanical calculation

 *WARNING in calinput: no elastic constants 
  were assigned to material MASS
          in a (thermo)mechanical calculation

 *WARNING in calinput: no elastic constants 
  were assigned to material MASS
          in a (thermo)mechanical calculation

 *WARNING in calinput: no elastic constants 
  were assigned to material MASS
          in a (thermo)mechanical calculation

 *WARNING in calinput: no elastic constants 
  were assigned to material MASS
          in a (thermo)mechanical calculation

 *WARNING in calinput: no elastic constants 
  were assigned to material MASS
          in a (thermo)mechanical calculation

 *WARNING in calinput: no elastic constants 
  were assigned to material MASS
          in a (thermo)mechanical calculation

 *WARNING in calinput: no elastic constants 
  were assigned to material MASS
          in a (thermo)mechanical calculation

 *WARNING in calinput: no elastic constants 
  were assigned to material MASS
          in a (thermo)mechanical calculation

 *WARNING in calinput: no elastic constants 
  were assigned to material MASS
          in a (thermo)mechanical calculation

 *WARNING in calinput: no elastic constants 
  were assigned to material MASS
          in a (thermo)mechanical calculation

 *WARNING in calinput: no elastic constants 
  were assigned to material MASS
          in a (thermo)mechanical calculation

 *WARNING in calinput: no elastic constants 
  were assigned to material MASS
          in a (thermo)mechanical calculation

 *WARNING in calinput: no elastic constants 
  were assigned to material MASS
          in a (thermo)mechanical calculation

 *WARNING in calinput: no elastic constants 
  were assigned to material MASS
          in a (thermo)mechanical calculation

 *WARNING in calinput: no elastic constants 
  were assigned to material MASS
          in a (thermo)mechanical calculation

 *WARNING in calinput: no elastic constants 
  were assigned to material MASS
          in a (thermo)mechanical calculation

 *WARNING in calinput: no elastic constants 
  were assigned to material MASS
          in a (thermo)mechanical calculation

 *WARNING in calinput: no elastic constants 
  were assigned to material MASS
          in a (thermo)mechanical calculation

 *WARNING in calinput: no elastic constants 
  were assigned to material MASS
          in a (thermo)mechanical calculation

 *WARNING in calinput: no elastic constants 
  were assigned to material MASS
          in a (thermo)mechanical calculation

 *WARNING in calinput: no elastic constants 
  were assigned to material MASS
          in a (thermo)mechanical calculation

 *WARNING in calinput: no elastic constants 
  were assigned to material MASS
          in a (thermo)mechanical calculation

 *WARNING in calinput: no elastic constants 
  were assigned to material MASS
          in a (thermo)mechanical calculation

 *WARNING in calinput: no elastic constants 
  were assigned to material MASS
          in a (thermo)mechanical calculation

 *WARNING in calinput: no elastic constants 
  were assigned to material MASS
          in a (thermo)mechanical calculation

 *WARNING in calinput: no elastic constants 
  were assigned to material MASS
          in a (thermo)mechanical calculation

 *WARNING in calinput: no elastic constants 
  were assigned to material MASS
          in a (thermo)mechanical calculation

 *WARNING in calinput: no elastic constants 
  were assigned to material MASS
          in a (thermo)mechanical calculation

 *WARNING in calinput: no elastic constants 
  were assigned to material MASS
          in a (thermo)mechanical calculation

 *WARNING in calinput: no elastic constants 
  were assigned to material MASS
          in a (thermo)mechanical calculation

 *WARNING in calinput: no elastic constants 
  were assigned to material MASS
          in a (thermo)mechanical calculation

 *WARNING in calinput: no elastic constants 
  were assigned to material MASS
          in a (thermo)mechanical calculation

 *WARNING in calinput: no elastic constants 
  were assigned to material MASS
          in a (thermo)mechanical calculation

 *WARNING in calinput: no elastic constants 
  were assigned to material MASS
          in a (thermo)mechanical calculation

 *WARNING in calinput: no elastic constants 
  were assigned to material MASS
          in a (thermo)mechanical calculation

 *WARNING in calinput: no elastic constants 
  were assigned to material MASS
          in a (thermo)mechanical calculation

 *WARNING in calinput: no elastic constants 
  were assigned to material MASS
          in a (thermo)mechanical calculation

 *WARNING in calinput: no elastic constants 
  were assigned to material MASS
          in a (thermo)mechanical calculation

 *WARNING in calinput: no elastic constants 
  were assigned to material MASS
          in a (thermo)mechanical calculation

 *WARNING in calinput: no elastic constants 
  were assigned to material MASS
          in a (thermo)mechanical calculation

 *WARNING in calinput: no elastic constants 
  were assigned to material MASS
          in a (thermo)mechanical calculation

 *WARNING in calinput: no elastic constants 
  were assigned to material MASS
          in a (thermo)mechanical calculation

 *WARNING in calinput: no elastic constants 
  were assigned to material MASS
          in a (thermo)mechanical calculation

 *WARNING in calinput: no elastic constants 
  were assigned to material MASS
          in a (thermo)mechanical calculation

 *WARNING in calinput: no elastic constants 
  were assigned to material MASS
          in a (thermo)mechanical calculation

 *WARNING in calinput: no elastic constants 
  were assigned to material MASS
          in a (thermo)mechanical calculation

 *WARNING in calinput: no elastic constants 
  were assigned to material MASS
          in a (thermo)mechanical calculation

 *WARNING in calinput: no elastic constants 
  were assigned to material MASS
          in a (thermo)mechanical calculation

 *WARNING in calinput: no elastic constants 
  were assigned to material MASS
          in a (thermo)mechanical calculation

 *WARNING in calinput: no elastic constants 
  were assigned to material MASS
          in a (thermo)mechanical calculation

 *WARNING in calinput: no elastic constants 
  were assigned to material MASS
          in a (thermo)mechanical calculation

 *WARNING in calinput: no elastic constants 
  were assigned to material MASS
          in a (thermo)mechanical calculation

 *WARNING in calinput: no elastic constants 
  were assigned to material MASS
          in a (thermo)mechanical calculation

 *WARNING in calinput: no elastic constants 
  were assigned to material MASS
          in a (thermo)mechanical calculation

 *WARNING in calinput: no elastic constants 
  were assigned to material MASS
          in a (thermo)mechanical calculation

 *WARNING in calinput: no elastic constants 
  were assigned to material MASS
          in a (thermo)mechanical calculation

 *WARNING in calinput: no elastic constants 
  were assigned to material MASS
          in a (thermo)mechanical calculation

 *WARNING in calinput: no elastic constants 
  were assigned to material MASS
          in a (thermo)mechanical calculation

 *WARNING in calinput: no elastic constants 
  were assigned to material MASS
          in a (thermo)mechanical calculation

 *WARNING in calinput: no elastic constants 
  were assigned to material MASS
          in a (thermo)mechanical calculation

 *WARNING in calinput: no elastic constants 
  were assigned to material MASS
          in a (thermo)mechanical calculation

 *WARNING in calinput: no elastic constants 
  were assigned to material MASS
          in a (thermo)mechanical calculation

 *WARNING in calinput: no elastic constants 
  were assigned to material MASS
          in a (thermo)mechanical calculation

 *WARNING in calinput: no elastic constants 
  were assigned to material MASS
          in a (thermo)mechanical calculation

 *WARNING in calinput: no elastic constants 
  were assigned to material MASS
          in a (thermo)mechanical calculation

 *WARNING in calinput: no elastic constants 
  were assigned to material MASS
          in a (thermo)mechanical calculation

 *WARNING in calinput: no elastic constants 
  were assigned to material MASS
          in a (thermo)mechanical calculation

 *WARNING in calinput: no elastic constants 
  were assigned to material MASS
          in a (thermo)mechanical calculation

 *WARNING in calinput: no elastic constants 
  were assigned to material MASS
          in a (thermo)mechanical calculation

 *WARNING in calinput: no elastic constants 
  were assigned to material MASS
          in a (thermo)mechanical calculation

 *WARNING in calinput: no elastic constants 
  were assigned to material MASS
          in a (thermo)mechanical calculation

 *WARNING in calinput: no elastic constants 
  were assigned to material MASS
          in a (thermo)mechanical calculation

 *WARNING in calinput: no elastic constants 
  were assigned to material MASS
          in a (thermo)mechanical calculation

 *WARNING in calinput: no elastic constants 
  were assigned to material MASS
          in a (thermo)mechanical calculation

 *WARNING in calinput: no elastic constants 
  were assigned to material MASS
          in a (thermo)mechanical calculation

 *WARNING in calinput: no elastic constants 
  were assigned to material MASS
          in a (thermo)mechanical calculation

 *WARNING in calinput: no elastic constants 
  were assigned to material MASS
          in a (thermo)mechanical calculation

 *WARNING in calinput: no elastic constants 
  were assigned to material MASS
          in a (thermo)mechanical calculation

 *WARNING in calinput: no elastic constants 
  were assigned to material MASS
          in a (thermo)mechanical calculation

 *WARNING in calinput: no elastic constants 
  were assigned to material MASS
          in a (thermo)mechanical calculation

 *WARNING in calinput: no elastic constants 
  were assigned to material MASS
          in a (thermo)mechanical calculation

 *WARNING in calinput: no elastic constants 
  were assigned to material MASS
          in a (thermo)mechanical calculation

 *WARNING in calinput: no elastic constants 
  were assigned to material MASS
          in a (thermo)mechanical calculation

 *WARNING in calinput: no elastic constants 
  were assigned to material MASS
          in a (thermo)mechanical calculation

 *WARNING in calinput: no elastic constants 
  were assigned to material MASS
          in a (thermo)mechanical calculation

 *WARNING in calinput: no elastic constants 
  were assigned to material MASS
          in a (thermo)mechanical calculation

 *WARNING in calinput: no elastic constants 
  were assigned to material MASS
          in a (thermo)mechanical calculation

 *WARNING in calinput: no elastic constants 
  were assigned to material MASS
          in a (thermo)mechanical calculation

 *WARNING in calinput: no elastic constants 
  were assigned to material MASS
          in a (thermo)mechanical calculation

 *WARNING in calinput: no elastic constants 
  were assigned to material MASS
          in a (thermo)mechanical calculation

 *WARNING in calinput: no elastic constants 
  were assigned to material MASS
          in a (thermo)mechanical calculation

 *WARNING in calinput: no elastic constants 
  were assigned to material MASS
          in a (thermo)mechanical calculation

 *WARNING in calinput: no elastic constants 
  were assigned to material MASS
          in a (thermo)mechanical calculation

 *WARNING in calinput: no elastic constants 
  were assigned to material MASS
          in a (thermo)mechanical calculation

 *WARNING in calinput: no elastic constants 
  were assigned to material MASS
          in a (thermo)mechanical calculation

 *WARNING in calinput: no elastic constants 
  were assigned to material MASS
          in a (thermo)mechanical calculation

 *WARNING in calinput: no elastic constants 
  were assigned to material MASS
          in a (thermo)mechanical calculation

 *WARNING in calinput: no elastic constants 
  were assigned to material MASS
          in a (thermo)mechanical calculation

 *WARNING in calinput: no elastic constants 
  were assigned to material MASS
          in a (thermo)mechanical calculation

 *WARNING in calinput: no elastic constants 
  were assigned to material MASS
          in a (thermo)mechanical calculation

 *WARNING in calinput: no elastic constants 
  were assigned to material MASS
          in a (thermo)mechanical calculation

 *WARNING in calinput: no elastic constants 
  were assigned to material MASS
          in a (thermo)mechanical calculation

 *WARNING in calinput: no elastic constants 
  were assigned to material MASS
          in a (thermo)mechanical calculation

 *WARNING in calinput: no elastic constants 
  were assigned to material MASS
          in a (thermo)mechanical calculation

 *WARNING in calinput: no elastic constants 
  were assigned to material MASS
          in a (thermo)mechanical calculation

 *WARNING in calinput: no elastic constants 
  were assigned to material MASS
          in a (thermo)mechanical calculation

 *WARNING in calinput: no elastic constants 
  were assigned to material MASS
          in a (thermo)mechanical calculation

 *WARNING in calinput: no elastic constants 
  were assigned to material MASS
          in a (thermo)mechanical calculation

 *WARNING in calinput: no elastic constants 
  were assigned to material MASS
          in a (thermo)mechanical calculation

 *WARNING in calinput: no elastic constants 
  were assigned to material MASS
          in a (thermo)mechanical calculation

 *WARNING in calinput: no elastic constants 
  were assigned to material MASS
          in a (thermo)mechanical calculation

 *WARNING in calinput: no elastic constants 
  were assigned to material MASS
          in a (thermo)mechanical calculation

 *WARNING in calinput: no elastic constants 
  were assigned to material MASS
          in a (thermo)mechanical calculation

 *WARNING in calinput: no elastic constants 
  were assigned to material MASS
          in a (thermo)mechanical calculation

 *WARNING in calinput: no elastic constants 
  were assigned to material MASS
          in a (thermo)mechanical calculation

 *WARNING in calinput: no elastic constants 
  were assigned to material MASS
          in a (thermo)mechanical calculation

 *WARNING in calinput: no elastic constants 
  were assigned to material MASS
          in a (thermo)mechanical calculation

 *WARNING in calinput: no elastic constants 
  were assigned to material MASS
          in a (thermo)mechanical calculation

 *WARNING in calinput: no elastic constants 
  were assigned to material MASS
          in a (thermo)mechanical calculation

 *WARNING in calinput: no elastic constants 
  were assigned to material MASS
          in a (thermo)mechanical calculation

 *WARNING in calinput: no elastic constants 
  were assigned to material MASS
          in a (thermo)mechanical calculation

 *WARNING in calinput: no elastic constants 
  were assigned to material MASS
          in a (thermo)mechanical calculation

 *WARNING in calinput: no elastic constants 
  were assigned to material MASS
          in a (thermo)mechanical calculation

 *WARNING in calinput: no elastic constants 
  were assigned to material MASS
          in a (thermo)mechanical calculation

 *WARNING in calinput: no elastic constants 
  were assigned to material MASS
          in a (thermo)mechanical calculation

 *WARNING in calinput: no elastic constants 
  were assigned to material MASS
          in a (thermo)mechanical calculation

 *WARNING in calinput: no elastic constants 
  were assigned to material MASS
          in a (thermo)mechanical calculation

 *WARNING in calinput: no elastic constants 
  were assigned to material MASS
          in a (thermo)mechanical calculation

 *WARNING in calinput: no elastic constants 
  were assigned to material MASS
          in a (thermo)mechanical calculation

 *WARNING in calinput: no elastic constants 
  were assigned to material MASS
          in a (thermo)mechanical calculation

 *WARNING in calinput: no elastic constants 
  were assigned to material MASS
          in a (thermo)mechanical calculation

 *WARNING in calinput: no elastic constants 
  were assigned to material MASS
          in a (thermo)mechanical calculation

 *WARNING in calinput: no elastic constants 
  were assigned to material MASS
          in a (thermo)mechanical calculation

 *WARNING in calinput: no elastic constants 
  were assigned to material MASS
          in a (thermo)mechanical calculation

 *WARNING in calinput: no elastic constants 
  were assigned to material MASS
          in a (thermo)mechanical calculation

 *WARNING in calinput: no elastic constants 
  were assigned to material MASS
          in a (thermo)mechanical calculation

 *WARNING in calinput: no elastic constants 
  were assigned to material MASS
          in a (thermo)mechanical calculation

 *WARNING in calinput: no elastic constants 
  were assigned to material MASS
          in a (thermo)mechanical calculation

 *WARNING in calinput: no elastic constants 
  were assigned to material MASS
          in a (thermo)mechanical calculation

 *WARNING in calinput: no elastic constants 
  were assigned to material MASS
          in a (thermo)mechanical calculation

 *WARNING in calinput: no elastic constants 
  were assigned to material MASS
          in a (thermo)mechanical calculation

 *WARNING in calinput: no elastic constants 
  were assigned to material MASS
          in a (thermo)mechanical calculation

 *WARNING in calinput: no elastic constants 
  were assigned to material MASS
          in a (thermo)mechanical calculation

 *WARNING in calinput: no elastic constants 
  were assigned to material MASS
          in a (thermo)mechanical calculation

 *WARNING in calinput: no elastic constants 
  were assigned to material MASS
          in a (thermo)mechanical calculation

 *WARNING in calinput: no elastic constants 
  were assigned to material MASS
          in a (thermo)mechanical calculation

 *WARNING in calinput: no elastic constants 
  were assigned to material MASS
          in a (thermo)mechanical calculation

 *WARNING in calinput: no elastic constants 
  were assigned to material MASS
          in a (thermo)mechanical calculation

 *WARNING in calinput: no elastic constants 
  were assigned to material MASS
          in a (thermo)mechanical calculation

 *WARNING in calinput: no elastic constants 
  were assigned to material MASS
          in a (thermo)mechanical calculation

 *WARNING in calinput: no elastic constants 
  were assigned to material MASS
          in a (thermo)mechanical calculation

 *WARNING in calinput: no elastic constants 
  were assigned to material MASS
          in a (thermo)mechanical calculation

 *WARNING in calinput: no elastic constants 
  were assigned to material MASS
          in a (thermo)mechanical calculation

 *WARNING in calinput: no elastic constants 
  were assigned to material MASS
          in a (thermo)mechanical calculation

 *WARNING in calinput: no elastic constants 
  were assigned to material MASS
          in a (thermo)mechanical calculation

 *WARNING in calinput: no elastic constants 
  were assigned to material MASS
          in a (thermo)mechanical calculation

 *WARNING in calinput: no elastic constants 
  were assigned to material MASS
          in a (thermo)mechanical calculation

 *WARNING in calinput: no elastic constants 
  were assigned to material MASS
          in a (thermo)mechanical calculation

 *WARNING in calinput: no elastic constants 
  were assigned to material MASS
          in a (thermo)mechanical calculation

 *WARNING in calinput: no elastic constants 
  were assigned to material MASS
          in a (thermo)mechanical calculation

 *WARNING in calinput: no elastic constants 
  were assigned to material MASS
          in a (thermo)mechanical calculation

 *WARNING in calinput: no elastic constants 
  were assigned to material MASS
          in a (thermo)mechanical calculation

 *WARNING in calinput: no elastic constants 
  were assigned to material MASS
          in a (thermo)mechanical calculation

 *WARNING in calinput: no elastic constants 
  were assigned to material MASS
          in a (thermo)mechanical calculation

 *WARNING in calinput: no elastic constants 
  were assigned to material MASS
          in a (thermo)mechanical calculation

 *WARNING in calinput: no elastic constants 
  were assigned to material MASS
          in a (thermo)mechanical calculation

 *WARNING in calinput: no elastic constants 
  were assigned to material MASS
          in a (thermo)mechanical calculation

 *WARNING in calinput: no elastic constants 
  were assigned to material MASS
          in a (thermo)mechanical calculation

 *WARNING in calinput: no elastic constants 
  were assigned to material MASS
          in a (thermo)mechanical calculation

 *WARNING in calinput: no elastic constants 
  were assigned to material MASS
          in a (thermo)mechanical calculation

 *WARNING in calinput: no elastic constants 
  were assigned to material MASS
          in a (thermo)mechanical calculation

 *WARNING in calinput: no elastic constants 
  were assigned to material MASS
          in a (thermo)mechanical calculation

 *WARNING in calinput: no elastic constants 
  were assigned to material MASS
          in a (thermo)mechanical calculation

 *WARNING in calinput: no elastic constants 
  were assigned to material MASS
          in a (thermo)mechanical calculation

 *WARNING in calinput: no elastic constants 
  were assigned to material MASS
          in a (thermo)mechanical calculation

 *WARNING in calinput: no elastic constants 
  were assigned to material MASS
          in a (thermo)mechanical calculation

 *WARNING in calinput: no elastic constants 
  were assigned to material MASS
          in a (thermo)mechanical calculation

 *WARNING in calinput: no elastic constants 
  were assigned to material MASS
          in a (thermo)mechanical calculation

 *WARNING in calinput: no elastic constants 
  were assigned to material MASS
          in a (thermo)mechanical calculation

 *WARNING in calinput: no elastic constants 
  were assigned to material MASS
          in a (thermo)mechanical calculation

 *WARNING in calinput: no elastic constants 
  were assigned to material MASS
          in a (thermo)mechanical calculation

 *WARNING in calinput: no elastic constants 
  were assigned to material MASS
          in a (thermo)mechanical calculation

 *WARNING in calinput: no elastic constants 
  were assigned to material MASS
          in a (thermo)mechanical calculation

 *WARNING in calinput: no elastic constants 
  were assigned to material MASS
          in a (thermo)mechanical calculation

 *WARNING in calinput: no elastic constants 
  were assigned to material MASS
          in a (thermo)mechanical calculation

 *WARNING in calinput: no elastic constants 
  were assigned to material MASS
          in a (thermo)mechanical calculation

 *WARNING in calinput: no elastic constants 
  were assigned to material MASS
          in a (thermo)mechanical calculation

 *WARNING in calinput: no elastic constants 
  were assigned to material MASS
          in a (thermo)mechanical calculation

 *WARNING in calinput: no elastic constants 
  were assigned to material MASS
          in a (thermo)mechanical calculation

 *WARNING in calinput: no elastic constants 
  were assigned to material MASS
          in a (thermo)mechanical calculation

 *WARNING in calinput: no elastic constants 
  were assigned to material MASS
          in a (thermo)mechanical calculation

 *WARNING in calinput: no elastic constants 
  were assigned to material MASS
          in a (thermo)mechanical calculation

 *WARNING in calinput: no elastic constants 
  were assigned to material MASS
          in a (thermo)mechanical calculation

 *WARNING in calinput: no elastic constants 
  were assigned to material MASS
          in a (thermo)mechanical calculation

 *WARNING in calinput: no elastic constants 
  were assigned to material MASS
          in a (thermo)mechanical calculation

 *WARNING in calinput: no elastic constants 
  were assigned to material MASS
          in a (thermo)mechanical calculation

 *WARNING in calinput: no elastic constants 
  were assigned to material MASS
          in a (thermo)mechanical calculation

 *WARNING in calinput: no elastic constants 
  were assigned to material MASS
          in a (thermo)mechanical calculation

 *WARNING in calinput: no elastic constants 
  were assigned to material MASS
          in a (thermo)mechanical calculation

 *WARNING in calinput: no elastic constants 
  were assigned to material MASS
          in a (thermo)mechanical calculation

 *WARNING in calinput: no elastic constants 
  were assigned to material MASS
          in a (thermo)mechanical calculation

 *WARNING in calinput: no elastic constants 
  were assigned to material MASS
          in a (thermo)mechanical calculation

 *WARNING in calinput: no elastic constants 
  were assigned to material MASS
          in a (thermo)mechanical calculation

 *WARNING in calinput: no elastic constants 
  were assigned to material MASS
          in a (thermo)mechanical calculation

 *WARNING in calinput: no elastic constants 
  were assigned to material MASS
          in a (thermo)mechanical calculation

 *WARNING in calinput: no elastic constants 
  were assigned to material MASS
          in a (thermo)mechanical calculation

 *WARNING in calinput: no elastic constants 
  were assigned to material MASS
          in a (thermo)mechanical calculation

 *WARNING in calinput: no elastic constants 
  were assigned to material MASS
          in a (thermo)mechanical calculation

 *WARNING in calinput: no elastic constants 
  were assigned to material MASS
          in a (thermo)mechanical calculation

 *WARNING in calinput: no elastic constants 
  were assigned to material MASS
          in a (thermo)mechanical calculation

 *WARNING in calinput: no elastic constants 
  were assigned to material MASS
          in a (thermo)mechanical calculation

 *WARNING in calinput: no elastic constants 
  were assigned to material MASS
          in a (thermo)mechanical calculation

 *WARNING in calinput: no elastic constants 
  were assigned to material MASS
          in a (thermo)mechanical calculation

 *WARNING in calinput: no elastic constants 
  were assigned to material MASS
          in a (thermo)mechanical calculation

 *WARNING in calinput: no elastic constants 
  were assigned to material MASS
          in a (thermo)mechanical calculation

 *WARNING in calinput: no elastic constants 
  were assigned to material MASS
          in a (thermo)mechanical calculation

 *WARNING in calinput: no elastic constants 
  were assigned to material MASS
          in a (thermo)mechanical calculation

 *WARNING in calinput: no elastic constants 
  were assigned to material MASS
          in a (thermo)mechanical calculation

 *WARNING in calinput: no elastic constants 
  were assigned to material MASS
          in a (thermo)mechanical calculation

 *WARNING in calinput: no elastic constants 
  were assigned to material MASS
          in a (thermo)mechanical calculation

 *WARNING in calinput: no elastic constants 
  were assigned to material MASS
          in a (thermo)mechanical calculation

 *WARNING in calinput: no elastic constants 
  were assigned to material MASS
          in a (thermo)mechanical calculation

 *WARNING in calinput: no elastic constants 
  were assigned to material MASS
          in a (thermo)mechanical calculation

 *WARNING in calinput: no elastic constants 
  were assigned to material MASS
          in a (thermo)mechanical calculation

 *WARNING in calinput: no elastic constants 
  were assigned to material MASS
          in a (thermo)mechanical calculation

 *WARNING in calinput: no elastic constants 
  were assigned to material MASS
          in a (thermo)mechanical calculation

 *WARNING in calinput: no elastic constants 
  were assigned to material MASS
          in a (thermo)mechanical calculation

 *WARNING in calinput: no elastic constants 
  were assigned to material MASS
          in a (thermo)mechanical calculation

 *WARNING in calinput: no elastic constants 
  were assigned to material MASS
          in a (thermo)mechanical calculation

 *WARNING in calinput: no elastic constants 
  were assigned to material MASS
          in a (thermo)mechanical calculation

 *WARNING in calinput: no elastic constants 
  were assigned to material MASS
          in a (thermo)mechanical calculation

 *WARNING in calinput: no elastic constants 
  were assigned to material MASS
          in a (thermo)mechanical calculation

 *WARNING in calinput: no elastic constants 
  were assigned to material MASS
          in a (thermo)mechanical calculation

 *WARNING in calinput: no elastic constants 
  were assigned to material MASS
          in a (thermo)mechanical calculation

 *WARNING in calinput: no elastic constants 
  were assigned to material MASS
          in a (thermo)mechanical calculation

 *WARNING in calinput: no elastic constants 
  were assigned to material MASS
          in a (thermo)mechanical calculation

 *WARNING in calinput: no elastic constants 
  were assigned to material MASS
          in a (thermo)mechanical calculation

 *WARNING in calinput: no elastic constants 
  were assigned to material MASS
          in a (thermo)mechanical calculation

 *WARNING in calinput: no elastic constants 
  were assigned to material MASS
          in a (thermo)mechanical calculation

 *WARNING in calinput: no elastic constants 
  were assigned to material MASS
          in a (thermo)mechanical calculation

 *WARNING in calinput: no elastic constants 
  were assigned to material MASS
          in a (thermo)mechanical calculation

 *WARNING in calinput: no elastic constants 
  were assigned to material MASS
          in a (thermo)mechanical calculation

 *WARNING in calinput: no elastic constants 
  were assigned to material MASS
          in a (thermo)mechanical calculation

 *WARNING in calinput: no elastic constants 
  were assigned to material MASS
          in a (thermo)mechanical calculation

 *WARNING in calinput: no elastic constants 
  were assigned to material MASS
          in a (thermo)mechanical calculation

 *WARNING in calinput: no elastic constants 
  were assigned to material MASS
          in a (thermo)mechanical calculation

 *WARNING in calinput: no elastic constants 
  were assigned to material MASS
          in a (thermo)mechanical calculation

 *WARNING in calinput: no elastic constants 
  were assigned to material MASS
          in a (thermo)mechanical calculation

 *WARNING in calinput: no elastic constants 
  were assigned to material MASS
          in a (thermo)mechanical calculation

 *WARNING in calinput: no elastic constants 
  were assigned to material MASS
          in a (thermo)mechanical calculation

 *WARNING in calinput: no elastic constants 
  were assigned to material MASS
          in a (thermo)mechanical calculation

 *WARNING in calinput: no elastic constants 
  were assigned to material MASS
          in a (thermo)mechanical calculation

 *WARNING in calinput: no elastic constants 
  were assigned to material MASS
          in a (thermo)mechanical calculation

 *WARNING in calinput: no elastic constants 
  were assigned to material MASS
          in a (thermo)mechanical calculation

 *WARNING in calinput: no elastic constants 
  were assigned to material MASS
          in a (thermo)mechanical calculation

 *WARNING in calinput: no elastic constants 
  were assigned to material MASS
          in a (thermo)mechanical calculation

 *WARNING in calinput: no elastic constants 
  were assigned to material MASS
          in a (thermo)mechanical calculation

 *WARNING in calinput: no elastic constants 
  were assigned to material MASS
          in a (thermo)mechanical calculation

 *WARNING in calinput: no elastic constants 
  were assigned to material MASS
          in a (thermo)mechanical calculation

 *WARNING in calinput: no elastic constants 
  were assigned to material MASS
          in a (thermo)mechanical calculation

 *WARNING in calinput: no elastic constants 
  were assigned to material MASS
          in a (thermo)mechanical calculation

 *WARNING in calinput: no elastic constants 
  were assigned to material MASS
          in a (thermo)mechanical calculation

 *WARNING in calinput: no elastic constants 
  were assigned to material MASS
          in a (thermo)mechanical calculation

 *WARNING in calinput: no elastic constants 
  were assigned to material MASS
          in a (thermo)mechanical calculation

 *WARNING in calinput: no elastic constants 
  were assigned to material MASS
          in a (thermo)mechanical calculation

 *WARNING in calinput: no elastic constants 
  were assigned to material MASS
          in a (thermo)mechanical calculation

 *WARNING in calinput: no elastic constants 
  were assigned to material MASS
          in a (thermo)mechanical calculation

 *WARNING in calinput: no elastic constants 
  were assigned to material MASS
          in a (thermo)mechanical calculation

 *WARNING in calinput: no elastic constants 
  were assigned to material MASS
          in a (thermo)mechanical calculation

 *WARNING in calinput: no elastic constants 
  were assigned to material MASS
          in a (thermo)mechanical calculation

 *WARNING in calinput: no elastic constants 
  were assigned to material MASS
          in a (thermo)mechanical calculation

 *WARNING in calinput: no elastic constants 
  were assigned to material MASS
          in a (thermo)mechanical calculation

 *WARNING in calinput: no elastic constants 
  were assigned to material MASS
          in a (thermo)mechanical calculation

 *WARNING in calinput: no elastic constants 
  were assigned to material MASS
          in a (thermo)mechanical calculation

 *WARNING in calinput: no elastic constants 
  were assigned to material MASS
          in a (thermo)mechanical calculation

 *WARNING in calinput: no elastic constants 
  were assigned to material MASS
          in a (thermo)mechanical calculation

 *WARNING in calinput: no elastic constants 
  were assigned to material MASS
          in a (thermo)mechanical calculation

 *WARNING in calinput: no elastic constants 
  were assigned to material MASS
          in a (thermo)mechanical calculation

 *WARNING in calinput: no elastic constants 
  were assigned to material MASS
          in a (thermo)mechanical calculation

 *WARNING in calinput: no elastic constants 
  were assigned to material MASS
          in a (thermo)mechanical calculation

 *WARNING in calinput: no elastic constants 
  were assigned to material MASS
          in a (thermo)mechanical calculation

 *WARNING in calinput: no elastic constants 
  were assigned to material MASS
          in a (thermo)mechanical calculation

 *WARNING in calinput: no elastic constants 
  were assigned to material MASS
          in a (thermo)mechanical calculation

 *WARNING in calinput: no elastic constants 
  were assigned to material MASS
          in a (thermo)mechanical calculation

 *WARNING in calinput: no elastic constants 
  were assigned to material MASS
          in a (thermo)mechanical calculation

 *WARNING in calinput: no elastic constants 
  were assigned to material MASS
          in a (thermo)mechanical calculation

 *WARNING in calinput: no elastic constants 
  were assigned to material MASS
          in a (thermo)mechanical calculation

 *WARNING in calinput: no elastic constants 
  were assigned to material MASS
          in a (thermo)mechanical calculation

 *WARNING in calinput: no elastic constants 
  were assigned to material MASS
          in a (thermo)mechanical calculation

 *WARNING in calinput: no elastic constants 
  were assigned to material MASS
          in a (thermo)mechanical calculation

 *WARNING in calinput: no elastic constants 
  were assigned to material MASS
          in a (thermo)mechanical calculation

 *WARNING in calinput: no elastic constants 
  were assigned to material MASS
          in a (thermo)mechanical calculation

 *WARNING in calinput: no elastic constants 
  were assigned to material MASS
          in a (thermo)mechanical calculation

 *WARNING in calinput: no elastic constants 
  were assigned to material MASS
          in a (thermo)mechanical calculation

 *WARNING in calinput: no elastic constants 
  were assigned to material MASS
          in a (thermo)mechanical calculation

 *WARNING in calinput: no elastic constants 
  were assigned to material MASS
          in a (thermo)mechanical calculation

 *WARNING in calinput: no elastic constants 
  were assigned to material MASS
          in a (thermo)mechanical calculation

 *WARNING in calinput: no elastic constants 
  were assigned to material MASS
          in a (thermo)mechanical calculation

 *WARNING in calinput: no elastic constants 
  were assigned to material MASS
          in a (thermo)mechanical calculation

 *WARNING in calinput: no elastic constants 
  were assigned to material MASS
          in a (thermo)mechanical calculation

 *WARNING in calinput: no elastic constants 
  were assigned to material MASS
          in a (thermo)mechanical calculation

 *WARNING in calinput: no elastic constants 
  were assigned to material MASS
          in a (thermo)mechanical calculation

 *WARNING in calinput: no elastic constants 
  were assigned to material MASS
          in a (thermo)mechanical calculation

 *WARNING in calinput: no elastic constants 
  were assigned to material MASS
          in a (thermo)mechanical calculation

 *WARNING in calinput: no elastic constants 
  were assigned to material MASS
          in a (thermo)mechanical calculation

 *WARNING in calinput: no elastic constants 
  were assigned to material MASS
          in a (thermo)mechanical calculation

 *WARNING in calinput: no elastic constants 
  were assigned to material MASS
          in a (thermo)mechanical calculation

 *WARNING in calinput: no elastic constants 
  were assigned to material MASS
          in a (thermo)mechanical calculation

 *WARNING in calinput: no elastic constants 
  were assigned to material MASS
          in a (thermo)mechanical calculation

 *WARNING in calinput: no elastic constants 
  were assigned to material MASS
          in a (thermo)mechanical calculation

 *WARNING in calinput: no elastic constants 
  were assigned to material MASS
          in a (thermo)mechanical calculation

 *WARNING in calinput: no elastic constants 
  were assigned to material MASS
          in a (thermo)mechanical calculation

 *WARNING in calinput: no elastic constants 
  were assigned to material MASS
          in a (thermo)mechanical calculation

 *WARNING in calinput: no elastic constants 
  were assigned to material MASS
          in a (thermo)mechanical calculation

 *WARNING in calinput: no elastic constants 
  were assigned to material MASS
          in a (thermo)mechanical calculation

 *WARNING in calinput: no elastic constants 
  were assigned to material MASS
          in a (thermo)mechanical calculation

 *WARNING in calinput: no elastic constants 
  were assigned to material MASS
          in a (thermo)mechanical calculation

 *WARNING in calinput: no elastic constants 
  were assigned to material MASS
          in a (thermo)mechanical calculation

 *WARNING in calinput: no elastic constants 
  were assigned to material MASS
          in a (thermo)mechanical calculation

 *WARNING in calinput: no elastic constants 
  were assigned to material MASS
          in a (thermo)mechanical calculation

 *WARNING in calinput: no elastic constants 
  were assigned to material MASS
          in a (thermo)mechanical calculation

 *WARNING in calinput: no elastic constants 
  were assigned to material MASS
          in a (thermo)mechanical calculation

 *WARNING in calinput: no elastic constants 
  were assigned to material MASS
          in a (thermo)mechanical calculation

 *WARNING in calinput: no elastic constants 
  were assigned to material MASS
          in a (thermo)mechanical calculation

 *WARNING in calinput: no elastic constants 
  were assigned to material MASS
          in a (thermo)mechanical calculation

 *WARNING in calinput: no elastic constants 
  were assigned to material MASS
          in a (thermo)mechanical calculation

 *WARNING in calinput: no elastic constants 
  were assigned to material MASS
          in a (thermo)mechanical calculation

 *WARNING in calinput: no elastic constants 
  were assigned to material MASS
          in a (thermo)mechanical calculation

 *WARNING in calinput: no elastic constants 
  were assigned to material MASS
          in a (thermo)mechanical calculation

 *WARNING in calinput: no elastic constants 
  were assigned to material MASS
          in a (thermo)mechanical calculation

 *WARNING in calinput: no elastic constants 
  were assigned to material MASS
          in a (thermo)mechanical calculation

 *WARNING in calinput: no elastic constants 
  were assigned to material MASS
          in a (thermo)mechanical calculation

 *WARNING in calinput: no elastic constants 
  were assigned to material MASS
          in a (thermo)mechanical calculation

 *WARNING in calinput: no elastic constants 
  were assigned to material MASS
          in a (thermo)mechanical calculation

 *WARNING in calinput: no elastic constants 
  were assigned to material MASS
          in a (thermo)mechanical calculation

 *WARNING in calinput: no elastic constants 
  were assigned to material MASS
          in a (thermo)mechanical calculation

 *WARNING in calinput: no elastic constants 
  were assigned to material MASS
          in a (thermo)mechanical calculation

 *WARNING in calinput: no elastic constants 
  were assigned to material MASS
          in a (thermo)mechanical calculation

 *WARNING in calinput: no elastic constants 
  were assigned to material MASS
          in a (thermo)mechanical calculation

 *WARNING in calinput: no elastic constants 
  were assigned to material MASS
          in a (thermo)mechanical calculation

 *WARNING in calinput: no elastic constants 
  were assigned to material MASS
          in a (thermo)mechanical calculation

 *WARNING in calinput: no elastic constants 
  were assigned to material MASS
          in a (thermo)mechanical calculation

 *WARNING in calinput: no elastic constants 
  were assigned to material MASS
          in a (thermo)mechanical calculation

 *WARNING in calinput: no elastic constants 
  were assigned to material MASS
          in a (thermo)mechanical calculation

 *WARNING in calinput: no elastic constants 
  were assigned to material MASS
          in a (thermo)mechanical calculation
 Decascading the MPC's

*INFO in cascade: linear MPCs and
       nonlinear MPCs depend on each other
       common node: 1258 in direction 1

 increment 1 attempt 1 
 increment size= 1.000000e-04
 sum of previous increments=0.000000e+00
 actual step time=1.000000e-04
 actual total time=1.000000e-04

 iteration 1

 Decascading the MPC's

*INFO in cascade: linear MPCs and
       nonlinear MPCs depend on each other
       common node: 1258 in direction 1

 Determining the structure of the matrix:
 number of equations
 16516
 number of nonzero lower triangular matrix elements
 390038

 Using up to 1 cpu(s) for the stress calculation.

 Using up to 1 cpu(s) for the symmetric stiffness/mass contributions.

 Factoring the system of equations using the symmetric spooles solver
 Using up to 1 cpu(s) for spooles.

 Using up to 1 cpu(s) for the stress calculation.

 average force= 3.122790
 time avg. forc= 3.122790
 largest residual force= 96.373043 in node 10497 and dof 1
 largest increment of disp= 1.642821e-01
 largest correction to disp= 1.642821e-01 in node 690 and dof 3

 no convergence

 iteration 2

 Decascading the MPC's

*INFO in cascade: linear MPCs and
       nonlinear MPCs depend on each other
       common node: 1258 in direction 1

 Determining the structure of the matrix:
 number of equations
 16516
 number of nonzero lower triangular matrix elements
 390038

 Using up to 1 cpu(s) for the stress calculation.

 Using up to 1 cpu(s) for the symmetric stiffness/mass contributions.

 Factoring the system of equations using the symmetric spooles solver
 Using up to 1 cpu(s) for spooles.

 Using up to 1 cpu(s) for the stress calculation.

 average force= 3.157312
 time avg. forc= 3.157312
 largest residual force= 7329.589940 in node 1007 and dof 1
 largest increment of disp= 1.642821e-01
 largest correction to disp= 4.945598e-04 in node 683 and dof 3

 no convergence

 iteration 3

 Decascading the MPC's

*INFO in cascade: linear MPCs and
       nonlinear MPCs depend on each other
       common node: 1258 in direction 1

 Determining the structure of the matrix:
 number of equations
 16516
 number of nonzero lower triangular matrix elements
 390038

 Using up to 1 cpu(s) for the stress calculation.

 Using up to 1 cpu(s) for the symmetric stiffness/mass contributions.

 Factoring the system of equations using the symmetric spooles solver
 Using up to 1 cpu(s) for spooles.

 Using up to 1 cpu(s) for the stress calculation.

 average force= 3.157291
 time avg. forc= 3.157291
 largest residual force= 7326.387686 in node 1040 and dof 1
 largest increment of disp= 1.642821e-01
 largest correction to disp= 2.475760e-08 in node 593 and dof 3

 no convergence

 iteration 4

 Decascading the MPC's

*INFO in cascade: linear MPCs and
       nonlinear MPCs depend on each other
       common node: 1258 in direction 1

 Determining the structure of the matrix:
 number of equations
 16516
 number of nonzero lower triangular matrix elements
 390038

 Using up to 1 cpu(s) for the stress calculation.

 Using up to 1 cpu(s) for the symmetric stiffness/mass contributions.

 Factoring the system of equations using the symmetric spooles solver
 Using up to 1 cpu(s) for spooles.

 Using up to 1 cpu(s) for the stress calculation.

 average force= 3.157291
 time avg. forc= 3.157291
 largest residual force= 7326.387659 in node 1040 and dof 1
 largest increment of disp= 1.642821e-01
 largest correction to disp= 7.706843e-11 in node 288 and dof 1

 no convergence

 iteration 5

 Decascading the MPC's

*INFO in cascade: linear MPCs and
       nonlinear MPCs depend on each other
       common node: 1258 in direction 1

 Determining the structure of the matrix:
 number of equations
 16516
 number of nonzero lower triangular matrix elements
 390038

 Using up to 1 cpu(s) for the stress calculation.

 Using up to 1 cpu(s) for the symmetric stiffness/mass contributions.

 Factoring the system of equations using the symmetric spooles solver
 Using up to 1 cpu(s) for spooles.

 Using up to 1 cpu(s) for the stress calculation.

 average force= 3.157291
 time avg. forc= 3.157291
 largest residual force= 7326.387659 in node 1040 and dof 1
 largest increment of disp= 1.642821e-01
 largest correction to disp= 4.887423e-11 in node 288 and dof 2

 no convergence

 iteration 6

 Decascading the MPC's

*INFO in cascade: linear MPCs and
       nonlinear MPCs depend on each other
       common node: 1258 in direction 1

 Determining the structure of the matrix:
 number of equations
 16516
 number of nonzero lower triangular matrix elements
 390038

 Using up to 1 cpu(s) for the stress calculation.

 Using up to 1 cpu(s) for the symmetric stiffness/mass contributions.

 Factoring the system of equations using the symmetric spooles solver
 Using up to 1 cpu(s) for spooles.

 Using up to 1 cpu(s) for the stress calculation.

 average force= 3.157291
 time avg. forc= 3.157291
 largest residual force= 7326.387659 in node 1040 and dof 1
 largest increment of disp= 1.642821e-01
 largest correction to disp= 7.707975e-11 in node 288 and dof 2

 divergence; the increment size is decreased to 2.500000e-05
 the increment is reattempted

 increment 1 attempt 2 
 increment size= 2.500000e-05
 sum of previous increments=0.000000e+00
 actual step time=2.500000e-05
 actual total time=2.500000e-05

 iteration 1

 Decascading the MPC's

*INFO in cascade: linear MPCs and
       nonlinear MPCs depend on each other
       common node: 1258 in direction 1

 Determining the structure of the matrix:
 number of equations
 16516
 number of nonzero lower triangular matrix elements
 390038

 Using up to 1 cpu(s) for the stress calculation.

 Using up to 1 cpu(s) for the symmetric stiffness/mass contributions.

 Factoring the system of equations using the symmetric spooles solver
 Using up to 1 cpu(s) for spooles.

 Using up to 1 cpu(s) for the stress calculation.

 average force= 0.779202
 time avg. forc= 0.779202
 largest residual force= 6.023315 in node 10497 and dof 1
 largest increment of disp= 4.107052e-02
 largest correction to disp= 4.107052e-02 in node 690 and dof 3

 no convergence

 iteration 2

 Decascading the MPC's

*INFO in cascade: linear MPCs and
       nonlinear MPCs depend on each other
       common node: 1258 in direction 1

 Determining the structure of the matrix:
 number of equations
 16516
 number of nonzero lower triangular matrix elements
 390038

 Using up to 1 cpu(s) for the stress calculation.

 Using up to 1 cpu(s) for the symmetric stiffness/mass contributions.

 Factoring the system of equations using the symmetric spooles solver
 Using up to 1 cpu(s) for spooles.

 Using up to 1 cpu(s) for the stress calculation.

 average force= 0.789545
 time avg. forc= 0.789545
 largest residual force= 1832.397483 in node 1007 and dof 1
 largest increment of disp= 4.107052e-02
 largest correction to disp= 3.096071e-05 in node 683 and dof 3

 no convergence

 iteration 3

 Decascading the MPC's

*INFO in cascade: linear MPCs and
       nonlinear MPCs depend on each other
       common node: 1258 in direction 1

 Determining the structure of the matrix:
 number of equations
 16516
 number of nonzero lower triangular matrix elements
 390038

 Using up to 1 cpu(s) for the stress calculation.

 Using up to 1 cpu(s) for the symmetric stiffness/mass contributions.

 Factoring the system of equations using the symmetric spooles solver
 Using up to 1 cpu(s) for spooles.

 Using up to 1 cpu(s) for the stress calculation.

 average force= 0.789543
 time avg. forc= 0.789543
 largest residual force= 1832.196418 in node 1040 and dof 1
 largest increment of disp= 4.107052e-02
 largest correction to disp= 1.004024e-10 in node 690 and dof 3

 no convergence

 iteration 4

 Decascading the MPC's

*INFO in cascade: linear MPCs and
       nonlinear MPCs depend on each other
       common node: 1258 in direction 1

 Determining the structure of the matrix:
 number of equations
 16516
 number of nonzero lower triangular matrix elements
 390038

 Using up to 1 cpu(s) for the stress calculation.

 Using up to 1 cpu(s) for the symmetric stiffness/mass contributions.

 Factoring the system of equations using the symmetric spooles solver
 Using up to 1 cpu(s) for spooles.

 Using up to 1 cpu(s) for the stress calculation.

 average force= 0.789543
 time avg. forc= 0.789543
 largest residual force= 1832.196418 in node 1040 and dof 1
 largest increment of disp= 4.107052e-02
 largest correction to disp= 5.724613e-11 in node 315 and dof 2

 no convergence

 iteration 5

 Decascading the MPC's

*INFO in cascade: linear MPCs and
       nonlinear MPCs depend on each other
       common node: 1258 in direction 1

 Determining the structure of the matrix:
 number of equations
 16516
 number of nonzero lower triangular matrix elements
 390038

 Using up to 1 cpu(s) for the stress calculation.

 Using up to 1 cpu(s) for the symmetric stiffness/mass contributions.

 Factoring the system of equations using the symmetric spooles solver
 Using up to 1 cpu(s) for spooles.

 Using up to 1 cpu(s) for the stress calculation.

 average force= 0.789543
 time avg. forc= 0.789543
 largest residual force= 1832.196418 in node 1040 and dof 1
 largest increment of disp= 4.107052e-02
 largest correction to disp= 3.322188e-11 in node 189 and dof 2

 no convergence

 iteration 6

 Decascading the MPC's

*INFO in cascade: linear MPCs and
       nonlinear MPCs depend on each other
       common node: 1258 in direction 1

 Determining the structure of the matrix:
 number of equations
 16516
 number of nonzero lower triangular matrix elements
 390038

 Using up to 1 cpu(s) for the stress calculation.

 Using up to 1 cpu(s) for the symmetric stiffness/mass contributions.

 Factoring the system of equations using the symmetric spooles solver
 Using up to 1 cpu(s) for spooles.

 Using up to 1 cpu(s) for the stress calculation.

 average force= 0.789543
 time avg. forc= 0.789543
 largest residual force= 1832.196418 in node 1040 and dof 1
 largest increment of disp= 4.107052e-02
 largest correction to disp= 9.983247e-11 in node 288 and dof 2

 divergence; the increment size is decreased to 6.250000e-06
 the increment is reattempted

 increment 1 attempt 3 
 increment size= 6.250000e-06
 sum of previous increments=0.000000e+00
 actual step time=6.250000e-06
 actual total time=6.250000e-06

 iteration 1

 Decascading the MPC's

*INFO in cascade: linear MPCs and
       nonlinear MPCs depend on each other
       common node: 1258 in direction 1

 Determining the structure of the matrix:
 number of equations
 16516
 number of nonzero lower triangular matrix elements
 390038

 Using up to 1 cpu(s) for the stress calculation.

 Using up to 1 cpu(s) for the symmetric stiffness/mass contributions.

 Factoring the system of equations using the symmetric spooles solver
 Using up to 1 cpu(s) for spooles.

 Using up to 1 cpu(s) for the stress calculation.

 average force= 0.194774
 time avg. forc= 0.194774
 largest residual force= 0.376457 in node 10497 and dof 1
 largest increment of disp= 1.026763e-02
 largest correction to disp= 1.026763e-02 in node 690 and dof 3

 no convergence

 iteration 2

 Decascading the MPC's

*INFO in cascade: linear MPCs and
       nonlinear MPCs depend on each other
       common node: 1258 in direction 1

 Determining the structure of the matrix:
 number of equations
 16516
 number of nonzero lower triangular matrix elements
 390038

 Using up to 1 cpu(s) for the stress calculation.

 Using up to 1 cpu(s) for the symmetric stiffness/mass contributions.

 Factoring the system of equations using the symmetric spooles solver
 Using up to 1 cpu(s) for spooles.

 Using up to 1 cpu(s) for the stress calculation.

 average force= 0.197400
 time avg. forc= 0.197400
 largest residual force= 458.099370 in node 1007 and dof 1
 largest increment of disp= 1.026763e-02
 largest correction to disp= 1.936307e-06 in node 683 and dof 3

 no convergence

 iteration 3

 Decascading the MPC's

*INFO in cascade: linear MPCs and
       nonlinear MPCs depend on each other
       common node: 1258 in direction 1

 Determining the structure of the matrix:
 number of equations
 16516
 number of nonzero lower triangular matrix elements
 390038

 Using up to 1 cpu(s) for the stress calculation.

 Using up to 1 cpu(s) for the symmetric stiffness/mass contributions.

 Factoring the system of equations using the symmetric spooles solver
 Using up to 1 cpu(s) for spooles.

 Using up to 1 cpu(s) for the stress calculation.

 average force= 0.197400
 time avg. forc= 0.197400
 largest residual force= 458.086780 in node 1040 and dof 1
 largest increment of disp= 1.026763e-02
 largest correction to disp= 6.573077e-11 in node 189 and dof 1

 no convergence

 iteration 4

 Decascading the MPC's

*INFO in cascade: linear MPCs and
       nonlinear MPCs depend on each other
       common node: 1258 in direction 1

 Determining the structure of the matrix:
 number of equations
 16516
 number of nonzero lower triangular matrix elements
 390038

 Using up to 1 cpu(s) for the stress calculation.

 Using up to 1 cpu(s) for the symmetric stiffness/mass contributions.

 Factoring the system of equations using the symmetric spooles solver
 Using up to 1 cpu(s) for spooles.

 Using up to 1 cpu(s) for the stress calculation.

 average force= 0.197400
 time avg. forc= 0.197400
 largest residual force= 458.086780 in node 1040 and dof 1
 largest increment of disp= 1.026763e-02
 largest correction to disp= 1.989511e-11 in node 288 and dof 2

 no convergence

 iteration 5

 Decascading the MPC's

*INFO in cascade: linear MPCs and
       nonlinear MPCs depend on each other
       common node: 1258 in direction 1

 Determining the structure of the matrix:
 number of equations
 16516
 number of nonzero lower triangular matrix elements
 390038

 Using up to 1 cpu(s) for the stress calculation.

 Using up to 1 cpu(s) for the symmetric stiffness/mass contributions.

 Factoring the system of equations using the symmetric spooles solver
 Using up to 1 cpu(s) for spooles.

 Using up to 1 cpu(s) for the stress calculation.

 average force= 0.197400
 time avg. forc= 0.197400
 largest residual force= 458.086780 in node 1040 and dof 1
 largest increment of disp= 1.026763e-02
 largest correction to disp= 1.990182e-11 in node 288 and dof 2

 no convergence

 iteration 6

 Decascading the MPC's

*INFO in cascade: linear MPCs and
       nonlinear MPCs depend on each other
       common node: 1258 in direction 1

 Determining the structure of the matrix:
 number of equations
 16516
 number of nonzero lower triangular matrix elements
 390038

 Using up to 1 cpu(s) for the stress calculation.

 Using up to 1 cpu(s) for the symmetric stiffness/mass contributions.

 Factoring the system of equations using the symmetric spooles solver
 Using up to 1 cpu(s) for spooles.

 Using up to 1 cpu(s) for the stress calculation.

 average force= 0.197400
 time avg. forc= 0.197400
 largest residual force= 458.086780 in node 1040 and dof 1
 largest increment of disp= 1.026763e-02
 largest correction to disp= 1.989172e-11 in node 288 and dof 2

 divergence; the increment size is decreased to 1.562500e-06
 the increment is reattempted

 increment 1 attempt 4 
 increment size= 1.562500e-06
 sum of previous increments=0.000000e+00
 actual step time=1.562500e-06
 actual total time=1.562500e-06

 iteration 1

 Decascading the MPC's

*INFO in cascade: linear MPCs and
       nonlinear MPCs depend on each other
       common node: 1258 in direction 1

 Determining the structure of the matrix:
 number of equations
 16516
 number of nonzero lower triangular matrix elements
 390038

 Using up to 1 cpu(s) for the stress calculation.

 Using up to 1 cpu(s) for the symmetric stiffness/mass contributions.

 Factoring the system of equations using the symmetric spooles solver
 Using up to 1 cpu(s) for spooles.

 Using up to 1 cpu(s) for the stress calculation.

 average force= 0.048693
 time avg. forc= 0.048693
 largest residual force= 0.023529 in node 10497 and dof 1
 largest increment of disp= 2.566908e-03
 largest correction to disp= 2.566908e-03 in node 690 and dof 3

 no convergence

 iteration 2

 Decascading the MPC's

*INFO in cascade: linear MPCs and
       nonlinear MPCs depend on each other
       common node: 1258 in direction 1

 Determining the structure of the matrix:
 number of equations
 16516
 number of nonzero lower triangular matrix elements
 390038

 Using up to 1 cpu(s) for the stress calculation.

 Using up to 1 cpu(s) for the symmetric stiffness/mass contributions.

 Factoring the system of equations using the symmetric spooles solver
 Using up to 1 cpu(s) for spooles.

 Using up to 1 cpu(s) for the stress calculation.

 average force= 0.049351
 time avg. forc= 0.049351
 largest residual force= 114.524843 in node 1007 and dof 1
 largest increment of disp= 2.566908e-03
 largest correction to disp= 1.211609e-07 in node 683 and dof 3

 no convergence

 iteration 3

 Decascading the MPC's

*INFO in cascade: linear MPCs and
       nonlinear MPCs depend on each other
       common node: 1258 in direction 1

 Determining the structure of the matrix:
 number of equations
 16516
 number of nonzero lower triangular matrix elements
 390038

 Using up to 1 cpu(s) for the stress calculation.

 Using up to 1 cpu(s) for the symmetric stiffness/mass contributions.

 Factoring the system of equations using the symmetric spooles solver
 Using up to 1 cpu(s) for spooles.

 Using up to 1 cpu(s) for the stress calculation.

 average force= 0.049351
 time avg. forc= 0.049351
 largest residual force= 114.524053 in node 1040 and dof 1
 largest increment of disp= 2.566908e-03
 largest correction to disp= 7.753528e-11 in node 288 and dof 2

 no convergence

 iteration 4

 Decascading the MPC's

*INFO in cascade: linear MPCs and
       nonlinear MPCs depend on each other
       common node: 1258 in direction 1

 Determining the structure of the matrix:
 number of equations
 16516
 number of nonzero lower triangular matrix elements
 390038

 Using up to 1 cpu(s) for the stress calculation.

 Using up to 1 cpu(s) for the symmetric stiffness/mass contributions.

 Factoring the system of equations using the symmetric spooles solver
 Using up to 1 cpu(s) for spooles.

 Using up to 1 cpu(s) for the stress calculation.

 average force= 0.049351
 time avg. forc= 0.049351
 largest residual force= 114.524053 in node 1007 and dof 1
 largest increment of disp= 2.566908e-03
 largest correction to disp= 4.840944e-11 in node 288 and dof 2

 no convergence

 iteration 5

 Decascading the MPC's

*INFO in cascade: linear MPCs and
       nonlinear MPCs depend on each other
       common node: 1258 in direction 1

 Determining the structure of the matrix:
 number of equations
 16516
 number of nonzero lower triangular matrix elements
 390038

 Using up to 1 cpu(s) for the stress calculation.

 Using up to 1 cpu(s) for the symmetric stiffness/mass contributions.

 Factoring the system of equations using the symmetric spooles solver
 Using up to 1 cpu(s) for spooles.

 Using up to 1 cpu(s) for the stress calculation.

 average force= 0.049351
 time avg. forc= 0.049351
 largest residual force= 114.524053 in node 1040 and dof 1
 largest increment of disp= 2.566908e-03
 largest correction to disp= 7.753098e-11 in node 288 and dof 2


 *WARNING in calinput: no elastic constants 
  were assigned to material MASS
          in a (thermo)mechanical calculation

 *WARNING in calinput: no elastic constants 
  were assigned to material MASS
          in a (thermo)mechanical calculation

 *WARNING in calinput: no elastic constants 
  were assigned to material MASS
          in a (thermo)mechanical calculation

 *WARNING in calinput: no elastic constants 
  were assigned to material MASS
          in a (thermo)mechanical calculation

 *WARNING in calinput: no elastic constants 
  were assigned to material MASS
          in a (thermo)mechanical calculation

 *WARNING in calinput: no elastic constants 
  were assigned to material MASS
          in a (thermo)mechanical calculation

 *WARNING in calinput: no elastic constants 
  were assigned to material MASS
          in a (thermo)mechanical calculation

 *WARNING in calinput: no elastic constants 
  were assigned to material MASS
          in a (thermo)mechanical calculation

 *WARNING in calinput: no elastic constants 
  were assigned to material MASS
          in a (thermo)mechanical calculation

 *WARNING in calinput: no elastic constants 
  were assigned to material MASS
          in a (thermo)mechanical calculation

 *WARNING in calinput: no elastic constants 
  were assigned to material MASS
          in a (thermo)mechanical calculation

 *WARNING in calinput: no elastic constants 
  were assigned to material MASS
          in a (thermo)mechanical calculation

 *WARNING in calinput: no elastic constants 
  were assigned to material MASS
          in a (thermo)mechanical calculation

 *WARNING in calinput: no elastic constants 
  were assigned to material MASS
          in a (thermo)mechanical calculation

 *WARNING in calinput: no elastic constants 
  were assigned to material MASS
          in a (thermo)mechanical calculation

 *WARNING in calinput: no elastic constants 
  were assigned to material MASS
          in a (thermo)mechanical calculation

 *WARNING in calinput: no elastic constants 
  were assigned to material MASS
          in a (thermo)mechanical calculation

 *WARNING in calinput: no elastic constants 
  were assigned to material MASS
          in a (thermo)mechanical calculation

 *WARNING in calinput: no elastic constants 
  were assigned to material MASS
          in a (thermo)mechanical calculation

 *WARNING in calinput: no elastic constants 
  were assigned to material MASS
          in a (thermo)mechanical calculation

 *WARNING in calinput: no elastic constants 
  were assigned to material MASS
          in a (thermo)mechanical calculation

 *WARNING in calinput: no elastic constants 
  were assigned to material MASS
          in a (thermo)mechanical calculation

 *WARNING in calinput: no elastic constants 
  were assigned to material MASS
          in a (thermo)mechanical calculation

 *WARNING in calinput: no elastic constants 
  were assigned to material MASS
          in a (thermo)mechanical calculation

 *WARNING in calinput: no elastic constants 
  were assigned to material MASS
          in a (thermo)mechanical calculation

 *WARNING in calinput: no elastic constants 
  were assigned to material MASS
          in a (thermo)mechanical calculation

 *WARNING in calinput: no elastic constants 
  were assigned to material MASS
          in a (thermo)mechanical calculation

 *WARNING in calinput: no elastic constants 
  were assigned to material MASS
          in a (thermo)mechanical calculation

 *WARNING in calinput: no elastic constants 
  were assigned to material MASS
          in a (thermo)mechanical calculation

 *WARNING in calinput: no elastic constants 
  were assigned to material MASS
          in a (thermo)mechanical calculation


 STEP            1

 Static analysis was selected

 Newton-Raphson iterative procedure is active

 Nonlinear geometric effects are taken into account

 divergence; the increment size is decreased to 3.906250e-07
 the increment is reattempted


 *ERROR: increment size smaller than minimum
 best solution and residuals are in the frd file

